<html>
<body>
<pre>
<h1>µVision Build Log</h1>
<h2>Tool Versions:</h2>
IDE-Version: µVision V5.36.0.0
Copyright (C) 2021 ARM Ltd and ARM Germany GmbH. All rights reserved.
License Information: Mateusz Michalak, Politechnika Wroc³awska, LIC=----
 
Tool Versions:
Toolchain:       MDK-Lite  Version: 5.36.0.0
Toolchain Path:  C:\Keil_v5\ARM\ARMCC\Bin
C Compiler:      Armcc.exe V5.06 update 7 (build 960)
Assembler:       Armasm.exe V5.06 update 7 (build 960)
Linker/Locator:  ArmLink.exe V5.06 update 7 (build 960)
Library Manager: ArmAr.exe V5.06 update 7 (build 960)
Hex Converter:   FromElf.exe V5.06 update 7 (build 960)
CPU DLL:         SARMCM3.DLL V5.36.0.0
Dialog DLL:      DARMCM1.DLL V1.19.4.0
Target DLL:      STLink\ST-LINKIII-KEIL_SWO.dll V3.0.9.0
Dialog DLL:      TARMCM1.DLL V1.14.4.0
 
<h2>Project:</h2>
C:\Users\matim\Desktop\Nowy folder (3)\Projekt_systemy_wbudowane\Project.uvprojx
Project File Date:  01/07/2022

<h2>Output:</h2>
*** Using Compiler 'V5.06 update 7 (build 960)', folder: 'C:\Keil_v5\ARM\ARMCC\Bin'
Rebuild target 'STM32L053C8-Discovery'
compiling stmCriticalSection.c...
compiling tsl_acq_tsc.c...
compiling stm32l0xx_it.c...
compiling system_stm32l0xx.c...
compiling stm32l0xx_hal_msp.c...
compiling tsl_dxs.c...
compiling tsl.c...
compiling bsp.c...
compiling tsl_user.c...
compiling tsl_acq.c...
compiling main.c...
compiling tsl_ecs.c...
compiling tsl_globals.c...
compiling tsl_filter.c...
compiling tsl_object.c...
compiling stm32l0xx_hal_adc.c...
compiling tsl_touchkey.c...
compiling stm32l0xx_hal_adc_ex.c...
compiling tsl_time.c...
compiling stm32l0xx_hal_comp.c...
compiling stm32l0xx_hal.c...
compiling stm32l0xx_hal_cortex.c...
compiling stm32l0xx_hal_crc.c...
compiling stm32l0xx_hal_crc_ex.c...
compiling tsl_linrot.c...
compiling stm32l0xx_hal_cryp.c...
compiling stm32l0xx_hal_cryp_ex.c...
compiling stm32l0xx_hal_dac_ex.c...
compiling stm32l0xx_hal_dac.c...
compiling stm32l0xx_hal_flash_ramfunc.c...
compiling stm32l0xx_hal_flash.c...
compiling stm32l0xx_hal_i2c.c...
compiling stm32l0xx_hal_flash_ex.c...
compiling stm32l0xx_hal_i2c_ex.c...
compiling stm32l0xx_hal_dma.c...
compiling stm32l0xx_hal_gpio.c...
compiling stm32l0xx_hal_irda.c...
compiling stm32l0xx_hal_iwdg.c...
compiling stm32l0xx_hal_pcd.c...
compiling stm32l0xx_hal_lptim.c...
compiling stm32l0xx_hal_i2s.c...
compiling stm32l0xx_hal_lcd.c...
compiling stm32l0xx_hal_pcd_ex.c...
compiling stm32l0xx_hal_pwr_ex.c...
compiling stm32l0xx_hal_pwr.c...
compiling stm32l0xx_hal_rcc_ex.c...
compiling stm32l0xx_hal_rng.c...
compiling stm32l0xx_hal_rcc.c...
compiling stm32l0xx_hal_rtc_ex.c...
compiling stm32l0xx_hal_rtc.c...
compiling stm32l0xx_hal_smartcard.c...
compiling stm32l0xx_hal_smbus.c...
compiling stm32l0xx_hal_smartcard_ex.c...
compiling stm32l0xx_hal_tim_ex.c...
compiling stm32l0xx_hal_tim.c...
assembling startup_stm32l053xx.s...
compiling stm32l0xx_hal_wwdg.c...
compiling stm32l0xx_hal_uart.c...
compiling stm32l0xx_hal_tsc.c...
compiling stm32l0xx_hal_spi.c...
compiling stm32l0xx_hal_usart.c...
compiling stm32l0xx_hal_uart_ex.c...
compiling stm32l0538_discovery.c...
compiling gde021a1.c...
compiling stm32l0538_discovery_epd.c...
linking...
Program Size: Code=12532 RO-data=13488 RW-data=268 ZI-data=1300  
"STM32L0xx_Discovery\STM32L0xx_Discovery.axf" - 0 Error(s), 0 Warning(s).

<h2>Software Packages used:</h2>

Package Vendor: Keil
                http://www.keil.com/pack/Keil.STM32L0xx_DFP.2.2.0.pack
                Keil.STM32L0xx_DFP.2.2.0
                STMicroelectronics STM32L0 Series Device Support, Drivers and Examples

<h2>Collection of Component include folders:</h2>
  C:\Users\matim\AppData\Local\Arm\Packs\Keil\STM32L0xx_DFP\2.2.0\Drivers\CMSIS\Device\ST\STM32L0xx\Include

<h2>Collection of Component Files used:</h2>
Build Time Elapsed:  00:00:03
</pre>
</body>
</html>
