Component: ARM Compiler 5.06 update 7 (build 960) Tool: armlink [4d3601]

==============================================================================

Section Cross References

    main.o(i.CheckDecision) refers to main.o(i.GameOver) for GameOver
    main.o(i.CheckDecision) refers to main.o(i.YouWon) for YouWon
    main.o(i.CheckDecision) refers to main.o(.data) for .data
    main.o(i.CheckDecision) refers to main.o(.bss) for .bss
    main.o(i.DrawHead) refers to stm32l0538_discovery_epd.o(i.BSP_EPD_Clear) for BSP_EPD_Clear
    main.o(i.DrawHead) refers to uidiv.o(.text) for __aeabi_uidivmod
    main.o(i.DrawHead) refers to stm32l0538_discovery_epd.o(i.BSP_EPD_DisplayStringAt) for BSP_EPD_DisplayStringAt
    main.o(i.DrawHead) refers to stm32l0538_discovery_epd.o(i.BSP_EPD_DrawRect) for BSP_EPD_DrawRect
    main.o(i.DrawHead) refers to stm32l0538_discovery_epd.o(i.BSP_EPD_RefreshDisplay) for BSP_EPD_RefreshDisplay
    main.o(i.DrawHead) refers to main.o(.data) for .data
    main.o(i.DrawHead) refers to main.o(.bss) for .bss
    main.o(i.GameOver) refers to printf1.o(i.__0sprintf$1) for __2sprintf
    main.o(i.GameOver) refers to stm32l0538_discovery_epd.o(i.BSP_EPD_Clear) for BSP_EPD_Clear
    main.o(i.GameOver) refers to stm32l0538_discovery_epd.o(i.BSP_EPD_DisplayStringAt) for BSP_EPD_DisplayStringAt
    main.o(i.GameOver) refers to stm32l0538_discovery_epd.o(i.BSP_EPD_RefreshDisplay) for BSP_EPD_RefreshDisplay
    main.o(i.GameOver) refers to main.o(.data) for .data
    main.o(i.GenerateNumbers) refers to stm32l0xx_hal.o(i.HAL_GetTick) for HAL_GetTick
    main.o(i.GenerateNumbers) refers to rand.o(.text) for srand
    main.o(i.GenerateNumbers) refers to idiv.o(.text) for __aeabi_idivmod
    main.o(i.GenerateNumbers) refers to main.o(.data) for .data
    main.o(i.GenerateNumbers) refers to main.o(.bss) for .bss
    main.o(i.GenerateStartScreen) refers to stm32l0538_discovery_epd.o(i.BSP_EPD_Clear) for BSP_EPD_Clear
    main.o(i.GenerateStartScreen) refers to stm32l0538_discovery_epd.o(i.BSP_EPD_DisplayStringAt) for BSP_EPD_DisplayStringAt
    main.o(i.GenerateStartScreen) refers to stm32l0538_discovery_epd.o(i.BSP_EPD_RefreshDisplay) for BSP_EPD_RefreshDisplay
    main.o(i.MoveDown) refers to main.o(i.DrawHead) for DrawHead
    main.o(i.MoveDown) refers to main.o(.data) for .data
    main.o(i.MoveLeft) refers to main.o(i.DrawHead) for DrawHead
    main.o(i.MoveLeft) refers to main.o(.data) for .data
    main.o(i.MoveRight) refers to main.o(i.DrawHead) for DrawHead
    main.o(i.MoveRight) refers to main.o(.data) for .data
    main.o(i.MoveUp) refers to main.o(i.DrawHead) for DrawHead
    main.o(i.MoveUp) refers to main.o(.data) for .data
    main.o(i.Process_Sensors) refers to stm32l0538_discovery.o(i.BSP_LED_On) for BSP_LED_On
    main.o(i.Process_Sensors) refers to stm32l0538_discovery.o(i.BSP_LED_Off) for BSP_LED_Off
    main.o(i.Process_Sensors) refers to main.o(i.MoveUp) for MoveUp
    main.o(i.Process_Sensors) refers to main.o(i.MoveDown) for MoveDown
    main.o(i.Process_Sensors) refers to main.o(i.MoveRight) for MoveRight
    main.o(i.Process_Sensors) refers to main.o(i.MoveLeft) for MoveLeft
    main.o(i.Process_Sensors) refers to tsl_user.o(.constdata) for MyLinRots
    main.o(i.Process_Sensors) refers to main.o(.data) for .data
    main.o(i.ShowNumbers) refers to stm32l0538_discovery_epd.o(i.BSP_EPD_Clear) for BSP_EPD_Clear
    main.o(i.ShowNumbers) refers to stm32l0538_discovery_epd.o(i.BSP_EPD_SetFont) for BSP_EPD_SetFont
    main.o(i.ShowNumbers) refers to printf1.o(i.__0sprintf$1) for __2sprintf
    main.o(i.ShowNumbers) refers to uidiv.o(.text) for __aeabi_uidivmod
    main.o(i.ShowNumbers) refers to stm32l0538_discovery_epd.o(i.BSP_EPD_DisplayStringAt) for BSP_EPD_DisplayStringAt
    main.o(i.ShowNumbers) refers to stm32l0538_discovery_epd.o(i.BSP_EPD_DrawRect) for BSP_EPD_DrawRect
    main.o(i.ShowNumbers) refers to stm32l0538_discovery_epd.o(i.BSP_EPD_RefreshDisplay) for BSP_EPD_RefreshDisplay
    main.o(i.ShowNumbers) refers to stm32l0538_discovery_epd.o(.data) for Font20
    main.o(i.ShowNumbers) refers to main.o(.bss) for .bss
    main.o(i.YouWon) refers to printf1.o(i.__0sprintf$1) for __2sprintf
    main.o(i.YouWon) refers to stm32l0538_discovery_epd.o(i.BSP_EPD_Clear) for BSP_EPD_Clear
    main.o(i.YouWon) refers to stm32l0538_discovery_epd.o(i.BSP_EPD_DisplayStringAt) for BSP_EPD_DisplayStringAt
    main.o(i.YouWon) refers to stm32l0538_discovery_epd.o(i.BSP_EPD_RefreshDisplay) for BSP_EPD_RefreshDisplay
    main.o(i.YouWon) refers to main.o(.data) for .data
    main.o(i.main) refers to stm32l0xx_hal.o(i.HAL_Init) for HAL_Init
    main.o(i.main) refers to stm32l0538_discovery_epd.o(i.BSP_EPD_Init) for BSP_EPD_Init
    main.o(i.main) refers to stm32l0538_discovery.o(i.BSP_PB_Init) for BSP_PB_Init
    main.o(i.main) refers to stm32l0538_discovery.o(i.BSP_LED_Init) for BSP_LED_Init
    main.o(i.main) refers to stm32l0xx_hal_rcc.o(i.HAL_RCC_OscConfig) for HAL_RCC_OscConfig
[...]
    Drivers\STM32L0xx_HAL_Driver\Src\stm32l0xx_hal_cortex.c 0x00000000   Number         0  stm32l0xx_hal_cortex.o ABSOLUTE
    Drivers\STM32L0xx_HAL_Driver\Src\stm32l0xx_hal_crc.c 0x00000000   Number         0  stm32l0xx_hal_crc.o ABSOLUTE
    Drivers\STM32L0xx_HAL_Driver\Src\stm32l0xx_hal_crc_ex.c 0x00000000   Number         0  stm32l0xx_hal_crc_ex.o ABSOLUTE
    Drivers\STM32L0xx_HAL_Driver\Src\stm32l0xx_hal_cryp.c 0x00000000   Number         0  stm32l0xx_hal_cryp.o ABSOLUTE
    Drivers\STM32L0xx_HAL_Driver\Src\stm32l0xx_hal_cryp_ex.c 0x00000000   Number         0  stm32l0xx_hal_cryp_ex.o ABSOLUTE
    Drivers\STM32L0xx_HAL_Driver\Src\stm32l0xx_hal_dac.c 0x00000000   Number         0  stm32l0xx_hal_dac.o ABSOLUTE
    Drivers\STM32L0xx_HAL_Driver\Src\stm32l0xx_hal_dac_ex.c 0x00000000   Number         0  stm32l0xx_hal_dac_ex.o ABSOLUTE
    Drivers\STM32L0xx_HAL_Driver\Src\stm32l0xx_hal_dma.c 0x00000000   Number         0  stm32l0xx_hal_dma.o ABSOLUTE
    Drivers\STM32L0xx_HAL_Driver\Src\stm32l0xx_hal_flash.c 0x00000000   Number         0  stm32l0xx_hal_flash.o ABSOLUTE
    Drivers\STM32L0xx_HAL_Driver\Src\stm32l0xx_hal_flash_ex.c 0x00000000   Number         0  stm32l0xx_hal_flash_ex.o ABSOLUTE
    Drivers\STM32L0xx_HAL_Driver\Src\stm32l0xx_hal_flash_ramfunc.c 0x00000000   Number         0  stm32l0xx_hal_flash_ramfunc.o ABSOLUTE
    Drivers\STM32L0xx_HAL_Driver\Src\stm32l0xx_hal_gpio.c 0x00000000   Number         0  stm32l0xx_hal_gpio.o ABSOLUTE
    Drivers\STM32L0xx_HAL_Driver\Src\stm32l0xx_hal_i2c.c 0x00000000   Number         0  stm32l0xx_hal_i2c.o ABSOLUTE
    Drivers\STM32L0xx_HAL_Driver\Src\stm32l0xx_hal_i2c_ex.c 0x00000000   Number         0  stm32l0xx_hal_i2c_ex.o ABSOLUTE
    Drivers\STM32L0xx_HAL_Driver\Src\stm32l0xx_hal_i2s.c 0x00000000   Number         0  stm32l0xx_hal_i2s.o ABSOLUTE
    Drivers\STM32L0xx_HAL_Driver\Src\stm32l0xx_hal_irda.c 0x00000000   Number         0  stm32l0xx_hal_irda.o ABSOLUTE
    Drivers\STM32L0xx_HAL_Driver\Src\stm32l0xx_hal_iwdg.c 0x00000000   Number         0  stm32l0xx_hal_iwdg.o ABSOLUTE
    Drivers\STM32L0xx_HAL_Driver\Src\stm32l0xx_hal_lcd.c 0x00000000   Number         0  stm32l0xx_hal_lcd.o ABSOLUTE
    Drivers\STM32L0xx_HAL_Driver\Src\stm32l0xx_hal_lptim.c 0x00000000   Number         0  stm32l0xx_hal_lptim.o ABSOLUTE
    Drivers\STM32L0xx_HAL_Driver\Src\stm32l0xx_hal_pcd.c 0x00000000   Number         0  stm32l0xx_hal_pcd.o ABSOLUTE
    Drivers\STM32L0xx_HAL_Driver\Src\stm32l0xx_hal_pcd_ex.c 0x00000000   Number         0  stm32l0xx_hal_pcd_ex.o ABSOLUTE
    Drivers\STM32L0xx_HAL_Driver\Src\stm32l0xx_hal_pwr.c 0x00000000   Number         0  stm32l0xx_hal_pwr.o ABSOLUTE
    Drivers\STM32L0xx_HAL_Driver\Src\stm32l0xx_hal_pwr_ex.c 0x00000000   Number         0  stm32l0xx_hal_pwr_ex.o ABSOLUTE
    Drivers\STM32L0xx_HAL_Driver\Src\stm32l0xx_hal_rcc.c 0x00000000   Number         0  stm32l0xx_hal_rcc.o ABSOLUTE
    Drivers\STM32L0xx_HAL_Driver\Src\stm32l0xx_hal_rcc_ex.c 0x00000000   Number         0  stm32l0xx_hal_rcc_ex.o ABSOLUTE
    Drivers\STM32L0xx_HAL_Driver\Src\stm32l0xx_hal_rng.c 0x00000000   Number         0  stm32l0xx_hal_rng.o ABSOLUTE
    Drivers\STM32L0xx_HAL_Driver\Src\stm32l0xx_hal_rtc.c 0x00000000   Number         0  stm32l0xx_hal_rtc.o ABSOLUTE
    Drivers\STM32L0xx_HAL_Driver\Src\stm32l0xx_hal_rtc_ex.c 0x00000000   Number         0  stm32l0xx_hal_rtc_ex.o ABSOLUTE
    Drivers\STM32L0xx_HAL_Driver\Src\stm32l0xx_hal_smartcard.c 0x00000000   Number         0  stm32l0xx_hal_smartcard.o ABSOLUTE
    Drivers\STM32L0xx_HAL_Driver\Src\stm32l0xx_hal_smartcard_ex.c 0x00000000   Number         0  stm32l0xx_hal_smartcard_ex.o ABSOLUTE
    Drivers\STM32L0xx_HAL_Driver\Src\stm32l0xx_hal_smbus.c 0x00000000   Number         0  stm32l0xx_hal_smbus.o ABSOLUTE
    Drivers\STM32L0xx_HAL_Driver\Src\stm32l0xx_hal_spi.c 0x00000000   Number         0  stm32l0xx_hal_spi.o ABSOLUTE
    Drivers\STM32L0xx_HAL_Driver\Src\stm32l0xx_hal_tim.c 0x00000000   Number         0  stm32l0xx_hal_tim.o ABSOLUTE
    Drivers\STM32L0xx_HAL_Driver\Src\stm32l0xx_hal_tim_ex.c 0x00000000   Number         0  stm32l0xx_hal_tim_ex.o ABSOLUTE
    Drivers\STM32L0xx_HAL_Driver\Src\stm32l0xx_hal_tsc.c 0x00000000   Number         0  stm32l0xx_hal_tsc.o ABSOLUTE
    Drivers\STM32L0xx_HAL_Driver\Src\stm32l0xx_hal_uart.c 0x00000000   Number         0  stm32l0xx_hal_uart.o ABSOLUTE
    Drivers\STM32L0xx_HAL_Driver\Src\stm32l0xx_hal_uart_ex.c 0x00000000   Number         0  stm32l0xx_hal_uart_ex.o ABSOLUTE
    Drivers\STM32L0xx_HAL_Driver\Src\stm32l0xx_hal_usart.c 0x00000000   Number         0  stm32l0xx_hal_usart.o ABSOLUTE
    Drivers\STM32L0xx_HAL_Driver\Src\stm32l0xx_hal_wwdg.c 0x00000000   Number         0  stm32l0xx_hal_wwdg.o ABSOLUTE
    Drivers\\BSP\\STM32L0538-Discovery\\stm32l0538_discovery.c 0x00000000   Number         0  stm32l0538_discovery.o ABSOLUTE
    Drivers\\BSP\\STM32L0538-Discovery\\stm32l0538_discovery_epd.c 0x00000000   Number         0  stm32l0538_discovery_epd.o ABSOLUTE
    Drivers\\STM32L0xx_HAL_Driver\\Src\\stm32l0xx_hal.c 0x00000000   Number         0  stm32l0xx_hal.o ABSOLUTE
    Drivers\\STM32L0xx_HAL_Driver\\Src\\stm32l0xx_hal_adc.c 0x00000000   Number         0  stm32l0xx_hal_adc.o ABSOLUTE
    Drivers\\STM32L0xx_HAL_Driver\\Src\\stm32l0xx_hal_adc_ex.c 0x00000000   Number         0  stm32l0xx_hal_adc_ex.o ABSOLUTE
    Drivers\\STM32L0xx_HAL_Driver\\Src\\stm32l0xx_hal_comp.c 0x00000000   Number         0  stm32l0xx_hal_comp.o ABSOLUTE
    Drivers\\STM32L0xx_HAL_Driver\\Src\\stm32l0xx_hal_cortex.c 0x00000000   Number         0  stm32l0xx_hal_cortex.o ABSOLUTE
    Drivers\\STM32L0xx_HAL_Driver\\Src\\stm32l0xx_hal_crc.c 0x00000000   Number         0  stm32l0xx_hal_crc.o ABSOLUTE
    Drivers\\STM32L0xx_HAL_Driver\\Src\\stm32l0xx_hal_crc_ex.c 0x00000000   Number         0  stm32l0xx_hal_crc_ex.o ABSOLUTE
    Drivers\\STM32L0xx_HAL_Driver\\Src\\stm32l0xx_hal_cryp.c 0x00000000   Number         0  stm32l0xx_hal_cryp.o ABSOLUTE
    Drivers\\STM32L0xx_HAL_Driver\\Src\\stm32l0xx_hal_cryp_ex.c 0x00000000   Number         0  stm32l0xx_hal_cryp_ex.o ABSOLUTE
    Drivers\\STM32L0xx_HAL_Driver\\Src\\stm32l0xx_hal_dac.c 0x00000000   Number         0  stm32l0xx_hal_dac.o ABSOLUTE
    Drivers\\STM32L0xx_HAL_Driver\\Src\\stm32l0xx_hal_dac_ex.c 0x00000000   Number         0  stm32l0xx_hal_dac_ex.o ABSOLUTE
    Drivers\\STM32L0xx_HAL_Driver\\Src\\stm32l0xx_hal_dma.c 0x00000000   Number         0  stm32l0xx_hal_dma.o ABSOLUTE
    Drivers\\STM32L0xx_HAL_Driver\\Src\\stm32l0xx_hal_flash.c 0x00000000   Number         0  stm32l0xx_hal_flash.o ABSOLUTE
    Drivers\\STM32L0xx_HAL_Driver\\Src\\stm32l0xx_hal_flash_ex.c 0x00000000   Number         0  stm32l0xx_hal_flash_ex.o ABSOLUTE
    Drivers\\STM32L0xx_HAL_Driver\\Src\\stm32l0xx_hal_flash_ramfunc.c 0x00000000   Number         0  stm32l0xx_hal_flash_ramfunc.o ABSOLUTE
    Drivers\\STM32L0xx_HAL_Driver\\Src\\stm32l0xx_hal_gpio.c 0x00000000   Number         0  stm32l0xx_hal_gpio.o ABSOLUTE
    Drivers\\STM32L0xx_HAL_Driver\\Src\\stm32l0xx_hal_i2c.c 0x00000000   Number         0  stm32l0xx_hal_i2c.o ABSOLUTE
    Drivers\\STM32L0xx_HAL_Driver\\Src\\stm32l0xx_hal_i2c_ex.c 0x00000000   Number         0  stm32l0xx_hal_i2c_ex.o ABSOLUTE
    Drivers\\STM32L0xx_HAL_Driver\\Src\\stm32l0xx_hal_i2s.c 0x00000000   Number         0  stm32l0xx_hal_i2s.o ABSOLUTE
    Drivers\\STM32L0xx_HAL_Driver\\Src\\stm32l0xx_hal_irda.c 0x00000000   Number         0  stm32l0xx_hal_irda.o ABSOLUTE
    Drivers\\STM32L0xx_HAL_Driver\\Src\\stm32l0xx_hal_iwdg.c 0x00000000   Number         0  stm32l0xx_hal_iwdg.o ABSOLUTE
    Drivers\\STM32L0xx_HAL_Driver\\Src\\stm32l0xx_hal_lcd.c 0x00000000   Number         0  stm32l0xx_hal_lcd.o ABSOLUTE
    Drivers\\STM32L0xx_HAL_Driver\\Src\\stm32l0xx_hal_lptim.c 0x00000000   Number         0  stm32l0xx_hal_lptim.o ABSOLUTE
    Drivers\\STM32L0xx_HAL_Driver\\Src\\stm32l0xx_hal_pcd.c 0x00000000   Number         0  stm32l0xx_hal_pcd.o ABSOLUTE
    Drivers\\STM32L0xx_HAL_Driver\\Src\\stm32l0xx_hal_pcd_ex.c 0x00000000   Number         0  stm32l0xx_hal_pcd_ex.o ABSOLUTE
    Drivers\\STM32L0xx_HAL_Driver\\Src\\stm32l0xx_hal_pwr.c 0x00000000   Number         0  stm32l0xx_hal_pwr.o ABSOLUTE
    Drivers\\STM32L0xx_HAL_Driver\\Src\\stm32l0xx_hal_pwr_ex.c 0x00000000   Number         0  stm32l0xx_hal_pwr_ex.o ABSOLUTE
    Drivers\\STM32L0xx_HAL_Driver\\Src\\stm32l0xx_hal_rcc.c 0x00000000   Number         0  stm32l0xx_hal_rcc.o ABSOLUTE
    Drivers\\STM32L0xx_HAL_Driver\\Src\\stm32l0xx_hal_rcc_ex.c 0x00000000   Number         0  stm32l0xx_hal_rcc_ex.o ABSOLUTE
    Drivers\\STM32L0xx_HAL_Driver\\Src\\stm32l0xx_hal_rng.c 0x00000000   Number         0  stm32l0xx_hal_rng.o ABSOLUTE
    Drivers\\STM32L0xx_HAL_Driver\\Src\\stm32l0xx_hal_rtc.c 0x00000000   Number         0  stm32l0xx_hal_rtc.o ABSOLUTE
    Drivers\\STM32L0xx_HAL_Driver\\Src\\stm32l0xx_hal_rtc_ex.c 0x00000000   Number         0  stm32l0xx_hal_rtc_ex.o ABSOLUTE
    Drivers\\STM32L0xx_HAL_Driver\\Src\\stm32l0xx_hal_smartcard.c 0x00000000   Number         0  stm32l0xx_hal_smartcard.o ABSOLUTE
    Drivers\\STM32L0xx_HAL_Driver\\Src\\stm32l0xx_hal_smartcard_ex.c 0x00000000   Number         0  stm32l0xx_hal_smartcard_ex.o ABSOLUTE
    Drivers\\STM32L0xx_HAL_Driver\\Src\\stm32l0xx_hal_smbus.c 0x00000000   Number         0  stm32l0xx_hal_smbus.o ABSOLUTE
    Drivers\\STM32L0xx_HAL_Driver\\Src\\stm32l0xx_hal_spi.c 0x00000000   Number         0  stm32l0xx_hal_spi.o ABSOLUTE
    Drivers\\STM32L0xx_HAL_Driver\\Src\\stm32l0xx_hal_tim.c 0x00000000   Number         0  stm32l0xx_hal_tim.o ABSOLUTE
    Drivers\\STM32L0xx_HAL_Driver\\Src\\stm32l0xx_hal_tim_ex.c 0x00000000   Number         0  stm32l0xx_hal_tim_ex.o ABSOLUTE
    Drivers\\STM32L0xx_HAL_Driver\\Src\\stm32l0xx_hal_tsc.c 0x00000000   Number         0  stm32l0xx_hal_tsc.o ABSOLUTE
    Drivers\\STM32L0xx_HAL_Driver\\Src\\stm32l0xx_hal_uart.c 0x00000000   Number         0  stm32l0xx_hal_uart.o ABSOLUTE
    Drivers\\STM32L0xx_HAL_Driver\\Src\\stm32l0xx_hal_uart_ex.c 0x00000000   Number         0  stm32l0xx_hal_uart_ex.o ABSOLUTE
    Drivers\\STM32L0xx_HAL_Driver\\Src\\stm32l0xx_hal_usart.c 0x00000000   Number         0  stm32l0xx_hal_usart.o ABSOLUTE
    Drivers\\STM32L0xx_HAL_Driver\\Src\\stm32l0xx_hal_wwdg.c 0x00000000   Number         0  stm32l0xx_hal_wwdg.o ABSOLUTE
    Middlewares\ST\STM32_TouchSensing_Library\src\tsl.c 0x00000000   Number         0  tsl.o ABSOLUTE
    Middlewares\ST\STM32_TouchSensing_Library\src\tsl_acq.c 0x00000000   Number         0  tsl_acq.o ABSOLUTE
    Middlewares\ST\STM32_TouchSensing_Library\src\tsl_acq_tsc.c 0x00000000   Number         0  tsl_acq_tsc.o ABSOLUTE
    Middlewares\ST\STM32_TouchSensing_Library\src\tsl_dxs.c 0x00000000   Number         0  tsl_dxs.o ABSOLUTE
    Middlewares\ST\STM32_TouchSensing_Library\src\tsl_ecs.c 0x00000000   Number         0  tsl_ecs.o ABSOLUTE
    Middlewares\ST\STM32_TouchSensing_Library\src\tsl_filter.c 0x00000000   Number         0  tsl_filter.o ABSOLUTE
    Middlewares\ST\STM32_TouchSensing_Library\src\tsl_globals.c 0x00000000   Number         0  tsl_globals.o ABSOLUTE
    Middlewares\ST\STM32_TouchSensing_Library\src\tsl_linrot.c 0x00000000   Number         0  tsl_linrot.o ABSOLUTE
    Middlewares\ST\STM32_TouchSensing_Library\src\tsl_object.c 0x00000000   Number         0  tsl_object.o ABSOLUTE
    Middlewares\ST\STM32_TouchSensing_Library\src\tsl_time.c 0x00000000   Number         0  tsl_time.o ABSOLUTE
    Middlewares\ST\STM32_TouchSensing_Library\src\tsl_touchkey.c 0x00000000   Number         0  tsl_touchkey.o ABSOLUTE
    Middlewares\\ST\\STM32_TouchSensing_Library\\src\\tsl.c 0x00000000   Number         0  tsl.o ABSOLUTE
    Middlewares\\ST\\STM32_TouchSensing_Library\\src\\tsl_acq.c 0x00000000   Number         0  tsl_acq.o ABSOLUTE
    Middlewares\\ST\\STM32_TouchSensing_Library\\src\\tsl_acq_tsc.c 0x00000000   Number         0  tsl_acq_tsc.o ABSOLUTE
    Middlewares\\ST\\STM32_TouchSensing_Library\\src\\tsl_dxs.c 0x00000000   Number         0  tsl_dxs.o ABSOLUTE
    Middlewares\\ST\\STM32_TouchSensing_Library\\src\\tsl_ecs.c 0x00000000   Number         0  tsl_ecs.o ABSOLUTE
    Middlewares\\ST\\STM32_TouchSensing_Library\\src\\tsl_filter.c 0x00000000   Number         0  tsl_filter.o ABSOLUTE
    Middlewares\\ST\\STM32_TouchSensing_Library\\src\\tsl_globals.c 0x00000000   Number         0  tsl_globals.o ABSOLUTE
    Middlewares\\ST\\STM32_TouchSensing_Library\\src\\tsl_linrot.c 0x00000000   Number         0  tsl_linrot.o ABSOLUTE
    Middlewares\\ST\\STM32_TouchSensing_Library\\src\\tsl_object.c 0x00000000   Number         0  tsl_object.o ABSOLUTE
    Middlewares\\ST\\STM32_TouchSensing_Library\\src\\tsl_time.c 0x00000000   Number         0  tsl_time.o ABSOLUTE
    Middlewares\\ST\\STM32_TouchSensing_Library\\src\\tsl_touchkey.c 0x00000000   Number         0  tsl_touchkey.o ABSOLUTE
    Src\\bsp.c                               0x00000000   Number         0  bsp.o ABSOLUTE
    Src\\main.c                              0x00000000   Number         0  main.o ABSOLUTE
    Src\\stm32l0xx_hal_msp.c                 0x00000000   Number         0  stm32l0xx_hal_msp.o ABSOLUTE
    Src\\stm32l0xx_it.c                      0x00000000   Number         0  stm32l0xx_it.o ABSOLUTE
    Src\\system_stm32l0xx.c                  0x00000000   Number         0  system_stm32l0xx.o ABSOLUTE
    Src\\tsl_user.c                          0x00000000   Number         0  tsl_user.o ABSOLUTE
    Src\bsp.c                                0x00000000   Number         0  bsp.o ABSOLUTE
    Src\main.c                               0x00000000   Number         0  main.o ABSOLUTE
    Src\stm32l0xx_hal_msp.c                  0x00000000   Number         0  stm32l0xx_hal_msp.o ABSOLUTE
    Src\stm32l0xx_it.c                       0x00000000   Number         0  stm32l0xx_it.o ABSOLUTE
    Src\stmCriticalSection.c                 0x00000000   Number         0  stmcriticalsection.o ABSOLUTE
    Src\system_stm32l0xx.c                   0x00000000   Number         0  system_stm32l0xx.o ABSOLUTE
    Src\tsl_user.c                           0x00000000   Number         0  tsl_user.o ABSOLUTE
    cdrcmple.s                               0x00000000   Number         0  cdrcmple.o ABSOLUTE
    dc.s                                     0x00000000   Number         0  dc.o ABSOLUTE
    handlers.s                               0x00000000   Number         0  handlers.o ABSOLUTE
    init.s                                   0x00000000   Number         0  init.o ABSOLUTE
    RESET                                    0x08000000   Section      192  startup_stm32l053xx.o(RESET)
    .ARM.Collect$$$$00000000                 0x080000c0   Section        0  entry.o(.ARM.Collect$$$$00000000)
    .ARM.Collect$$$$00000001                 0x080000c0   Section        4  entry2.o(.ARM.Collect$$$$00000001)
    .ARM.Collect$$$$00000004                 0x080000c4   Section        4  entry5.o(.ARM.Collect$$$$00000004)
    .ARM.Collect$$$$00000008                 0x080000c8   Section        0  entry7b.o(.ARM.Collect$$$$00000008)
    .ARM.Collect$$$$0000000A                 0x080000c8   Section        0  entry8b.o(.ARM.Collect$$$$0000000A)
    .ARM.Collect$$$$0000000B                 0x080000c8   Section        8  entry9a.o(.ARM.Collect$$$$0000000B)
    .ARM.Collect$$$$0000000E                 0x080000d0   Section        4  entry12b.o(.ARM.Collect$$$$0000000E)
    .ARM.Collect$$$$0000000F                 0x080000d4   Section        0  entry10a.o(.ARM.Collect$$$$0000000F)
    .ARM.Collect$$$$00000011                 0x080000d4   Section        0  entry11a.o(.ARM.Collect$$$$00000011)
    .ARM.Collect$$$$00002712                 0x080000d4   Section        4  entry2.o(.ARM.Collect$$$$00002712)
    __lit__00000000                          0x080000d4   Data           4  entry2.o(.ARM.Collect$$$$00002712)
    .text                                    0x080000d8   Section       32  startup_stm32l053xx.o(.text)
    .text                                    0x080000f8   Section        0  uidiv.o(.text)
    .text                                    0x08000124   Section        0  idiv.o(.text)
    .text                                    0x0800014c   Section        0  rand.o(.text)
    .text                                    0x08000170   Section       36  init.o(.text)
    i.BSP_EPD_Clear                          0x08000194   Section        0  stm32l0538_discovery_epd.o(i.BSP_EPD_Clear)
    i.BSP_EPD_DisplayChar                    0x080001c4   Section        0  stm32l0538_discovery_epd.o(i.BSP_EPD_DisplayChar)
    i.BSP_EPD_DisplayStringAt                0x08000210   Section        0  stm32l0538_discovery_epd.o(i.BSP_EPD_DisplayStringAt)
    i.BSP_EPD_DrawHLine                      0x080002ac   Section        0  stm32l0538_discovery_epd.o(i.BSP_EPD_DrawHLine)
    i.BSP_EPD_DrawRect                       0x080002d8   Section        0  stm32l0538_discovery_epd.o(i.BSP_EPD_DrawRect)
    i.BSP_EPD_DrawVLine                      0x0800030c   Section        0  stm32l0538_discovery_epd.o(i.BSP_EPD_DrawVLine)
    i.BSP_EPD_GetXSize                       0x08000338   Section        0  stm32l0538_discovery_epd.o(i.BSP_EPD_GetXSize)
    i.BSP_EPD_Init                           0x08000344   Section        0  stm32l0538_discovery_epd.o(i.BSP_EPD_Init)
    i.BSP_EPD_RefreshDisplay                 0x08000370   Section        0  stm32l0538_discovery_epd.o(i.BSP_EPD_RefreshDisplay)
    i.BSP_EPD_SetFont                        0x080003a8   Section        0  stm32l0538_discovery_epd.o(i.BSP_EPD_SetFont)
    i.BSP_LED_Init                           0x080003b4   Section        0  stm32l0538_discovery.o(i.BSP_LED_Init)
    i.BSP_LED_Off                            0x08000400   Section        0  stm32l0538_discovery.o(i.BSP_LED_Off)
    i.BSP_LED_On                             0x08000420   Section        0  stm32l0538_discovery.o(i.BSP_LED_On)
    i.BSP_PB_GetState                        0x08000440   Section        0  stm32l0538_discovery.o(i.BSP_PB_GetState)
    i.BSP_PB_Init                            0x0800045c   Section        0  stm32l0538_discovery.o(i.BSP_PB_Init)
    i.CheckDecision                          0x080004cc   Section        0  main.o(i.CheckDecision)
    i.DebugMon_Handler                       0x08000554   Section        0  stm32l0xx_it.o(i.DebugMon_Handler)
    i.DrawHead                               0x08000558   Section        0  main.o(i.DrawHead)
    i.EPD_Delay                              0x08000618   Section        0  stm32l0538_discovery.o(i.EPD_Delay)
    i.EPD_IO_Init                            0x08000620   Section        0  stm32l0538_discovery.o(i.EPD_IO_Init)
    i.EPD_IO_WriteData                       0x080006d8   Section        0  stm32l0538_discovery.o(i.EPD_IO_WriteData)
    i.EPD_IO_WriteReg                        0x08000710   Section        0  stm32l0538_discovery.o(i.EPD_IO_WriteReg)
    i.GameOver                               0x08000748   Section        0  main.o(i.GameOver)
    i.GenerateNumbers                        0x080007a4   Section        0  main.o(i.GenerateNumbers)
    i.GenerateStartScreen                    0x08000858   Section        0  main.o(i.GenerateStartScreen)
    i.HAL_Delay                              0x080008b4   Section        0  stm32l0xx_hal.o(i.HAL_Delay)
    i.HAL_GPIO_Init                          0x080008cc   Section        0  stm32l0xx_hal_gpio.o(i.HAL_GPIO_Init)
    i.HAL_GPIO_ReadPin                       0x08000a40   Section        0  stm32l0xx_hal_gpio.o(i.HAL_GPIO_ReadPin)
    i.HAL_GPIO_WritePin                      0x08000a4a   Section        0  stm32l0xx_hal_gpio.o(i.HAL_GPIO_WritePin)
    i.HAL_GetTick                            0x08000a58   Section        0  stm32l0xx_hal.o(i.HAL_GetTick)
    i.HAL_IncTick                            0x08000a64   Section        0  stm32l0xx_hal.o(i.HAL_IncTick)
    i.HAL_Init                               0x08000a74   Section        0  stm32l0xx_hal.o(i.HAL_Init)
    i.HAL_InitTick                           0x08000a9c   Section        0  stm32l0xx_hal.o(i.HAL_InitTick)
    i.HAL_MspInit                            0x08000ac0   Section        0  stm32l0xx_hal_msp.o(i.HAL_MspInit)
    i.HAL_NVIC_EnableIRQ                     0x08000b54   Section        0  stm32l0xx_hal_cortex.o(i.HAL_NVIC_EnableIRQ)
    i.HAL_NVIC_SetPriority                   0x08000b6c   Section        0  stm32l0xx_hal_cortex.o(i.HAL_NVIC_SetPriority)
    i.HAL_RCC_ClockConfig                    0x08000b74   Section        0  stm32l0xx_hal_rcc.o(i.HAL_RCC_ClockConfig)
    i.HAL_RCC_GetHCLKFreq                    0x08000d78   Section        0  stm32l0xx_hal_rcc.o(i.HAL_RCC_GetHCLKFreq)
    i.HAL_RCC_GetSysClockFreq                0x08000da0   Section        0  stm32l0xx_hal_rcc.o(i.HAL_RCC_GetSysClockFreq)
    i.HAL_RCC_OscConfig                      0x08000e18   Section        0  stm32l0xx_hal_rcc.o(i.HAL_RCC_OscConfig)
    i.HAL_SPI_DeInit                         0x080011dc   Section        0  stm32l0xx_hal_spi.o(i.HAL_SPI_DeInit)
    i.HAL_SPI_GetState                       0x08001208   Section        0  stm32l0xx_hal_spi.o(i.HAL_SPI_GetState)
    i.HAL_SPI_Init                           0x0800120e   Section        0  stm32l0xx_hal_spi.o(i.HAL_SPI_Init)
    i.HAL_SPI_MspDeInit                      0x08001290   Section        0  stm32l0xx_hal_spi.o(i.HAL_SPI_MspDeInit)
    i.HAL_SPI_MspInit                        0x08001292   Section        0  stm32l0xx_hal_spi.o(i.HAL_SPI_MspInit)
    i.HAL_SPI_Transmit                       0x08001294   Section        0  stm32l0xx_hal_spi.o(i.HAL_SPI_Transmit)
    i.HAL_SYSTICK_Config                     0x080013e0   Section        0  stm32l0xx_hal_cortex.o(i.HAL_SYSTICK_Config)
    i.HAL_TSC_Init                           0x08001410   Section        0  stm32l0xx_hal_tsc.o(i.HAL_TSC_Init)
    i.HAL_TSC_MspInit                        0x080014b2   Section        0  stm32l0xx_hal_tsc.o(i.HAL_TSC_MspInit)
    i.HardFault_Handler                      0x080014b4   Section        0  stm32l0xx_it.o(i.HardFault_Handler)
    i.MoveDown                               0x080014b8   Section        0  main.o(i.MoveDown)
    i.MoveLeft                               0x080014d4   Section        0  main.o(i.MoveLeft)
    i.MoveRight                              0x080014f0   Section        0  main.o(i.MoveRight)
    i.MoveUp                                 0x0800150c   Section        0  main.o(i.MoveUp)
    i.MyLinRots_ErrorStateProcess            0x08001528   Section        0  tsl_user.o(i.MyLinRots_ErrorStateProcess)
    i.MyLinRots_OffStateProcess              0x0800152a   Section        0  tsl_user.o(i.MyLinRots_OffStateProcess)
    i.NMI_Handler                            0x0800152c   Section        0  stm32l0xx_it.o(i.NMI_Handler)
    i.PendSV_Handler                         0x0800152e   Section        0  stm32l0xx_it.o(i.PendSV_Handler)
    i.Process_Sensors                        0x08001530   Section        0  main.o(i.Process_Sensors)
    i.SPI_WaitOnFlagUntilTimeout             0x080015c8   Section        0  stm32l0xx_hal_spi.o(i.SPI_WaitOnFlagUntilTimeout)
    SPI_WaitOnFlagUntilTimeout               0x080015c9   Thumb Code   178  stm32l0xx_hal_spi.o(i.SPI_WaitOnFlagUntilTimeout)
    i.SPIx_Error                             0x0800167c   Section        0  stm32l0538_discovery.o(i.SPIx_Error)
    SPIx_Error                               0x0800167d   Thumb Code    14  stm32l0538_discovery.o(i.SPIx_Error)
    i.SPIx_Init                              0x08001690   Section        0  stm32l0538_discovery.o(i.SPIx_Init)
    SPIx_Init                                0x08001691   Thumb Code   124  stm32l0538_discovery.o(i.SPIx_Init)
    i.SPIx_Write                             0x0800171c   Section        0  stm32l0538_discovery.o(i.SPIx_Write)
    SPIx_Write                               0x0800171d   Thumb Code    26  stm32l0538_discovery.o(i.SPIx_Write)
    i.SVC_Handler                            0x0800173c   Section        0  stm32l0xx_it.o(i.SVC_Handler)
    i.ShowNumbers                            0x08001740   Section        0  main.o(i.ShowNumbers)
    i.SoftDelay                              0x080017c4   Section        0  tsl_acq_tsc.o(i.SoftDelay)
    SoftDelay                                0x080017c5   Thumb Code    10  tsl_acq_tsc.o(i.SoftDelay)
    i.SysTick_Handler                        0x080017ce   Section        0  stm32l0xx_it.o(i.SysTick_Handler)
    i.SystemInit                             0x080017dc   Section        0  system_stm32l0xx.o(i.SystemInit)
    i.TSC_extract_groups                     0x08001830   Section        0  stm32l0xx_hal_tsc.o(i.TSC_extract_groups)
    TSC_extract_groups                       0x08001831   Thumb Code    36  stm32l0xx_hal_tsc.o(i.TSC_extract_groups)
    i.TSL_Init                               0x08001854   Section        0  tsl.o(i.TSL_Init)
    i.TSL_acq_BankConfig                     0x08001884   Section        0  tsl_acq_tsc.o(i.TSL_acq_BankConfig)
    i.TSL_acq_BankGetResult                  0x080018e8   Section        0  tsl_acq.o(i.TSL_acq_BankGetResult)
    i.TSL_acq_BankStartAcq                   0x08001a14   Section        0  tsl_acq_tsc.o(i.TSL_acq_BankStartAcq)
    i.TSL_acq_BankWaitEOC                    0x08001a44   Section        0  tsl_acq_tsc.o(i.TSL_acq_BankWaitEOC)
    i.TSL_acq_CheckNoise                     0x08001a68   Section        0  tsl_acq_tsc.o(i.TSL_acq_CheckNoise)
    i.TSL_acq_ComputeDelta                   0x08001a6c   Section        0  tsl_acq_tsc.o(i.TSL_acq_ComputeDelta)
    i.TSL_acq_ComputeMeas                    0x08001a72   Section        0  tsl_acq_tsc.o(i.TSL_acq_ComputeMeas)
    i.TSL_acq_GetMeas                        0x08001a78   Section        0  tsl_acq_tsc.o(i.TSL_acq_GetMeas)
    i.TSL_acq_TestFirstReferenceIsValid      0x08001a90   Section        0  tsl_acq_tsc.o(i.TSL_acq_TestFirstReferenceIsValid)
    i.TSL_acq_TestReferenceOutOfRange        0x08001a94   Section        0  tsl_acq_tsc.o(i.TSL_acq_TestReferenceOutOfRange)
    i.TSL_acq_UseFilter                      0x08001a98   Section        0  tsl_acq_tsc.o(i.TSL_acq_UseFilter)
    i.TSL_dxs_FirstObj                       0x08001a9c   Section        0  tsl_dxs.o(i.TSL_dxs_FirstObj)
    i.TSL_ecs_CalcK                          0x08001aa0   Section        0  tsl_ecs.o(i.TSL_ecs_CalcK)
    i.TSL_ecs_Process                        0x08001b4c   Section        0  tsl_ecs.o(i.TSL_ecs_Process)
    i.TSL_ecs_ProcessK                       0x08001bcc   Section        0  tsl_ecs.o(i.TSL_ecs_ProcessK)
    i.TSL_linrot_CalcPos                     0x08001c8c   Section        0  tsl_linrot.o(i.TSL_linrot_CalcPos)
    i.TSL_linrot_CalibrationStateProcess     0x08001f20   Section        0  tsl_linrot.o(i.TSL_linrot_CalibrationStateProcess)
    i.TSL_linrot_DTOGetTime                  0x08001fe8   Section        0  tsl_linrot.o(i.TSL_linrot_DTOGetTime)
    i.TSL_linrot_DebCalibrationStateProcess  0x0800201c   Section        0  tsl_linrot.o(i.TSL_linrot_DebCalibrationStateProcess)
    i.TSL_linrot_DebDetectStateProcess       0x08002064   Section        0  tsl_linrot.o(i.TSL_linrot_DebDetectStateProcess)
    i.TSL_linrot_DebErrorStateProcess        0x080020dc   Section        0  tsl_linrot.o(i.TSL_linrot_DebErrorStateProcess)
    i.TSL_linrot_DebProxDetectStateProcess   0x08002148   Section        0  tsl_linrot.o(i.TSL_linrot_DebProxDetectStateProcess)
    i.TSL_linrot_DebProxStateProcess         0x080021c0   Section        0  tsl_linrot.o(i.TSL_linrot_DebProxStateProcess)
    i.TSL_linrot_DebProxTouchStateProcess    0x08002238   Section        0  tsl_linrot.o(i.TSL_linrot_DebProxTouchStateProcess)
    i.TSL_linrot_DebReleaseDetectStateProcess 0x080022b0   Section        0  tsl_linrot.o(i.TSL_linrot_DebReleaseDetectStateProcess)
    i.TSL_linrot_DebReleaseProxStateProcess  0x0800230c   Section        0  tsl_linrot.o(i.TSL_linrot_DebReleaseProxStateProcess)
    i.TSL_linrot_DebReleaseTouchStateProcess 0x08002354   Section        0  tsl_linrot.o(i.TSL_linrot_DebReleaseTouchStateProcess)
    i.TSL_linrot_DetectStateProcess          0x080023b0   Section        0  tsl_linrot.o(i.TSL_linrot_DetectStateProcess)
    i.TSL_linrot_GetStateMask                0x08002480   Section        0  tsl_linrot.o(i.TSL_linrot_GetStateMask)
    i.TSL_linrot_Init                        0x080024a4   Section        0  tsl_linrot.o(i.TSL_linrot_Init)
    i.TSL_linrot_Process                     0x08002514   Section        0  tsl_linrot.o(i.TSL_linrot_Process)
    i.TSL_linrot_ProcessCh_All_ClearRef      0x08002564   Section        0  tsl_linrot.o(i.TSL_linrot_ProcessCh_All_ClearRef)
    i.TSL_linrot_ProcessCh_All_DeltaBelowEqu 0x0800258c   Section        0  tsl_linrot.o(i.TSL_linrot_ProcessCh_All_DeltaBelowEqu)
    i.TSL_linrot_ProcessCh_All_SetStatus     0x080025b8   Section        0  tsl_linrot.o(i.TSL_linrot_ProcessCh_All_SetStatus)
    i.TSL_linrot_ProcessCh_One_AcqStatusError 0x080025e8   Section        0  tsl_linrot.o(i.TSL_linrot_ProcessCh_One_AcqStatusError)
    i.TSL_linrot_ProcessCh_One_DataReady     0x08002614   Section        0  tsl_linrot.o(i.TSL_linrot_ProcessCh_One_DataReady)
    i.TSL_linrot_ProcessCh_One_DeltaAbove    0x08002644   Section        0  tsl_linrot.o(i.TSL_linrot_ProcessCh_One_DeltaAbove)
    i.TSL_linrot_ProcessCh_One_DeltaAboveEqu 0x08002670   Section        0  tsl_linrot.o(i.TSL_linrot_ProcessCh_One_DeltaAboveEqu)
    i.TSL_linrot_ProcessCh_One_DeltaBelowEquMinus 0x0800269c   Section        0  tsl_linrot.o(i.TSL_linrot_ProcessCh_One_DeltaBelowEquMinus)
    i.TSL_linrot_ProxStateProcess            0x080026cc   Section        0  tsl_linrot.o(i.TSL_linrot_ProxStateProcess)
    i.TSL_linrot_ReleaseStateProcess         0x0800277c   Section        0  tsl_linrot.o(i.TSL_linrot_ReleaseStateProcess)
    i.TSL_linrot_SetStateCalibration         0x0800282c   Section        0  tsl_linrot.o(i.TSL_linrot_SetStateCalibration)
    i.TSL_linrot_TouchStateProcess           0x08002888   Section        0  tsl_linrot.o(i.TSL_linrot_TouchStateProcess)
    i.TSL_obj_GroupInit                      0x08002958   Section        0  tsl_object.o(i.TSL_obj_GroupInit)
    i.TSL_obj_GroupProcess                   0x080029b4   Section        0  tsl_object.o(i.TSL_obj_GroupProcess)
    i.TSL_obj_SetGlobalObj                   0x08002a10   Section        0  tsl_object.o(i.TSL_obj_SetGlobalObj)
    i.TSL_tim_CheckDelay_ms                  0x08002a30   Section        0  tsl_time.o(i.TSL_tim_CheckDelay_ms)
    i.TSL_tim_CheckDelay_sec                 0x08002a88   Section        0  tsl_time.o(i.TSL_tim_CheckDelay_sec)
    i.TSL_tim_ProcessIT                      0x08002ae0   Section        0  tsl_time.o(i.TSL_tim_ProcessIT)
    i.YouWon                                 0x08002b18   Section        0  main.o(i.YouWon)
    i.__0sprintf$1                           0x08002b74   Section        0  printf1.o(i.__0sprintf$1)
    i.__NVIC_SetPriority                     0x08002b9c   Section        0  stm32l0xx_hal_cortex.o(i.__NVIC_SetPriority)
    __NVIC_SetPriority                       0x08002b9d   Thumb Code    60  stm32l0xx_hal_cortex.o(i.__NVIC_SetPriority)
    i.__scatterload_copy                     0x08002be0   Section       14  handlers.o(i.__scatterload_copy)
    i.__scatterload_null                     0x08002bee   Section        2  handlers.o(i.__scatterload_null)
    i.__scatterload_zeroinit                 0x08002bf0   Section       14  handlers.o(i.__scatterload_zeroinit)
    i._printf_core                           0x08002c00   Section        0  printf1.o(i._printf_core)
    _printf_core                             0x08002c01   Thumb Code   332  printf1.o(i._printf_core)
    i._sputc                                 0x08002d50   Section        0  printf1.o(i._sputc)
    _sputc                                   0x08002d51   Thumb Code    10  printf1.o(i._sputc)
    i.gde021a1_CloseChargePump               0x08002d5a   Section        0  gde021a1.o(i.gde021a1_CloseChargePump)
    i.gde021a1_DrawImage                     0x08002d70   Section        0  gde021a1.o(i.gde021a1_DrawImage)
    i.gde021a1_GetEpdPixelHeight             0x08002eba   Section        0  gde021a1.o(i.gde021a1_GetEpdPixelHeight)
    i.gde021a1_GetEpdPixelWidth              0x08002ebe   Section        0  gde021a1.o(i.gde021a1_GetEpdPixelWidth)
    i.gde021a1_Init                          0x08002ec4   Section        0  gde021a1.o(i.gde021a1_Init)
    i.gde021a1_RefreshDisplay                0x08002f6c   Section        0  gde021a1.o(i.gde021a1_RefreshDisplay)
    i.gde021a1_SetDisplayWindow              0x08002f82   Section        0  gde021a1.o(i.gde021a1_SetDisplayWindow)
    i.gde021a1_WritePixel                    0x08002fca   Section        0  gde021a1.o(i.gde021a1_WritePixel)
    i.main                                   0x08002fdc   Section        0  main.o(i.main)
    i.tsl_user_Exec                          0x08003120   Section        0  tsl_user.o(i.tsl_user_Exec)
    i.tsl_user_Init                          0x0800319c   Section        0  tsl_user.o(i.tsl_user_Init)
    .constdata                               0x080031b4   Section       36  tsl_user.o(.constdata)
    .constdata                               0x080031d8   Section        6  tsl_user.o(.constdata)
    .constdata                               0x080031e0   Section       24  tsl_user.o(.constdata)
    .constdata                               0x080031f8   Section      160  tsl_user.o(.constdata)
    .constdata                               0x08003298   Section       12  tsl_user.o(.constdata)
    .constdata                               0x080032a4   Section        6  tsl_user.o(.constdata)
    .constdata                               0x080032ac   Section       36  tsl_user.o(.constdata)
    .constdata                               0x080032d0   Section        8  tsl_user.o(.constdata)
    .constdata                               0x080032d8   Section       18  tsl_linrot.o(.constdata)
    .constdata                               0x080032ec   Section       28  stm32l0xx_hal_rcc.o(.constdata)
    .constdata                               0x08003308   Section        8  stm32l0538_discovery.o(.constdata)
    .constdata                               0x08003310   Section       90  gde021a1.o(.constdata)
    .constdata                               0x0800336a   Section     6650  stm32l0538_discovery_epd.o(.constdata)
    .constdata                               0x08004d64   Section     4180  stm32l0538_discovery_epd.o(.constdata)
    .constdata                               0x08005db8   Section     1995  stm32l0538_discovery_epd.o(.constdata)
    .data                                    0x20000000   Section       60  main.o(.data)
    .data                                    0x2000003c   Section       29  system_stm32l0xx.o(.data)
    .data                                    0x2000005c   Section       28  tsl_user.o(.data)
    idx_bank                                 0x20000060   Data           4  tsl_user.o(.data)
    config_done                              0x20000064   Data           4  tsl_user.o(.data)
    .data                                    0x20000078   Section       16  tsl_user.o(.data)
    .data                                    0x20000088   Section        8  tsl_user.o(.data)
    .data                                    0x20000090   Section       10  tsl_linrot.o(.data)
    index1                                   0x20000090   Data           1  tsl_linrot.o(.data)
    index2                                   0x20000091   Data           1  tsl_linrot.o(.data)
    delta1                                   0x20000092   Data           2  tsl_linrot.o(.data)
    delta2                                   0x20000094   Data           2  tsl_linrot.o(.data)
    delta3                                   0x20000096   Data           2  tsl_linrot.o(.data)
    CalibDiv                                 0x20000098   Data           2  tsl_linrot.o(.data)
    .data                                    0x2000009a   Section        2  tsl_time.o(.data)
    count_1s                                 0x2000009a   Data           2  tsl_time.o(.data)
    .data                                    0x2000009c   Section        4  stm32l0xx_hal.o(.data)
    uwTick                                   0x2000009c   Data           4  stm32l0xx_hal.o(.data)
    .data                                    0x200000a0   Section       25  stm32l0xx_hal_rcc.o(.data)
    PLLMulTable                              0x200000a0   Data           9  stm32l0xx_hal_rcc.o(.data)
    APBAHBPrescTable                         0x200000a9   Data          16  stm32l0xx_hal_rcc.o(.data)
    .data                                    0x200000bc   Section       12  stm32l0538_discovery.o(.data)
    .data                                    0x200000c8   Section       32  gde021a1.o(.data)
    .data                                    0x200000e8   Section        8  stm32l0538_discovery_epd.o(.data)
    .data                                    0x200000f0   Section       24  stm32l0538_discovery_epd.o(.data)
    pFont                                    0x200000f0   Data           4  stm32l0538_discovery_epd.o(.data)
    epd_drv                                  0x200000f4   Data           4  stm32l0538_discovery_epd.o(.data)
    .data                                    0x20000108   Section        4  rand.o(.data)
    _rand_state                              0x20000108   Data           4  rand.o(.data)
    .bss                                     0x2000010c   Section      112  main.o(.bss)
    .bss                                     0x2000017c   Section       36  tsl_user.o(.bss)
    .bss                                     0x200001a0   Section       13  tsl_user.o(.bss)
    .bss                                     0x200001b0   Section       24  tsl_globals.o(.bss)
    .bss                                     0x200001c8   Section       84  stm32l0538_discovery.o(.bss)
    SpiHandle                                0x200001c8   Data          84  stm32l0538_discovery.o(.bss)
    STACK                                    0x20000220   Section     1024  startup_stm32l053xx.o(STACK)

    Global Symbols

    Symbol Name                              Value     Ov Type        Size  Object(Section)

    BuildAttributes$$THM_ISAv3M$S$PE$A:L22$X:L11$S22$IEEE1$IW$USESV6$~STKCKD$USESV7$~SHL$OSPACE$ROPI$EBA8$MICROLIB$REQ8$PRES8$EABIv2 0x00000000   Number         0  anon$$obj.o ABSOLUTE
    __ARM_use_no_argv                        0x00000000   Number         0  main.o ABSOLUTE
    _printf_a                                0x00000000   Number         0  stubs.o ABSOLUTE
    _printf_c                                0x00000000   Number         0  stubs.o ABSOLUTE
    _printf_charcount                        0x00000000   Number         0  stubs.o ABSOLUTE
    _printf_d                                0x00000000   Number         0  stubs.o ABSOLUTE
    _printf_e                                0x00000000   Number         0  stubs.o ABSOLUTE
    _printf_f                                0x00000000   Number         0  stubs.o ABSOLUTE
    _printf_flags                            0x00000000   Number         0  stubs.o ABSOLUTE
    _printf_fp_dec                           0x00000000   Number         0  stubs.o ABSOLUTE
    _printf_fp_hex                           0x00000000   Number         0  stubs.o ABSOLUTE
    _printf_g                                0x00000000   Number         0  stubs.o ABSOLUTE
    _printf_i                                0x00000000   Number         0  stubs.o ABSOLUTE
    _printf_int_dec                          0x00000000   Number         0  stubs.o ABSOLUTE
    _printf_l                                0x00000000   Number         0  stubs.o ABSOLUTE
    _printf_lc                               0x00000000   Number         0  stubs.o ABSOLUTE
    _printf_ll                               0x00000000   Number         0  stubs.o ABSOLUTE
    _printf_lld                              0x00000000   Number         0  stubs.o ABSOLUTE
    _printf_lli                              0x00000000   Number         0  stubs.o ABSOLUTE
    _printf_llo                              0x00000000   Number         0  stubs.o ABSOLUTE
    _printf_llu                              0x00000000   Number         0  stubs.o ABSOLUTE
    _printf_llx                              0x00000000   Number         0  stubs.o ABSOLUTE
    _printf_longlong_dec                     0x00000000   Number         0  stubs.o ABSOLUTE
    _printf_longlong_hex                     0x00000000   Number         0  stubs.o ABSOLUTE
    _printf_longlong_oct                     0x00000000   Number         0  stubs.o ABSOLUTE
    _printf_ls                               0x00000000   Number         0  stubs.o ABSOLUTE
    _printf_mbtowc                           0x00000000   Number         0  stubs.o ABSOLUTE
    _printf_n                                0x00000000   Number         0  stubs.o ABSOLUTE
    _printf_o                                0x00000000   Number         0  stubs.o ABSOLUTE
    _printf_p                                0x00000000   Number         0  stubs.o ABSOLUTE
    _printf_percent                          0x00000000   Number         0  stubs.o ABSOLUTE
    _printf_pre_padding                      0x00000000   Number         0  stubs.o ABSOLUTE
    _printf_return_value                     0x00000000   Number         0  stubs.o ABSOLUTE
    _printf_s                                0x00000000   Number         0  stubs.o ABSOLUTE
    _printf_sizespec                         0x00000000   Number         0  stubs.o ABSOLUTE
    _printf_str                              0x00000000   Number         0  stubs.o ABSOLUTE
    _printf_truncate_signed                  0x00000000   Number         0  stubs.o ABSOLUTE
    _printf_truncate_unsigned                0x00000000   Number         0  stubs.o ABSOLUTE
    _printf_u                                0x00000000   Number         0  stubs.o ABSOLUTE
    _printf_wc                               0x00000000   Number         0  stubs.o ABSOLUTE
    _printf_wctomb                           0x00000000   Number         0  stubs.o ABSOLUTE
    _printf_widthprec                        0x00000000   Number         0  stubs.o ABSOLUTE
    _printf_x                                0x00000000   Number         0  stubs.o ABSOLUTE
    __arm_fini_                               - Undefined Weak Reference
    __cpp_initialize__aeabi_                  - Undefined Weak Reference
    __cxa_finalize                            - Undefined Weak Reference
    __decompress                              - Undefined Weak Reference
    _clock_init                               - Undefined Weak Reference
    _microlib_exit                            - Undefined Weak Reference
    __Vectors_Size                           0x000000c0   Number         0  startup_stm32l053xx.o ABSOLUTE
    __Vectors                                0x08000000   Data           4  startup_stm32l053xx.o(RESET)
    __Vectors_End                            0x080000c0   Data           0  startup_stm32l053xx.o(RESET)
    __main                                   0x080000c1   Thumb Code     0  entry.o(.ARM.Collect$$$$00000000)
    _main_stk                                0x080000c1   Thumb Code     0  entry2.o(.ARM.Collect$$$$00000001)
    _main_scatterload                        0x080000c5   Thumb Code     0  entry5.o(.ARM.Collect$$$$00000004)
    __main_after_scatterload                 0x080000c9   Thumb Code     0  entry5.o(.ARM.Collect$$$$00000004)
    _main_clock                              0x080000c9   Thumb Code     0  entry7b.o(.ARM.Collect$$$$00000008)
    _main_cpp_init                           0x080000c9   Thumb Code     0  entry8b.o(.ARM.Collect$$$$0000000A)
    _main_init                               0x080000c9   Thumb Code     0  entry9a.o(.ARM.Collect$$$$0000000B)
    __rt_lib_shutdown_fini                   0x080000d1   Thumb Code     0  entry12b.o(.ARM.Collect$$$$0000000E)
    __rt_final_cpp                           0x080000d5   Thumb Code     0  entry10a.o(.ARM.Collect$$$$0000000F)
    __rt_final_exit                          0x080000d5   Thumb Code     0  entry11a.o(.ARM.Collect$$$$00000011)
    Reset_Handler                            0x080000d9   Thumb Code     8  startup_stm32l053xx.o(.text)
    ADC1_COMP_IRQHandler                     0x080000ed   Thumb Code     0  startup_stm32l053xx.o(.text)
    DMA1_Channel1_IRQHandler                 0x080000ed   Thumb Code     0  startup_stm32l053xx.o(.text)
    DMA1_Channel2_3_IRQHandler               0x080000ed   Thumb Code     0  startup_stm32l053xx.o(.text)
    DMA1_Channel4_5_6_7_IRQHandler           0x080000ed   Thumb Code     0  startup_stm32l053xx.o(.text)
    EXTI0_1_IRQHandler                       0x080000ed   Thumb Code     0  startup_stm32l053xx.o(.text)
    EXTI2_3_IRQHandler                       0x080000ed   Thumb Code     0  startup_stm32l053xx.o(.text)
    EXTI4_15_IRQHandler                      0x080000ed   Thumb Code     0  startup_stm32l053xx.o(.text)
    FLASH_IRQHandler                         0x080000ed   Thumb Code     0  startup_stm32l053xx.o(.text)
    I2C1_IRQHandler                          0x080000ed   Thumb Code     0  startup_stm32l053xx.o(.text)
    I2C2_IRQHandler                          0x080000ed   Thumb Code     0  startup_stm32l053xx.o(.text)
    LCD_IRQHandler                           0x080000ed   Thumb Code     0  startup_stm32l053xx.o(.text)
    LPTIM1_IRQHandler                        0x080000ed   Thumb Code     0  startup_stm32l053xx.o(.text)
    PVD_IRQHandler                           0x080000ed   Thumb Code     0  startup_stm32l053xx.o(.text)
    RCC_CRS_IRQHandler                       0x080000ed   Thumb Code     0  startup_stm32l053xx.o(.text)
    RNG_LPUART1_IRQHandler                   0x080000ed   Thumb Code     0  startup_stm32l053xx.o(.text)
    RTC_IRQHandler                           0x080000ed   Thumb Code     0  startup_stm32l053xx.o(.text)
    SPI1_IRQHandler                          0x080000ed   Thumb Code     0  startup_stm32l053xx.o(.text)
    SPI2_IRQHandler                          0x080000ed   Thumb Code     0  startup_stm32l053xx.o(.text)
    TIM21_IRQHandler                         0x080000ed   Thumb Code     0  startup_stm32l053xx.o(.text)
    TIM22_IRQHandler                         0x080000ed   Thumb Code     0  startup_stm32l053xx.o(.text)
    TIM2_IRQHandler                          0x080000ed   Thumb Code     0  startup_stm32l053xx.o(.text)
    TIM6_DAC_IRQHandler                      0x080000ed   Thumb Code     0  startup_stm32l053xx.o(.text)
    TSC_IRQHandler                           0x080000ed   Thumb Code     0  startup_stm32l053xx.o(.text)
    USART1_IRQHandler                        0x080000ed   Thumb Code     0  startup_stm32l053xx.o(.text)
    USART2_IRQHandler                        0x080000ed   Thumb Code     0  startup_stm32l053xx.o(.text)
    USB_IRQHandler                           0x080000ed   Thumb Code     0  startup_stm32l053xx.o(.text)
    WWDG_IRQHandler                          0x080000ed   Thumb Code     0  startup_stm32l053xx.o(.text)
    __aeabi_uidiv                            0x080000f9   Thumb Code     0  uidiv.o(.text)
    __aeabi_uidivmod                         0x080000f9   Thumb Code    44  uidiv.o(.text)
    __aeabi_idiv                             0x08000125   Thumb Code     0  idiv.o(.text)
    __aeabi_idivmod                          0x08000125   Thumb Code    40  idiv.o(.text)
    rand                                     0x0800014d   Thumb Code    18  rand.o(.text)
    srand                                    0x0800015f   Thumb Code     6  rand.o(.text)
    __scatterload                            0x08000171   Thumb Code    28  init.o(.text)
    __scatterload_rt2                        0x08000171   Thumb Code     0  init.o(.text)
    BSP_EPD_Clear                            0x08000195   Thumb Code    40  stm32l0538_discovery_epd.o(i.BSP_EPD_Clear)
    BSP_EPD_DisplayChar                      0x080001c5   Thumb Code    70  stm32l0538_discovery_epd.o(i.BSP_EPD_DisplayChar)
    BSP_EPD_DisplayStringAt                  0x08000211   Thumb Code   150  stm32l0538_discovery_epd.o(i.BSP_EPD_DisplayStringAt)
    BSP_EPD_DrawHLine                        0x080002ad   Thumb Code    38  stm32l0538_discovery_epd.o(i.BSP_EPD_DrawHLine)
    BSP_EPD_DrawRect                         0x080002d9   Thumb Code    52  stm32l0538_discovery_epd.o(i.BSP_EPD_DrawRect)
    BSP_EPD_DrawVLine                        0x0800030d   Thumb Code    38  stm32l0538_discovery_epd.o(i.BSP_EPD_DrawVLine)
    BSP_EPD_GetXSize                         0x08000339   Thumb Code     8  stm32l0538_discovery_epd.o(i.BSP_EPD_GetXSize)
    BSP_EPD_Init                             0x08000345   Thumb Code    34  stm32l0538_discovery_epd.o(i.BSP_EPD_Init)
    BSP_EPD_RefreshDisplay                   0x08000371   Thumb Code    48  stm32l0538_discovery_epd.o(i.BSP_EPD_RefreshDisplay)
    BSP_EPD_SetFont                          0x080003a9   Thumb Code     6  stm32l0538_discovery_epd.o(i.BSP_EPD_SetFont)
    BSP_LED_Init                             0x080003b5   Thumb Code    64  stm32l0538_discovery.o(i.BSP_LED_Init)
    BSP_LED_Off                              0x08000401   Thumb Code    22  stm32l0538_discovery.o(i.BSP_LED_Off)
    BSP_LED_On                               0x08000421   Thumb Code    22  stm32l0538_discovery.o(i.BSP_LED_On)
    BSP_PB_GetState                          0x08000441   Thumb Code    20  stm32l0538_discovery.o(i.BSP_PB_GetState)
    BSP_PB_Init                              0x0800045d   Thumb Code    96  stm32l0538_discovery.o(i.BSP_PB_Init)
    CheckDecision                            0x080004cd   Thumb Code   128  main.o(i.CheckDecision)
    DebugMon_Handler                         0x08000555   Thumb Code     2  stm32l0xx_it.o(i.DebugMon_Handler)
    DrawHead                                 0x08000559   Thumb Code   174  main.o(i.DrawHead)
    EPD_Delay                                0x08000619   Thumb Code     8  stm32l0538_discovery.o(i.EPD_Delay)
    EPD_IO_Init                              0x08000621   Thumb Code   176  stm32l0538_discovery.o(i.EPD_IO_Init)
    EPD_IO_WriteData                         0x080006d9   Thumb Code    50  stm32l0538_discovery.o(i.EPD_IO_WriteData)
    EPD_IO_WriteReg                          0x08000711   Thumb Code    50  stm32l0538_discovery.o(i.EPD_IO_WriteReg)
    GameOver                                 0x08000749   Thumb Code    64  main.o(i.GameOver)
    GenerateNumbers                          0x080007a5   Thumb Code   170  main.o(i.GenerateNumbers)
    GenerateStartScreen                      0x08000859   Thumb Code    50  main.o(i.GenerateStartScreen)
    HAL_Delay                                0x080008b5   Thumb Code    22  stm32l0xx_hal.o(i.HAL_Delay)
    HAL_GPIO_Init                            0x080008cd   Thumb Code   342  stm32l0xx_hal_gpio.o(i.HAL_GPIO_Init)
    HAL_GPIO_ReadPin                         0x08000a41   Thumb Code    10  stm32l0xx_hal_gpio.o(i.HAL_GPIO_ReadPin)
    HAL_GPIO_WritePin                        0x08000a4b   Thumb Code    12  stm32l0xx_hal_gpio.o(i.HAL_GPIO_WritePin)
    HAL_GetTick                              0x08000a59   Thumb Code     6  stm32l0xx_hal.o(i.HAL_GetTick)
    HAL_IncTick                              0x08000a65   Thumb Code    10  stm32l0xx_hal.o(i.HAL_IncTick)
    HAL_Init                                 0x08000a75   Thumb Code    34  stm32l0xx_hal.o(i.HAL_Init)
    HAL_InitTick                             0x08000a9d   Thumb Code    34  stm32l0xx_hal.o(i.HAL_InitTick)
    HAL_MspInit                              0x08000ac1   Thumb Code   140  stm32l0xx_hal_msp.o(i.HAL_MspInit)
    HAL_NVIC_EnableIRQ                       0x08000b55   Thumb Code    18  stm32l0xx_hal_cortex.o(i.HAL_NVIC_EnableIRQ)
    HAL_NVIC_SetPriority                     0x08000b6d   Thumb Code     8  stm32l0xx_hal_cortex.o(i.HAL_NVIC_SetPriority)
    HAL_RCC_ClockConfig                      0x08000b75   Thumb Code   502  stm32l0xx_hal_rcc.o(i.HAL_RCC_ClockConfig)
    HAL_RCC_GetHCLKFreq                      0x08000d79   Thumb Code    26  stm32l0xx_hal_rcc.o(i.HAL_RCC_GetHCLKFreq)
    HAL_RCC_GetSysClockFreq                  0x08000da1   Thumb Code    96  stm32l0xx_hal_rcc.o(i.HAL_RCC_GetSysClockFreq)
    HAL_RCC_OscConfig                        0x08000e19   Thumb Code   936  stm32l0xx_hal_rcc.o(i.HAL_RCC_OscConfig)
    HAL_SPI_DeInit                           0x080011dd   Thumb Code    44  stm32l0xx_hal_spi.o(i.HAL_SPI_DeInit)
    HAL_SPI_GetState                         0x08001209   Thumb Code     6  stm32l0xx_hal_spi.o(i.HAL_SPI_GetState)
    HAL_SPI_Init                             0x0800120f   Thumb Code   130  stm32l0xx_hal_spi.o(i.HAL_SPI_Init)
    HAL_SPI_MspDeInit                        0x08001291   Thumb Code     2  stm32l0xx_hal_spi.o(i.HAL_SPI_MspDeInit)
    HAL_SPI_MspInit                          0x08001293   Thumb Code     2  stm32l0xx_hal_spi.o(i.HAL_SPI_MspInit)
    HAL_SPI_Transmit                         0x08001295   Thumb Code   332  stm32l0xx_hal_spi.o(i.HAL_SPI_Transmit)
    HAL_SYSTICK_Config                       0x080013e1   Thumb Code    38  stm32l0xx_hal_cortex.o(i.HAL_SYSTICK_Config)
    HAL_TSC_Init                             0x08001411   Thumb Code   162  stm32l0xx_hal_tsc.o(i.HAL_TSC_Init)
    HAL_TSC_MspInit                          0x080014b3   Thumb Code     2  stm32l0xx_hal_tsc.o(i.HAL_TSC_MspInit)
    HardFault_Handler                        0x080014b5   Thumb Code     2  stm32l0xx_it.o(i.HardFault_Handler)
    MoveDown                                 0x080014b9   Thumb Code    24  main.o(i.MoveDown)
    MoveLeft                                 0x080014d5   Thumb Code    24  main.o(i.MoveLeft)
    MoveRight                                0x080014f1   Thumb Code    24  main.o(i.MoveRight)
    MoveUp                                   0x0800150d   Thumb Code    24  main.o(i.MoveUp)
    MyLinRots_ErrorStateProcess              0x08001529   Thumb Code     2  tsl_user.o(i.MyLinRots_ErrorStateProcess)
    MyLinRots_OffStateProcess                0x0800152b   Thumb Code     2  tsl_user.o(i.MyLinRots_OffStateProcess)
    NMI_Handler                              0x0800152d   Thumb Code     2  stm32l0xx_it.o(i.NMI_Handler)
    PendSV_Handler                           0x0800152f   Thumb Code     2  stm32l0xx_it.o(i.PendSV_Handler)
    Process_Sensors                          0x08001531   Thumb Code   144  main.o(i.Process_Sensors)
    SVC_Handler                              0x0800173d   Thumb Code     2  stm32l0xx_it.o(i.SVC_Handler)
    ShowNumbers                              0x08001741   Thumb Code   118  main.o(i.ShowNumbers)
    SysTick_Handler                          0x080017cf   Thumb Code    12  stm32l0xx_it.o(i.SysTick_Handler)
    SystemInit                               0x080017dd   Thumb Code    66  system_stm32l0xx.o(i.SystemInit)
    TSL_Init                                 0x08001855   Thumb Code    34  tsl.o(i.TSL_Init)
    TSL_acq_BankConfig                       0x08001885   Thumb Code    90  tsl_acq_tsc.o(i.TSL_acq_BankConfig)
    TSL_acq_BankGetResult                    0x080018e9   Thumb Code   290  tsl_acq.o(i.TSL_acq_BankGetResult)
    TSL_acq_BankStartAcq                     0x08001a15   Thumb Code    38  tsl_acq_tsc.o(i.TSL_acq_BankStartAcq)
    TSL_acq_BankWaitEOC                      0x08001a45   Thumb Code    32  tsl_acq_tsc.o(i.TSL_acq_BankWaitEOC)
    TSL_acq_CheckNoise                       0x08001a69   Thumb Code     4  tsl_acq_tsc.o(i.TSL_acq_CheckNoise)
    TSL_acq_ComputeDelta                     0x08001a6d   Thumb Code     6  tsl_acq_tsc.o(i.TSL_acq_ComputeDelta)
    TSL_acq_ComputeMeas                      0x08001a73   Thumb Code     6  tsl_acq_tsc.o(i.TSL_acq_ComputeMeas)
    TSL_acq_GetMeas                          0x08001a79   Thumb Code    20  tsl_acq_tsc.o(i.TSL_acq_GetMeas)
    TSL_acq_TestFirstReferenceIsValid        0x08001a91   Thumb Code     4  tsl_acq_tsc.o(i.TSL_acq_TestFirstReferenceIsValid)
    TSL_acq_TestReferenceOutOfRange          0x08001a95   Thumb Code     4  tsl_acq_tsc.o(i.TSL_acq_TestReferenceOutOfRange)
    TSL_acq_UseFilter                        0x08001a99   Thumb Code     4  tsl_acq_tsc.o(i.TSL_acq_UseFilter)
    TSL_dxs_FirstObj                         0x08001a9d   Thumb Code     2  tsl_dxs.o(i.TSL_dxs_FirstObj)
    TSL_ecs_CalcK                            0x08001aa1   Thumb Code   168  tsl_ecs.o(i.TSL_ecs_CalcK)
    TSL_ecs_Process                          0x08001b4d   Thumb Code   120  tsl_ecs.o(i.TSL_ecs_Process)
    TSL_ecs_ProcessK                         0x08001bcd   Thumb Code   184  tsl_ecs.o(i.TSL_ecs_ProcessK)
    TSL_linrot_CalcPos                       0x08001c8d   Thumb Code   644  tsl_linrot.o(i.TSL_linrot_CalcPos)
    TSL_linrot_CalibrationStateProcess       0x08001f21   Thumb Code   186  tsl_linrot.o(i.TSL_linrot_CalibrationStateProcess)
    TSL_linrot_DTOGetTime                    0x08001fe9   Thumb Code    42  tsl_linrot.o(i.TSL_linrot_DTOGetTime)
    TSL_linrot_DebCalibrationStateProcess    0x0800201d   Thumb Code    66  tsl_linrot.o(i.TSL_linrot_DebCalibrationStateProcess)
    TSL_linrot_DebDetectStateProcess         0x08002065   Thumb Code   116  tsl_linrot.o(i.TSL_linrot_DebDetectStateProcess)
    TSL_linrot_DebErrorStateProcess          0x080020dd   Thumb Code   102  tsl_linrot.o(i.TSL_linrot_DebErrorStateProcess)
    TSL_linrot_DebProxDetectStateProcess     0x08002149   Thumb Code   114  tsl_linrot.o(i.TSL_linrot_DebProxDetectStateProcess)
    TSL_linrot_DebProxStateProcess           0x080021c1   Thumb Code   116  tsl_linrot.o(i.TSL_linrot_DebProxStateProcess)
    TSL_linrot_DebProxTouchStateProcess      0x08002239   Thumb Code   114  tsl_linrot.o(i.TSL_linrot_DebProxTouchStateProcess)
    TSL_linrot_DebReleaseDetectStateProcess  0x080022b1   Thumb Code    88  tsl_linrot.o(i.TSL_linrot_DebReleaseDetectStateProcess)
    TSL_linrot_DebReleaseProxStateProcess    0x0800230d   Thumb Code    68  tsl_linrot.o(i.TSL_linrot_DebReleaseProxStateProcess)
    TSL_linrot_DebReleaseTouchStateProcess   0x08002355   Thumb Code    88  tsl_linrot.o(i.TSL_linrot_DebReleaseTouchStateProcess)
    TSL_linrot_DetectStateProcess            0x080023b1   Thumb Code   200  tsl_linrot.o(i.TSL_linrot_DetectStateProcess)
    TSL_linrot_GetStateMask                  0x08002481   Thumb Code    30  tsl_linrot.o(i.TSL_linrot_GetStateMask)
    TSL_linrot_Init                          0x080024a5   Thumb Code   106  tsl_linrot.o(i.TSL_linrot_Init)
    TSL_linrot_Process                       0x08002515   Thumb Code    74  tsl_linrot.o(i.TSL_linrot_Process)
    TSL_linrot_ProcessCh_All_ClearRef        0x08002565   Thumb Code    34  tsl_linrot.o(i.TSL_linrot_ProcessCh_All_ClearRef)
    TSL_linrot_ProcessCh_All_DeltaBelowEqu   0x0800258d   Thumb Code    40  tsl_linrot.o(i.TSL_linrot_ProcessCh_All_DeltaBelowEqu)
    TSL_linrot_ProcessCh_All_SetStatus       0x080025b9   Thumb Code    42  tsl_linrot.o(i.TSL_linrot_ProcessCh_All_SetStatus)
    TSL_linrot_ProcessCh_One_AcqStatusError  0x080025e9   Thumb Code    40  tsl_linrot.o(i.TSL_linrot_ProcessCh_One_AcqStatusError)
    TSL_linrot_ProcessCh_One_DataReady       0x08002615   Thumb Code    44  tsl_linrot.o(i.TSL_linrot_ProcessCh_One_DataReady)
    TSL_linrot_ProcessCh_One_DeltaAbove      0x08002645   Thumb Code    40  tsl_linrot.o(i.TSL_linrot_ProcessCh_One_DeltaAbove)
    TSL_linrot_ProcessCh_One_DeltaAboveEqu   0x08002671   Thumb Code    40  tsl_linrot.o(i.TSL_linrot_ProcessCh_One_DeltaAboveEqu)
    TSL_linrot_ProcessCh_One_DeltaBelowEquMinus 0x0800269d   Thumb Code    42  tsl_linrot.o(i.TSL_linrot_ProcessCh_One_DeltaBelowEquMinus)
    TSL_linrot_ProxStateProcess              0x080026cd   Thumb Code   166  tsl_linrot.o(i.TSL_linrot_ProxStateProcess)
    TSL_linrot_ReleaseStateProcess           0x0800277d   Thumb Code   172  tsl_linrot.o(i.TSL_linrot_ReleaseStateProcess)
    TSL_linrot_SetStateCalibration           0x0800282d   Thumb Code    78  tsl_linrot.o(i.TSL_linrot_SetStateCalibration)
    TSL_linrot_TouchStateProcess             0x08002889   Thumb Code   200  tsl_linrot.o(i.TSL_linrot_TouchStateProcess)
    TSL_obj_GroupInit                        0x08002959   Thumb Code    88  tsl_object.o(i.TSL_obj_GroupInit)
    TSL_obj_GroupProcess                     0x080029b5   Thumb Code    88  tsl_object.o(i.TSL_obj_GroupProcess)
    TSL_obj_SetGlobalObj                     0x08002a11   Thumb Code    28  tsl_object.o(i.TSL_obj_SetGlobalObj)
    TSL_tim_CheckDelay_ms                    0x08002a31   Thumb Code    80  tsl_time.o(i.TSL_tim_CheckDelay_ms)
    TSL_tim_CheckDelay_sec                   0x08002a89   Thumb Code    78  tsl_time.o(i.TSL_tim_CheckDelay_sec)
    TSL_tim_ProcessIT                        0x08002ae1   Thumb Code    44  tsl_time.o(i.TSL_tim_ProcessIT)
    YouWon                                   0x08002b19   Thumb Code    62  main.o(i.YouWon)
    __0sprintf$1                             0x08002b75   Thumb Code    36  printf1.o(i.__0sprintf$1)
    __1sprintf$1                             0x08002b75   Thumb Code     0  printf1.o(i.__0sprintf$1)
    __2sprintf                               0x08002b75   Thumb Code     0  printf1.o(i.__0sprintf$1)
    __scatterload_copy                       0x08002be1   Thumb Code    14  handlers.o(i.__scatterload_copy)
    __scatterload_null                       0x08002bef   Thumb Code     2  handlers.o(i.__scatterload_null)
    __scatterload_zeroinit                   0x08002bf1   Thumb Code    14  handlers.o(i.__scatterload_zeroinit)
    gde021a1_CloseChargePump                 0x08002d5b   Thumb Code    22  gde021a1.o(i.gde021a1_CloseChargePump)
    gde021a1_DrawImage                       0x08002d71   Thumb Code   330  gde021a1.o(i.gde021a1_DrawImage)
    gde021a1_GetEpdPixelHeight               0x08002ebb   Thumb Code     4  gde021a1.o(i.gde021a1_GetEpdPixelHeight)
    gde021a1_GetEpdPixelWidth                0x08002ebf   Thumb Code     4  gde021a1.o(i.gde021a1_GetEpdPixelWidth)
    gde021a1_Init                            0x08002ec5   Thumb Code   164  gde021a1.o(i.gde021a1_Init)
    gde021a1_RefreshDisplay                  0x08002f6d   Thumb Code    22  gde021a1.o(i.gde021a1_RefreshDisplay)
    gde021a1_SetDisplayWindow                0x08002f83   Thumb Code    72  gde021a1.o(i.gde021a1_SetDisplayWindow)
    gde021a1_WritePixel                      0x08002fcb   Thumb Code    18  gde021a1.o(i.gde021a1_WritePixel)
    main                                     0x08002fdd   Thumb Code   304  main.o(i.main)
    tsl_user_Exec                            0x08003121   Thumb Code   118  tsl_user.o(i.tsl_user_Exec)
    tsl_user_Init                            0x0800319d   Thumb Code    16  tsl_user.o(i.tsl_user_Init)
    MyChannels_Src                           0x080031b4   Data          36  tsl_user.o(.constdata)
    MyChannels_Dest                          0x080031d8   Data           6  tsl_user.o(.constdata)
    MyBanks                                  0x080031e0   Data          24  tsl_user.o(.constdata)
    MyLinRots_StateMachine                   0x080031f8   Data         160  tsl_user.o(.constdata)
    MyLinRots_Methods                        0x08003298   Data          12  tsl_user.o(.constdata)
    MyLinRot0_DeltaCoeff                     0x080032a4   Data           6  tsl_user.o(.constdata)
    MyLinRots                                0x080032ac   Data          36  tsl_user.o(.constdata)
    MyObjects                                0x080032d0   Data           8  tsl_user.o(.constdata)
    TSL_POSOFF_3CH_LIN_H                     0x080032d8   Data          18  tsl_linrot.o(.constdata)
    MSIRangeTable                            0x080032ec   Data          28  stm32l0xx_hal_rcc.o(.constdata)
    BUTTON_IRQn                              0x08003308   Data           1  stm32l0538_discovery.o(.constdata)
    BUTTON_PIN                               0x0800330a   Data           2  stm32l0538_discovery.o(.constdata)
    GPIO_PIN                                 0x0800330c   Data           4  stm32l0538_discovery.o(.constdata)
    WF_LUT                                   0x08003310   Data          90  gde021a1.o(.constdata)
    Font20_Table                             0x0800336a   Data        6650  stm32l0538_discovery_epd.o(.constdata)
    Font16_Table                             0x08004d64   Data        4180  stm32l0538_discovery_epd.o(.constdata)
    Font12_Table                             0x08005db8   Data        1995  stm32l0538_discovery_epd.o(.constdata)
    Region$$Table$$Base                      0x08006584   Number         0  anon$$obj.o(Region$$Table)
    Region$$Table$$Limit                     0x080065a4   Number         0  anon$$obj.o(Region$$Table)
    game_state                               0x20000000   Data           1  main.o(.data)
    checkCounter                             0x20000001   Data           1  main.o(.data)
    flag                                     0x20000002   Data           1  main.o(.data)
    level                                    0x20000003   Data           1  main.o(.data)
    current_position                         0x20000004   Data           2  main.o(.data)
    seed                                     0x20000008   Data           4  main.o(.data)
    order                                    0x2000000c   Data          48  main.o(.data)
    SystemCoreClock                          0x2000003c   Data           4  system_stm32l0xx.o(.data)
    AHBPrescTable                            0x20000040   Data          16  system_stm32l0xx.o(.data)
    PLLMulTable                              0x20000050   Data           9  system_stm32l0xx.o(.data)
    ECSLastTick                              0x2000005c   Data           2  tsl_user.o(.data)
    MyObjGroup                               0x20000068   Data          16  tsl_user.o(.data)
    TSL_Params                               0x20000078   Data          16  tsl_user.o(.data)
    MyLinRots_Data                           0x20000088   Data           8  tsl_user.o(.data)
    BUTTON_PORT                              0x200000bc   Data           4  stm32l0538_discovery.o(.data)
    GPIO_PORT                                0x200000c0   Data           8  stm32l0538_discovery.o(.data)
    gde021a1_drv                             0x200000c8   Data          32  gde021a1.o(.data)
    Font20                                   0x200000e8   Data           8  stm32l0538_discovery_epd.o(.data)
    Font16                                   0x200000f8   Data           8  stm32l0538_discovery_epd.o(.data)
    Font12                                   0x20000100   Data           8  stm32l0538_discovery_epd.o(.data)
    numbers                                  0x2000010c   Data          24  main.o(.bss)
    checked                                  0x20000124   Data          24  main.o(.bss)
    TscHandle                                0x2000013c   Data          64  main.o(.bss)
    MyChannels_Data                          0x2000017c   Data          36  tsl_user.o(.bss)
    MyLinRots_Param                          0x200001a0   Data          13  tsl_user.o(.bss)
    TSL_Globals                              0x200001b0   Data          24  tsl_globals.o(.bss)
    __initial_sp                             0x20000620   Data           0  startup_stm32l053xx.o(STACK)



==============================================================================

Memory Map of the image

  Image Entry point : 0x080000c1

  Load Region LR_IROM1 (Base: 0x08000000, Size: 0x000066b0, Max: 0x00010000, ABSOLUTE)

    Execution Region ER_IROM1 (Exec base: 0x08000000, Load base: 0x08000000, Size: 0x000065a4, Max: 0x00010000, ABSOLUTE)

    Exec Addr    Load Addr    Size         Type   Attr      Idx    E Section Name        Object

    0x08000000   0x08000000   0x000000c0   Data   RO         2758    RESET               startup_stm32l053xx.o
    0x080000c0   0x080000c0   0x00000000   Code   RO         3089  * .ARM.Collect$$$$00000000  mc_p.l(entry.o)
    0x080000c0   0x080000c0   0x00000004   Code   RO         3360    .ARM.Collect$$$$00000001  mc_p.l(entry2.o)
    0x080000c4   0x080000c4   0x00000004   Code   RO         3363    .ARM.Collect$$$$00000004  mc_p.l(entry5.o)
    0x080000c8   0x080000c8   0x00000000   Code   RO         3365    .ARM.Collect$$$$00000008  mc_p.l(entry7b.o)
    0x080000c8   0x080000c8   0x00000000   Code   RO         3367    .ARM.Collect$$$$0000000A  mc_p.l(entry8b.o)
    0x080000c8   0x080000c8   0x00000008   Code   RO         3368    .ARM.Collect$$$$0000000B  mc_p.l(entry9a.o)
    0x080000d0   0x080000d0   0x00000004   Code   RO         3375    .ARM.Collect$$$$0000000E  mc_p.l(entry12b.o)
    0x080000d4   0x080000d4   0x00000000   Code   RO         3370    .ARM.Collect$$$$0000000F  mc_p.l(entry10a.o)
    0x080000d4   0x080000d4   0x00000000   Code   RO         3372    .ARM.Collect$$$$00000011  mc_p.l(entry11a.o)
    0x080000d4   0x080000d4   0x00000004   Code   RO         3361    .ARM.Collect$$$$00002712  mc_p.l(entry2.o)
    0x080000d8   0x080000d8   0x00000020   Code   RO         2759    .text               startup_stm32l053xx.o
    0x080000f8   0x080000f8   0x0000002c   Code   RO         3092    .text               mc_p.l(uidiv.o)
    0x08000124   0x08000124   0x00000028   Code   RO         3094    .text               mc_p.l(idiv.o)
    0x0800014c   0x0800014c   0x00000024   Code   RO         3096    .text               mc_p.l(rand.o)
    0x08000170   0x08000170   0x00000024   Code   RO         3392    .text               mc_p.l(init.o)
    0x08000194   0x08000194   0x00000030   Code   RO         2950    i.BSP_EPD_Clear     stm32l0538_discovery_epd.o
    0x080001c4   0x080001c4   0x0000004c   Code   RO         2952    i.BSP_EPD_DisplayChar  stm32l0538_discovery_epd.o
    0x08000210   0x08000210   0x0000009c   Code   RO         2953    i.BSP_EPD_DisplayStringAt  stm32l0538_discovery_epd.o
    0x080002ac   0x080002ac   0x0000002c   Code   RO         2955    i.BSP_EPD_DrawHLine  stm32l0538_discovery_epd.o
    0x080002d8   0x080002d8   0x00000034   Code   RO         2957    i.BSP_EPD_DrawRect  stm32l0538_discovery_epd.o
    0x0800030c   0x0800030c   0x0000002c   Code   RO         2958    i.BSP_EPD_DrawVLine  stm32l0538_discovery_epd.o
    0x08000338   0x08000338   0x0000000c   Code   RO         2961    i.BSP_EPD_GetXSize  stm32l0538_discovery_epd.o
    0x08000344   0x08000344   0x0000002c   Code   RO         2963    i.BSP_EPD_Init      stm32l0538_discovery_epd.o
    0x08000370   0x08000370   0x00000038   Code   RO         2964    i.BSP_EPD_RefreshDisplay  stm32l0538_discovery_epd.o
    0x080003a8   0x080003a8   0x0000000c   Code   RO         2965    i.BSP_EPD_SetFont   stm32l0538_discovery_epd.o
    0x080003b4   0x080003b4   0x0000004c   Code   RO         2766    i.BSP_LED_Init      stm32l0538_discovery.o
    0x08000400   0x08000400   0x00000020   Code   RO         2767    i.BSP_LED_Off       stm32l0538_discovery.o
    0x08000420   0x08000420   0x00000020   Code   RO         2768    i.BSP_LED_On        stm32l0538_discovery.o
    0x08000440   0x08000440   0x0000001c   Code   RO         2770    i.BSP_PB_GetState   stm32l0538_discovery.o
    0x0800045c   0x0800045c   0x00000070   Code   RO         2771    i.BSP_PB_Init       stm32l0538_discovery.o
    0x080004cc   0x080004cc   0x00000088   Code   RO            3    i.CheckDecision     main.o
    0x08000554   0x08000554   0x00000002   Code   RO          280    i.DebugMon_Handler  stm32l0xx_it.o
    0x08000556   0x08000556   0x00000002   PAD
    0x08000558   0x08000558   0x000000c0   Code   RO            4    i.DrawHead          main.o
    0x08000618   0x08000618   0x00000008   Code   RO         2772    i.EPD_Delay         stm32l0538_discovery.o
    0x08000620   0x08000620   0x000000b8   Code   RO         2773    i.EPD_IO_Init       stm32l0538_discovery.o
    0x080006d8   0x080006d8   0x00000038   Code   RO         2775    i.EPD_IO_WriteData  stm32l0538_discovery.o
    0x08000710   0x08000710   0x00000038   Code   RO         2776    i.EPD_IO_WriteReg   stm32l0538_discovery.o
    0x08000748   0x08000748   0x0000005c   Code   RO            5    i.GameOver          main.o
    0x080007a4   0x080007a4   0x000000b4   Code   RO            6    i.GenerateNumbers   main.o
    0x08000858   0x08000858   0x0000005c   Code   RO            7    i.GenerateStartScreen  main.o
    0x080008b4   0x080008b4   0x00000016   Code   RO         1033    i.HAL_Delay         stm32l0xx_hal.o
    0x080008ca   0x080008ca   0x00000002   PAD
    0x080008cc   0x080008cc   0x00000174   Code   RO         1749    i.HAL_GPIO_Init     stm32l0xx_hal_gpio.o
    0x08000a40   0x08000a40   0x0000000a   Code   RO         1751    i.HAL_GPIO_ReadPin  stm32l0xx_hal_gpio.o
    0x08000a4a   0x08000a4a   0x0000000c   Code   RO         1753    i.HAL_GPIO_WritePin  stm32l0xx_hal_gpio.o
    0x08000a56   0x08000a56   0x00000002   PAD
    0x08000a58   0x08000a58   0x0000000c   Code   RO         1044    i.HAL_GetTick       stm32l0xx_hal.o
    0x08000a64   0x08000a64   0x00000010   Code   RO         1046    i.HAL_IncTick       stm32l0xx_hal.o
    0x08000a74   0x08000a74   0x00000028   Code   RO         1047    i.HAL_Init          stm32l0xx_hal.o
    0x08000a9c   0x08000a9c   0x00000022   Code   RO         1048    i.HAL_InitTick      stm32l0xx_hal.o
    0x08000abe   0x08000abe   0x00000002   PAD
    0x08000ac0   0x08000ac0   0x00000094   Code   RO          255    i.HAL_MspInit       stm32l0xx_hal_msp.o
    0x08000b54   0x08000b54   0x00000018   Code   RO         1262    i.HAL_NVIC_EnableIRQ  stm32l0xx_hal_cortex.o
    0x08000b6c   0x08000b6c   0x00000008   Code   RO         1265    i.HAL_NVIC_SetPriority  stm32l0xx_hal_cortex.o
    0x08000b74   0x08000b74   0x00000204   Code   RO         2077    i.HAL_RCC_ClockConfig  stm32l0xx_hal_rcc.o
    0x08000d78   0x08000d78   0x00000028   Code   RO         2081    i.HAL_RCC_GetHCLKFreq  stm32l0xx_hal_rcc.o
    0x08000da0   0x08000da0   0x00000078   Code   RO         2085    i.HAL_RCC_GetSysClockFreq  stm32l0xx_hal_rcc.o
    0x08000e18   0x08000e18   0x000003c4   Code   RO         2088    i.HAL_RCC_OscConfig  stm32l0xx_hal_rcc.o
    0x080011dc   0x080011dc   0x0000002c   Code   RO         2321    i.HAL_SPI_DeInit    stm32l0xx_hal_spi.o
    0x08001208   0x08001208   0x00000006   Code   RO         2324    i.HAL_SPI_GetState  stm32l0xx_hal_spi.o
    0x0800120e   0x0800120e   0x00000082   Code   RO         2326    i.HAL_SPI_Init      stm32l0xx_hal_spi.o
    0x08001290   0x08001290   0x00000002   Code   RO         2327    i.HAL_SPI_MspDeInit  stm32l0xx_hal_spi.o
    0x08001292   0x08001292   0x00000002   Code   RO         2328    i.HAL_SPI_MspInit   stm32l0xx_hal_spi.o
    0x08001294   0x08001294   0x0000014c   Code   RO         2334    i.HAL_SPI_Transmit  stm32l0xx_hal_spi.o
    0x080013e0   0x080013e0   0x00000030   Code   RO         1269    i.HAL_SYSTICK_Config  stm32l0xx_hal_cortex.o
    0x08001410   0x08001410   0x000000a2   Code   RO         2590    i.HAL_TSC_Init      stm32l0xx_hal_tsc.o
    0x080014b2   0x080014b2   0x00000002   Code   RO         2592    i.HAL_TSC_MspInit   stm32l0xx_hal_tsc.o
    0x080014b4   0x080014b4   0x00000002   Code   RO          281    i.HardFault_Handler  stm32l0xx_it.o
    0x080014b6   0x080014b6   0x00000002   PAD
    0x080014b8   0x080014b8   0x0000001c   Code   RO            8    i.MoveDown          main.o
    0x080014d4   0x080014d4   0x0000001c   Code   RO            9    i.MoveLeft          main.o
    0x080014f0   0x080014f0   0x0000001c   Code   RO           10    i.MoveRight         main.o
    0x0800150c   0x0800150c   0x0000001c   Code   RO           11    i.MoveUp            main.o
    0x08001528   0x08001528   0x00000002   Code   RO          389    i.MyLinRots_ErrorStateProcess  tsl_user.o
    0x0800152a   0x0800152a   0x00000002   Code   RO          390    i.MyLinRots_OffStateProcess  tsl_user.o
    0x0800152c   0x0800152c   0x00000002   Code   RO          282    i.NMI_Handler       stm32l0xx_it.o
    0x0800152e   0x0800152e   0x00000002   Code   RO          283    i.PendSV_Handler    stm32l0xx_it.o
    0x08001530   0x08001530   0x00000098   Code   RO           12    i.Process_Sensors   main.o
    0x080015c8   0x080015c8   0x000000b2   Code   RO         2356    i.SPI_WaitOnFlagUntilTimeout  stm32l0xx_hal_spi.o
    0x0800167a   0x0800167a   0x00000002   PAD
    0x0800167c   0x0800167c   0x00000014   Code   RO         2777    i.SPIx_Error        stm32l0538_discovery.o
    0x08001690   0x08001690   0x0000008c   Code   RO         2778    i.SPIx_Init         stm32l0538_discovery.o
    0x0800171c   0x0800171c   0x00000020   Code   RO         2779    i.SPIx_Write        stm32l0538_discovery.o
    0x0800173c   0x0800173c   0x00000002   Code   RO          284    i.SVC_Handler       stm32l0xx_it.o
    0x0800173e   0x0800173e   0x00000002   PAD
    0x08001740   0x08001740   0x00000084   Code   RO           13    i.ShowNumbers       main.o
    0x080017c4   0x080017c4   0x0000000a   Code   RO          543    i.SoftDelay         tsl_acq_tsc.o
    0x080017ce   0x080017ce   0x0000000c   Code   RO          285    i.SysTick_Handler   stm32l0xx_it.o
    0x080017da   0x080017da   0x00000002   PAD
    0x080017dc   0x080017dc   0x00000054   Code   RO          358    i.SystemInit        system_stm32l0xx.o
    0x08001830   0x08001830   0x00000024   Code   RO         2598    i.TSC_extract_groups  stm32l0xx_hal_tsc.o
    0x08001854   0x08001854   0x00000030   Code   RO          490    i.TSL_Init          tsl.o
    0x08001884   0x08001884   0x00000064   Code   RO          544    i.TSL_acq_BankConfig  tsl_acq_tsc.o
    0x080018e8   0x080018e8   0x0000012c   Code   RO          512    i.TSL_acq_BankGetResult  tsl_acq.o
    0x08001a14   0x08001a14   0x00000030   Code   RO          545    i.TSL_acq_BankStartAcq  tsl_acq_tsc.o
    0x08001a44   0x08001a44   0x00000024   Code   RO          546    i.TSL_acq_BankWaitEOC  tsl_acq_tsc.o
    0x08001a68   0x08001a68   0x00000004   Code   RO          547    i.TSL_acq_CheckNoise  tsl_acq_tsc.o
    0x08001a6c   0x08001a6c   0x00000006   Code   RO          548    i.TSL_acq_ComputeDelta  tsl_acq_tsc.o
    0x08001a72   0x08001a72   0x00000006   Code   RO          549    i.TSL_acq_ComputeMeas  tsl_acq_tsc.o
    0x08001a78   0x08001a78   0x00000018   Code   RO          550    i.TSL_acq_GetMeas   tsl_acq_tsc.o
    0x08001a90   0x08001a90   0x00000004   Code   RO          551    i.TSL_acq_TestFirstReferenceIsValid  tsl_acq_tsc.o
    0x08001a94   0x08001a94   0x00000004   Code   RO          552    i.TSL_acq_TestReferenceOutOfRange  tsl_acq_tsc.o
    0x08001a98   0x08001a98   0x00000004   Code   RO          553    i.TSL_acq_UseFilter  tsl_acq_tsc.o
    0x08001a9c   0x08001a9c   0x00000002   Code   RO          622    i.TSL_dxs_FirstObj  tsl_dxs.o
    0x08001a9e   0x08001a9e   0x00000002   PAD
    0x08001aa0   0x08001aa0   0x000000ac   Code   RO          642    i.TSL_ecs_CalcK     tsl_ecs.o
    0x08001b4c   0x08001b4c   0x00000080   Code   RO          643    i.TSL_ecs_Process   tsl_ecs.o
    0x08001bcc   0x08001bcc   0x000000c0   Code   RO          644    i.TSL_ecs_ProcessK  tsl_ecs.o
    0x08001c8c   0x08001c8c   0x00000294   Code   RO          721    i.TSL_linrot_CalcPos  tsl_linrot.o
    0x08001f20   0x08001f20   0x000000c8   Code   RO          722    i.TSL_linrot_CalibrationStateProcess  tsl_linrot.o
    0x08001fe8   0x08001fe8   0x00000034   Code   RO          723    i.TSL_linrot_DTOGetTime  tsl_linrot.o
    0x0800201c   0x0800201c   0x00000048   Code   RO          724    i.TSL_linrot_DebCalibrationStateProcess  tsl_linrot.o
    0x08002064   0x08002064   0x00000078   Code   RO          725    i.TSL_linrot_DebDetectStateProcess  tsl_linrot.o
    0x080020dc   0x080020dc   0x0000006c   Code   RO          726    i.TSL_linrot_DebErrorStateProcess  tsl_linrot.o
    0x08002148   0x08002148   0x00000078   Code   RO          727    i.TSL_linrot_DebProxDetectStateProcess  tsl_linrot.o
    0x080021c0   0x080021c0   0x00000078   Code   RO          728    i.TSL_linrot_DebProxStateProcess  tsl_linrot.o
    0x08002238   0x08002238   0x00000078   Code   RO          729    i.TSL_linrot_DebProxTouchStateProcess  tsl_linrot.o
    0x080022b0   0x080022b0   0x0000005c   Code   RO          730    i.TSL_linrot_DebReleaseDetectStateProcess  tsl_linrot.o
    0x0800230c   0x0800230c   0x00000048   Code   RO          731    i.TSL_linrot_DebReleaseProxStateProcess  tsl_linrot.o
    0x08002354   0x08002354   0x0000005c   Code   RO          732    i.TSL_linrot_DebReleaseTouchStateProcess  tsl_linrot.o
    0x080023b0   0x080023b0   0x000000d0   Code   RO          733    i.TSL_linrot_DetectStateProcess  tsl_linrot.o
    0x08002480   0x08002480   0x00000024   Code   RO          735    i.TSL_linrot_GetStateMask  tsl_linrot.o
    0x080024a4   0x080024a4   0x00000070   Code   RO          736    i.TSL_linrot_Init   tsl_linrot.o
    0x08002514   0x08002514   0x00000050   Code   RO          739    i.TSL_linrot_Process  tsl_linrot.o
    0x08002564   0x08002564   0x00000028   Code   RO          741    i.TSL_linrot_ProcessCh_All_ClearRef  tsl_linrot.o
    0x0800258c   0x0800258c   0x0000002c   Code   RO          742    i.TSL_linrot_ProcessCh_All_DeltaBelowEqu  tsl_linrot.o
    0x080025b8   0x080025b8   0x00000030   Code   RO          743    i.TSL_linrot_ProcessCh_All_SetStatus  tsl_linrot.o
    0x080025e8   0x080025e8   0x0000002c   Code   RO          744    i.TSL_linrot_ProcessCh_One_AcqStatusError  tsl_linrot.o
    0x08002614   0x08002614   0x00000030   Code   RO          745    i.TSL_linrot_ProcessCh_One_DataReady  tsl_linrot.o
    0x08002644   0x08002644   0x0000002c   Code   RO          746    i.TSL_linrot_ProcessCh_One_DeltaAbove  tsl_linrot.o
    0x08002670   0x08002670   0x0000002c   Code   RO          747    i.TSL_linrot_ProcessCh_One_DeltaAboveEqu  tsl_linrot.o
    0x0800269c   0x0800269c   0x00000030   Code   RO          748    i.TSL_linrot_ProcessCh_One_DeltaBelowEquMinus  tsl_linrot.o
    0x080026cc   0x080026cc   0x000000b0   Code   RO          749    i.TSL_linrot_ProxStateProcess  tsl_linrot.o
    0x0800277c   0x0800277c   0x000000b0   Code   RO          750    i.TSL_linrot_ReleaseStateProcess  tsl_linrot.o
    0x0800282c   0x0800282c   0x0000005c   Code   RO          752    i.TSL_linrot_SetStateCalibration  tsl_linrot.o
    0x08002888   0x08002888   0x000000d0   Code   RO          754    i.TSL_linrot_TouchStateProcess  tsl_linrot.o
    0x08002958   0x08002958   0x0000005c   Code   RO          949    i.TSL_obj_GroupInit  tsl_object.o
    0x080029b4   0x080029b4   0x0000005c   Code   RO          950    i.TSL_obj_GroupProcess  tsl_object.o
    0x08002a10   0x08002a10   0x00000020   Code   RO          951    i.TSL_obj_SetGlobalObj  tsl_object.o
    0x08002a30   0x08002a30   0x00000058   Code   RO          981    i.TSL_tim_CheckDelay_ms  tsl_time.o
    0x08002a88   0x08002a88   0x00000058   Code   RO          982    i.TSL_tim_CheckDelay_sec  tsl_time.o
    0x08002ae0   0x08002ae0   0x00000038   Code   RO          983    i.TSL_tim_ProcessIT  tsl_time.o
    0x08002b18   0x08002b18   0x0000005c   Code   RO           14    i.YouWon            main.o
    0x08002b74   0x08002b74   0x00000028   Code   RO         3146    i.__0sprintf$1      mc_p.l(printf1.o)
    0x08002b9c   0x08002b9c   0x00000044   Code   RO         1271    i.__NVIC_SetPriority  stm32l0xx_hal_cortex.o
    0x08002be0   0x08002be0   0x0000000e   Code   RO         3408    i.__scatterload_copy  mc_p.l(handlers.o)
    0x08002bee   0x08002bee   0x00000002   Code   RO         3409    i.__scatterload_null  mc_p.l(handlers.o)
    0x08002bf0   0x08002bf0   0x0000000e   Code   RO         3410    i.__scatterload_zeroinit  mc_p.l(handlers.o)
    0x08002bfe   0x08002bfe   0x00000002   PAD
    0x08002c00   0x08002c00   0x00000150   Code   RO         3151    i._printf_core      mc_p.l(printf1.o)
    0x08002d50   0x08002d50   0x0000000a   Code   RO         3153    i._sputc            mc_p.l(printf1.o)
    0x08002d5a   0x08002d5a   0x00000016   Code   RO         2872    i.gde021a1_CloseChargePump  gde021a1.o
    0x08002d70   0x08002d70   0x0000014a   Code   RO         2873    i.gde021a1_DrawImage  gde021a1.o
    0x08002eba   0x08002eba   0x00000004   Code   RO         2874    i.gde021a1_GetEpdPixelHeight  gde021a1.o
    0x08002ebe   0x08002ebe   0x00000004   Code   RO         2875    i.gde021a1_GetEpdPixelWidth  gde021a1.o
    0x08002ec2   0x08002ec2   0x00000002   PAD
    0x08002ec4   0x08002ec4   0x000000a8   Code   RO         2876    i.gde021a1_Init     gde021a1.o
    0x08002f6c   0x08002f6c   0x00000016   Code   RO         2878    i.gde021a1_RefreshDisplay  gde021a1.o
    0x08002f82   0x08002f82   0x00000048   Code   RO         2879    i.gde021a1_SetDisplayWindow  gde021a1.o
    0x08002fca   0x08002fca   0x00000012   Code   RO         2880    i.gde021a1_WritePixel  gde021a1.o
    0x08002fdc   0x08002fdc   0x00000144   Code   RO           15    i.main              main.o
    0x08003120   0x08003120   0x0000007c   Code   RO          391    i.tsl_user_Exec     tsl_user.o
    0x0800319c   0x0800319c   0x00000018   Code   RO          392    i.tsl_user_Init     tsl_user.o
    0x080031b4   0x080031b4   0x00000024   Data   RO          396    .constdata          tsl_user.o
    0x080031d8   0x080031d8   0x00000006   Data   RO          397    .constdata          tsl_user.o
    0x080031de   0x080031de   0x00000002   PAD
    0x080031e0   0x080031e0   0x00000018   Data   RO          398    .constdata          tsl_user.o
    0x080031f8   0x080031f8   0x000000a0   Data   RO          399    .constdata          tsl_user.o
    0x08003298   0x08003298   0x0000000c   Data   RO          400    .constdata          tsl_user.o
    0x080032a4   0x080032a4   0x00000006   Data   RO          401    .constdata          tsl_user.o
    0x080032aa   0x080032aa   0x00000002   PAD
    0x080032ac   0x080032ac   0x00000024   Data   RO          402    .constdata          tsl_user.o
    0x080032d0   0x080032d0   0x00000008   Data   RO          403    .constdata          tsl_user.o
    0x080032d8   0x080032d8   0x00000012   Data   RO          755    .constdata          tsl_linrot.o
    0x080032ea   0x080032ea   0x00000002   PAD
    0x080032ec   0x080032ec   0x0000001c   Data   RO         2089    .constdata          stm32l0xx_hal_rcc.o
    0x08003308   0x08003308   0x00000008   Data   RO         2781    .constdata          stm32l0538_discovery.o
    0x08003310   0x08003310   0x0000005a   Data   RO         2882    .constdata          gde021a1.o
    0x0800336a   0x0800336a   0x000019fa   Data   RO         2966    .constdata          stm32l0538_discovery_epd.o
    0x08004d64   0x08004d64   0x00001054   Data   RO         2967    .constdata          stm32l0538_discovery_epd.o
    0x08005db8   0x08005db8   0x000007cb   Data   RO         2968    .constdata          stm32l0538_discovery_epd.o
    0x08006583   0x08006583   0x00000001   PAD
    0x08006584   0x08006584   0x00000020   Data   RO         3406    Region$$Table       anon$$obj.o


    Execution Region RW_IRAM1 (Exec base: 0x20000000, Load base: 0x080065a4, Size: 0x00000620, Max: 0x00002000, ABSOLUTE)

    Exec Addr    Load Addr    Size         Type   Attr      Idx    E Section Name        Object

    0x20000000   0x080065a4   0x0000003c   Data   RW           17    .data               main.o
    0x2000003c   0x080065e0   0x0000001d   Data   RW          359    .data               system_stm32l0xx.o
    0x20000059   0x080065fd   0x00000003   PAD
    0x2000005c   0x08006600   0x0000001c   Data   RW          404    .data               tsl_user.o
    0x20000078   0x0800661c   0x00000010   Data   RW          405    .data               tsl_user.o
    0x20000088   0x0800662c   0x00000008   Data   RW          406    .data               tsl_user.o
    0x20000090   0x08006634   0x0000000a   Data   RW          756    .data               tsl_linrot.o
    0x2000009a   0x0800663e   0x00000002   Data   RW          984    .data               tsl_time.o
    0x2000009c   0x08006640   0x00000004   Data   RW         1057    .data               stm32l0xx_hal.o
    0x200000a0   0x08006644   0x00000019   Data   RW         2090    .data               stm32l0xx_hal_rcc.o
    0x200000b9   0x0800665d   0x00000003   PAD
    0x200000bc   0x08006660   0x0000000c   Data   RW         2782    .data               stm32l0538_discovery.o
    0x200000c8   0x0800666c   0x00000020   Data   RW         2883    .data               gde021a1.o
    0x200000e8   0x0800668c   0x00000008   Data   RW         2970    .data               stm32l0538_discovery_epd.o
    0x200000f0   0x08006694   0x00000018   Data   RW         2971    .data               stm32l0538_discovery_epd.o
    0x20000108   0x080066ac   0x00000004   Data   RW         3097    .data               mc_p.l(rand.o)
    0x2000010c        -       0x00000070   Zero   RW           16    .bss                main.o
    0x2000017c        -       0x00000024   Zero   RW          394    .bss                tsl_user.o
    0x200001a0        -       0x0000000d   Zero   RW          395    .bss                tsl_user.o
    0x200001ad   0x080066b0   0x00000003   PAD
    0x200001b0        -       0x00000018   Zero   RW          700    .bss                tsl_globals.o
    0x200001c8        -       0x00000054   Zero   RW         2780    .bss                stm32l0538_discovery.o
    0x2000021c   0x080066b0   0x00000004   PAD
    0x20000220        -       0x00000400   Zero   RW         2756    STACK               startup_stm32l053xx.o


==============================================================================

Image component sizes


      Code (inc. data)   RO Data    RW Data    ZI Data      Debug   Object Name

       640          4         90         32          0       6447   gde021a1.o
      1504        194          0         60        112     188490   main.o
        32         10        192          0       1024        752   startup_stm32l053xx.o
       776        104          8         12         84      11913   stm32l0538_discovery.o
       544         60      12825         32          0      11491   stm32l0538_discovery_epd.o
       124         18          0          4          0       3554   stm32l0xx_hal.o
       148         24          0          0          0      12297   stm32l0xx_hal_cortex.o
       394         30          0          0          0       3395   stm32l0xx_hal_gpio.o
       148          8          0          0          0        594   stm32l0xx_hal_msp.o
      1640         80         28         25          0       5262   stm32l0xx_hal_rcc.o
       694          0          0          0          0       5492   stm32l0xx_hal_spi.o
       200          0          0          0          0       2229   stm32l0xx_hal_tsc.o
        22          0          0          0          0       2482   stm32l0xx_it.o
        84         18          0         29          0       1133   system_stm32l0xx.o
        48         14          0          0          0        955   tsl.o
       300         10          0          0          0       1884   tsl_acq.o
       246         28          0          0          0       7152   tsl_acq_tsc.o
         2          0          0          0          0       1391   tsl_dxs.o
       492         20          0          0          0       4709   tsl_ecs.o
         0          0          0          0         24       1035   tsl_globals.o
      3276        184         18         10          0      23005   tsl_linrot.o
       216         12          0          0          0       2722   tsl_object.o
       232         30          0          2          0       2625   tsl_time.o
       152         14        288         52         49       5149   tsl_user.o

    ----------------------------------------------------------------------
     11934        862      13488        264       1300     306158   Object Totals
         0          0         32          0          0          0   (incl. Generated)
        20          0          7          6          7          0   (incl. Padding)

    ----------------------------------------------------------------------

      Code (inc. data)   RO Data    RW Data    ZI Data      Debug   Library Member Name

         0          0          0          0          0          0   entry.o
         0          0          0          0          0          0   entry10a.o
         0          0          0          0          0          0   entry11a.o
         4          0          0          0          0          0   entry12b.o
         8          4          0          0          0          0   entry2.o
         4          0          0          0          0          0   entry5.o
         0          0          0          0          0          0   entry7b.o
         0          0          0          0          0          0   entry8b.o
         8          4          0          0          0          0   entry9a.o
        30          0          0          0          0          0   handlers.o
        40          0          0          0          0         72   idiv.o
        36          8          0          0          0         68   init.o
       386          8          0          0          0        228   printf1.o
        36         12          0          4          0        120   rand.o
        44          0          0          0          0         72   uidiv.o

    ----------------------------------------------------------------------
       598         36          0          4          0        560   Library Totals
         2          0          0          0          0          0   (incl. Padding)

    ----------------------------------------------------------------------

      Code (inc. data)   RO Data    RW Data    ZI Data      Debug   Library Name

       596         36          0          4          0        560   mc_p.l

    ----------------------------------------------------------------------
       598         36          0          4          0        560   Library Totals

    ----------------------------------------------------------------------

==============================================================================


      Code (inc. data)   RO Data    RW Data    ZI Data      Debug   

     12532        898      13488        268       1300     301018   Grand Totals
     12532        898      13488        268       1300     301018   ELF Image Totals
     12532        898      13488        268          0          0   ROM Totals

==============================================================================

    Total RO  Size (Code + RO Data)                26020 (  25.41kB)
    Total RW  Size (RW Data + ZI Data)              1568 (   1.53kB)
    Total ROM Size (Code + RO Data + RW Data)      26288 (  25.67kB)

==============================================================================

