<html>
<body>
<pre>
<h1>µVision Build Log</h1>
<h2>Tool Versions:</h2>
IDE-Version: µVision V5.16.0.0
Copyright (C) 2015 ARM Ltd and ARM Germany GmbH. All rights reserved.
License Information: Jakub Górnicki, Student, LIC=8C914-FRXRJ-HZPDE-I5T7H-YXSRG-4MU7E
 
Tool Versions:
Toolchain:       MDK-ARM Cortex-M0/M0+ 256K for ST  Version: 5.16.0.0
Toolchain Path:  C:\Keil_v5\ARM\ARMCC\Bin
C Compiler:      Armcc.exe V5.06 (build 20)
Assembler:       Armasm.exe V5.06 (build 20)
Linker/Locator:  ArmLink.exe V5.06 (build 20)
Library Manager: ArmAr.exe V5.06 (build 20)
Hex Converter:   FromElf.exe V5.06 (build 20)
CPU DLL:         SARMCM3.DLL V5.16.0.0
Dialog DLL:      DARMCM1.DLL V1.12.0.0
Target DLL:      STLink\ST-LINKIII-KEIL_SWO.dll V2.0.17.0
Dialog DLL:      TARMCM1.DLL V1.9.0.0
 
<h2>Project:</h2>
C:\Users\Burning Soul\Desktop\Praktyki\stm32cubel0\STM32Cube_FW_L0_V1.1.0\Projects\STM32L053C8-Discovery\Applications\TouchSensing\TouchSensing_Linear\MDK-ARM\Project.uvprojx
Project File Date:  09/01/2015

<h2>Output:</h2>
*** Using Compiler 'V5.06 (build 20)', folder: 'C:\Keil_v5\ARM\ARMCC\Bin'
Rebuild target 'STM32L053C8-Discovery'
compiling system_stm32l0xx.c...
compiling stm32l0xx_hal.c...
compiling stm32l0xx_hal_cortex.c...
compiling stm32l0xx_hal_gpio.c...
compiling stm32l0xx_hal_rcc_ex.c...
compiling stm32l0xx_hal_rcc.c...
compiling stm32l0xx_hal_tsc.c...
compiling stm32l0xx_hal_dma.c...
assembling startup_stm32l053xx.s...
compiling stm32l0xx_hal_spi.c...
compiling main.c...
compiling stm32l0xx_hal_msp.c...
compiling stm32l0xx_it.c...
compiling stmCriticalSection.c...
compiling tsl_user.c...
compiling tsl.c...
compiling tsl_acq.c...
compiling tsl_dxs.c...
compiling tsl_acq_tsc.c...
compiling tsl_ecs.c...
compiling tsl_globals.c...
compiling tsl_filter.c...
compiling tsl_linrot.c...
compiling tsl_object.c...
compiling tsl_time.c...
compiling tsl_touchkey.c...
compiling stm32l0538_discovery.c...
linking...
Program Size: Code=8368 RO-data=572 RW-data=156 ZI-data=1164  
"STM32L0xx_Discovery\STM32L0xx_Discovery.axf" - 0 Error(s), 0 Warning(s).

<h2>Collection of Component include folders:</h2>
  C:\Users\Burning Soul\Desktop\Praktyki\stm32cubel0\STM32Cube_FW_L0_V1.1.0\Projects\STM32L053C8-Discovery\Applications\TouchSensing\TouchSensing_Linear\MDK-ARM\RTE
  C:\Keil_v5\ARM\PACK\Keil\STM32L0xx_DFP\1.3.0\Device\Include

<h2>Collection of Component Files used:</h2>
Build Time Elapsed:  00:00:19
</pre>
</body>
</html>
