<!doctype html public "-//w3c//dtd html 4.0 transitional//en">
<html><head>
<title>Static Call Graph - [STM32L0xx_Discovery\STM32L0xx_Discovery.axf]</title></head>
<body><HR>
<H1>Static Call Graph for image STM32L0xx_Discovery\STM32L0xx_Discovery.axf</H1><HR>
<BR><P>#&#060CALLGRAPH&#062# ARM Linker, 5060020: Last Updated: Thu Sep 03 16:50:03 2015
<BR><P>
<H3>Maximum Stack Usage =        160 bytes + Unknown(Cycles, Untraceable Function Pointers)</H3><H3>
Call chain for Maximum Stack Depth:</H3>
main &rArr; tsl_user_Exec &rArr; TSL_ecs_Process &rArr; TSL_ecs_ProcessK
<P>
<H3>
Mutually Recursive functions
</H3> <LI><a href="#[13]">ADC1_COMP_IRQHandler</a>&nbsp;&nbsp;&nbsp;&rArr;&nbsp;&nbsp;&nbsp;<a href="#[13]">ADC1_COMP_IRQHandler</a><BR>
 <LI><a href="#[2]">HardFault_Handler</a>&nbsp;&nbsp;&nbsp;&rArr;&nbsp;&nbsp;&nbsp;<a href="#[2]">HardFault_Handler</a><BR>
</UL>
<P>
<H3>
Function Pointers
</H3><UL>
 <LI><a href="#[13]">ADC1_COMP_IRQHandler</a> from startup_stm32l053xx.o(.text) referenced from startup_stm32l053xx.o(RESET)
 <LI><a href="#[10]">DMA1_Channel1_IRQHandler</a> from startup_stm32l053xx.o(.text) referenced from startup_stm32l053xx.o(RESET)
 <LI><a href="#[11]">DMA1_Channel2_3_IRQHandler</a> from startup_stm32l053xx.o(.text) referenced from startup_stm32l053xx.o(RESET)
 <LI><a href="#[12]">DMA1_Channel4_5_6_7_IRQHandler</a> from startup_stm32l053xx.o(.text) referenced from startup_stm32l053xx.o(RESET)
 <LI><a href="#[4]">DebugMon_Handler</a> from stm32l0xx_it.o(i.DebugMon_Handler) referenced from startup_stm32l053xx.o(RESET)
 <LI><a href="#[c]">EXTI0_1_IRQHandler</a> from startup_stm32l053xx.o(.text) referenced from startup_stm32l053xx.o(RESET)
 <LI><a href="#[d]">EXTI2_3_IRQHandler</a> from startup_stm32l053xx.o(.text) referenced from startup_stm32l053xx.o(RESET)
 <LI><a href="#[e]">EXTI4_15_IRQHandler</a> from startup_stm32l053xx.o(.text) referenced from startup_stm32l053xx.o(RESET)
 <LI><a href="#[a]">FLASH_IRQHandler</a> from startup_stm32l053xx.o(.text) referenced from startup_stm32l053xx.o(RESET)
 <LI><a href="#[2]">HardFault_Handler</a> from stm32l0xx_it.o(i.HardFault_Handler) referenced from startup_stm32l053xx.o(RESET)
 <LI><a href="#[19]">I2C1_IRQHandler</a> from startup_stm32l053xx.o(.text) referenced from startup_stm32l053xx.o(RESET)
 <LI><a href="#[1a]">I2C2_IRQHandler</a> from startup_stm32l053xx.o(.text) referenced from startup_stm32l053xx.o(RESET)
 <LI><a href="#[20]">LCD_IRQHandler</a> from startup_stm32l053xx.o(.text) referenced from startup_stm32l053xx.o(RESET)
 <LI><a href="#[14]">LPTIM1_IRQHandler</a> from startup_stm32l053xx.o(.text) referenced from startup_stm32l053xx.o(RESET)
 <LI><a href="#[33]">MyLinRots_ErrorStateProcess</a> from tsl_user.o(i.MyLinRots_ErrorStateProcess) referenced from tsl_user.o(.constdata)
 <LI><a href="#[35]">MyLinRots_OffStateProcess</a> from tsl_user.o(i.MyLinRots_OffStateProcess) referenced from tsl_user.o(.constdata)
 <LI><a href="#[1]">NMI_Handler</a> from stm32l0xx_it.o(i.NMI_Handler) referenced from startup_stm32l053xx.o(RESET)
 <LI><a href="#[8]">PVD_IRQHandler</a> from startup_stm32l053xx.o(.text) referenced from startup_stm32l053xx.o(RESET)
 <LI><a href="#[5]">PendSV_Handler</a> from stm32l0xx_it.o(i.PendSV_Handler) referenced from startup_stm32l053xx.o(RESET)
 <LI><a href="#[b]">RCC_CRS_IRQHandler</a> from startup_stm32l053xx.o(.text) referenced from startup_stm32l053xx.o(RESET)
 <LI><a href="#[1f]">RNG_LPUART1_IRQHandler</a> from startup_stm32l053xx.o(.text) referenced from startup_stm32l053xx.o(RESET)
 <LI><a href="#[9]">RTC_IRQHandler</a> from startup_stm32l053xx.o(.text) referenced from startup_stm32l053xx.o(RESET)
 <LI><a href="#[0]">Reset_Handler</a> from startup_stm32l053xx.o(.text) referenced from startup_stm32l053xx.o(RESET)
 <LI><a href="#[1b]">SPI1_IRQHandler</a> from startup_stm32l053xx.o(.text) referenced from startup_stm32l053xx.o(RESET)
 <LI><a href="#[1c]">SPI2_IRQHandler</a> from startup_stm32l053xx.o(.text) referenced from startup_stm32l053xx.o(RESET)
 <LI><a href="#[3]">SVC_Handler</a> from stm32l0xx_it.o(i.SVC_Handler) referenced from startup_stm32l053xx.o(RESET)
 <LI><a href="#[6]">SysTick_Handler</a> from stm32l0xx_it.o(i.SysTick_Handler) referenced from startup_stm32l053xx.o(RESET)
 <LI><a href="#[23]">SystemInit</a> from system_stm32l0xx.o(i.SystemInit) referenced from startup_stm32l053xx.o(.text)
 <LI><a href="#[17]">TIM21_IRQHandler</a> from startup_stm32l053xx.o(.text) referenced from startup_stm32l053xx.o(RESET)
 <LI><a href="#[18]">TIM22_IRQHandler</a> from startup_stm32l053xx.o(.text) referenced from startup_stm32l053xx.o(RESET)
 <LI><a href="#[15]">TIM2_IRQHandler</a> from startup_stm32l053xx.o(.text) referenced from startup_stm32l053xx.o(RESET)
 <LI><a href="#[16]">TIM6_DAC_IRQHandler</a> from startup_stm32l053xx.o(.text) referenced from startup_stm32l053xx.o(RESET)
 <LI><a href="#[f]">TSC_IRQHandler</a> from startup_stm32l053xx.o(.text) referenced from startup_stm32l053xx.o(RESET)
 <LI><a href="#[38]">TSL_linrot_CalcPos</a> from tsl_linrot.o(i.TSL_linrot_CalcPos) referenced from tsl_user.o(.constdata)
 <LI><a href="#[26]">TSL_linrot_CalibrationStateProcess</a> from tsl_linrot.o(i.TSL_linrot_CalibrationStateProcess) referenced from tsl_user.o(.constdata)
 <LI><a href="#[27]">TSL_linrot_DebCalibrationStateProcess</a> from tsl_linrot.o(i.TSL_linrot_DebCalibrationStateProcess) referenced from tsl_user.o(.constdata)
 <LI><a href="#[31]">TSL_linrot_DebDetectStateProcess</a> from tsl_linrot.o(i.TSL_linrot_DebDetectStateProcess) referenced from tsl_user.o(.constdata)
 <LI><a href="#[34]">TSL_linrot_DebErrorStateProcess</a> from tsl_linrot.o(i.TSL_linrot_DebErrorStateProcess) referenced 5 times from tsl_user.o(.constdata)
 <LI><a href="#[2e]">TSL_linrot_DebProxDetectStateProcess</a> from tsl_linrot.o(i.TSL_linrot_DebProxDetectStateProcess) referenced from tsl_user.o(.constdata)
 <LI><a href="#[2d]">TSL_linrot_DebProxStateProcess</a> from tsl_linrot.o(i.TSL_linrot_DebProxStateProcess) referenced from tsl_user.o(.constdata)
 <LI><a href="#[2f]">TSL_linrot_DebProxTouchStateProcess</a> from tsl_linrot.o(i.TSL_linrot_DebProxTouchStateProcess) referenced from tsl_user.o(.constdata)
 <LI><a href="#[2a]">TSL_linrot_DebReleaseDetectStateProcess</a> from tsl_linrot.o(i.TSL_linrot_DebReleaseDetectStateProcess) referenced from tsl_user.o(.constdata)
 <LI><a href="#[29]">TSL_linrot_DebReleaseProxStateProcess</a> from tsl_linrot.o(i.TSL_linrot_DebReleaseProxStateProcess) referenced from tsl_user.o(.constdata)
 <LI><a href="#[2b]">TSL_linrot_DebReleaseTouchStateProcess</a> from tsl_linrot.o(i.TSL_linrot_DebReleaseTouchStateProcess) referenced from tsl_user.o(.constdata)
 <LI><a href="#[30]">TSL_linrot_DetectStateProcess</a> from tsl_linrot.o(i.TSL_linrot_DetectStateProcess) referenced from tsl_user.o(.constdata)
 <LI><a href="#[36]">TSL_linrot_Init</a> from tsl_linrot.o(i.TSL_linrot_Init) referenced from tsl_user.o(.constdata)
 <LI><a href="#[37]">TSL_linrot_Process</a> from tsl_linrot.o(i.TSL_linrot_Process) referenced from tsl_user.o(.constdata)
 <LI><a href="#[2c]">TSL_linrot_ProxStateProcess</a> from tsl_linrot.o(i.TSL_linrot_ProxStateProcess) referenced from tsl_user.o(.constdata)
 <LI><a href="#[28]">TSL_linrot_ReleaseStateProcess</a> from tsl_linrot.o(i.TSL_linrot_ReleaseStateProcess) referenced from tsl_user.o(.constdata)
 <LI><a href="#[25]">TSL_linrot_SetStateCalibration</a> from tsl_linrot.o(i.TSL_linrot_SetStateCalibration) referenced from tsl_ecs.o(i.TSL_ecs_ProcessK)
 <LI><a href="#[32]">TSL_linrot_TouchStateProcess</a> from tsl_linrot.o(i.TSL_linrot_TouchStateProcess) referenced from tsl_user.o(.constdata)
 <LI><a href="#[1d]">USART1_IRQHandler</a> from startup_stm32l053xx.o(.text) referenced from startup_stm32l053xx.o(RESET)
 <LI><a href="#[1e]">USART2_IRQHandler</a> from startup_stm32l053xx.o(.text) referenced from startup_stm32l053xx.o(RESET)
 <LI><a href="#[21]">USB_IRQHandler</a> from startup_stm32l053xx.o(.text) referenced from startup_stm32l053xx.o(RESET)
 <LI><a href="#[7]">WWDG_IRQHandler</a> from startup_stm32l053xx.o(.text) referenced from startup_stm32l053xx.o(RESET)
 <LI><a href="#[24]">__main</a> from entry.o(.ARM.Collect$$$$00000000) referenced from startup_stm32l053xx.o(.text)
 <LI><a href="#[22]">main</a> from main.o(i.main) referenced from entry9a.o(.ARM.Collect$$$$0000000B)
</UL>
<P>
<H3>
Global Symbols
</H3>
<P><STRONG><a name="[24]"></a>__main</STRONG> (Thumb, 0 bytes, Stack size unknown bytes, entry.o(.ARM.Collect$$$$00000000))
<BR>[Address Reference Count : 1]<UL><LI> startup_stm32l053xx.o(.text)
</UL>
<P><STRONG><a name="[78]"></a>_main_stk</STRONG> (Thumb, 0 bytes, Stack size unknown bytes, entry2.o(.ARM.Collect$$$$00000001))

<P><STRONG><a name="[39]"></a>_main_scatterload</STRONG> (Thumb, 0 bytes, Stack size unknown bytes, entry5.o(.ARM.Collect$$$$00000004))
<BR><BR>[Calls]<UL><LI><a href="#[3a]">&gt;&gt;</a>&nbsp;&nbsp;&nbsp;__scatterload
</UL>

<P><STRONG><a name="[3b]"></a>__main_after_scatterload</STRONG> (Thumb, 0 bytes, Stack size unknown bytes, entry5.o(.ARM.Collect$$$$00000004))
<BR><BR>[Called By]<UL><LI><a href="#[3a]">&gt;&gt;</a>&nbsp;&nbsp;&nbsp;__scatterload
</UL>

<P><STRONG><a name="[79]"></a>_main_clock</STRONG> (Thumb, 0 bytes, Stack size unknown bytes, entry7b.o(.ARM.Collect$$$$00000008))

<P><STRONG><a name="[7a]"></a>_main_cpp_init</STRONG> (Thumb, 0 bytes, Stack size unknown bytes, entry8b.o(.ARM.Collect$$$$0000000A))

<P><STRONG><a name="[7b]"></a>_main_init</STRONG> (Thumb, 0 bytes, Stack size unknown bytes, entry9a.o(.ARM.Collect$$$$0000000B))

<P><STRONG><a name="[7c]"></a>__rt_final_cpp</STRONG> (Thumb, 0 bytes, Stack size unknown bytes, entry10a.o(.ARM.Collect$$$$0000000D))

<P><STRONG><a name="[7d]"></a>__rt_final_exit</STRONG> (Thumb, 0 bytes, Stack size unknown bytes, entry11a.o(.ARM.Collect$$$$0000000F))

<P><STRONG><a name="[0]"></a>Reset_Handler</STRONG> (Thumb, 8 bytes, Stack size 0 bytes, startup_stm32l053xx.o(.text))
<BR>[Address Reference Count : 1]<UL><LI> startup_stm32l053xx.o(RESET)
</UL>
<P><STRONG><a name="[13]"></a>ADC1_COMP_IRQHandler</STRONG> (Thumb, 0 bytes, Stack size 0 bytes, startup_stm32l053xx.o(.text))
<BR><BR>[Calls]<UL><LI><a href="#[13]">&gt;&gt;</a>&nbsp;&nbsp;&nbsp;ADC1_COMP_IRQHandler
</UL>
<BR>[Called By]<UL><LI><a href="#[13]">&gt;&gt;</a>&nbsp;&nbsp;&nbsp;ADC1_COMP_IRQHandler
</UL>
<BR>[Address Reference Count : 1]<UL><LI> startup_stm32l053xx.o(RESET)
</UL>
<P><STRONG><a name="[10]"></a>DMA1_Channel1_IRQHandler</STRONG> (Thumb, 0 bytes, Stack size 0 bytes, startup_stm32l053xx.o(.text))
<BR>[Address Reference Count : 1]<UL><LI> startup_stm32l053xx.o(RESET)
</UL>
<P><STRONG><a name="[11]"></a>DMA1_Channel2_3_IRQHandler</STRONG> (Thumb, 0 bytes, Stack size 0 bytes, startup_stm32l053xx.o(.text))
<BR>[Address Reference Count : 1]<UL><LI> startup_stm32l053xx.o(RESET)
</UL>
<P><STRONG><a name="[12]"></a>DMA1_Channel4_5_6_7_IRQHandler</STRONG> (Thumb, 0 bytes, Stack size 0 bytes, startup_stm32l053xx.o(.text))
<BR>[Address Reference Count : 1]<UL><LI> startup_stm32l053xx.o(RESET)
</UL>
<P><STRONG><a name="[c]"></a>EXTI0_1_IRQHandler</STRONG> (Thumb, 0 bytes, Stack size 0 bytes, startup_stm32l053xx.o(.text))
<BR>[Address Reference Count : 1]<UL><LI> startup_stm32l053xx.o(RESET)
</UL>
<P><STRONG><a name="[d]"></a>EXTI2_3_IRQHandler</STRONG> (Thumb, 0 bytes, Stack size 0 bytes, startup_stm32l053xx.o(.text))
<BR>[Address Reference Count : 1]<UL><LI> startup_stm32l053xx.o(RESET)
</UL>
<P><STRONG><a name="[e]"></a>EXTI4_15_IRQHandler</STRONG> (Thumb, 0 bytes, Stack size 0 bytes, startup_stm32l053xx.o(.text))
<BR>[Address Reference Count : 1]<UL><LI> startup_stm32l053xx.o(RESET)
</UL>
<P><STRONG><a name="[a]"></a>FLASH_IRQHandler</STRONG> (Thumb, 0 bytes, Stack size 0 bytes, startup_stm32l053xx.o(.text))
<BR>[Address Reference Count : 1]<UL><LI> startup_stm32l053xx.o(RESET)
</UL>
<P><STRONG><a name="[19]"></a>I2C1_IRQHandler</STRONG> (Thumb, 0 bytes, Stack size 0 bytes, startup_stm32l053xx.o(.text))
<BR>[Address Reference Count : 1]<UL><LI> startup_stm32l053xx.o(RESET)
</UL>
<P><STRONG><a name="[1a]"></a>I2C2_IRQHandler</STRONG> (Thumb, 0 bytes, Stack size 0 bytes, startup_stm32l053xx.o(.text))
<BR>[Address Reference Count : 1]<UL><LI> startup_stm32l053xx.o(RESET)
</UL>
<P><STRONG><a name="[20]"></a>LCD_IRQHandler</STRONG> (Thumb, 0 bytes, Stack size 0 bytes, startup_stm32l053xx.o(.text))
<BR>[Address Reference Count : 1]<UL><LI> startup_stm32l053xx.o(RESET)
</UL>
<P><STRONG><a name="[14]"></a>LPTIM1_IRQHandler</STRONG> (Thumb, 0 bytes, Stack size 0 bytes, startup_stm32l053xx.o(.text))
<BR>[Address Reference Count : 1]<UL><LI> startup_stm32l053xx.o(RESET)
</UL>
<P><STRONG><a name="[8]"></a>PVD_IRQHandler</STRONG> (Thumb, 0 bytes, Stack size 0 bytes, startup_stm32l053xx.o(.text))
<BR>[Address Reference Count : 1]<UL><LI> startup_stm32l053xx.o(RESET)
</UL>
<P><STRONG><a name="[b]"></a>RCC_CRS_IRQHandler</STRONG> (Thumb, 0 bytes, Stack size 0 bytes, startup_stm32l053xx.o(.text))
<BR>[Address Reference Count : 1]<UL><LI> startup_stm32l053xx.o(RESET)
</UL>
<P><STRONG><a name="[1f]"></a>RNG_LPUART1_IRQHandler</STRONG> (Thumb, 0 bytes, Stack size 0 bytes, startup_stm32l053xx.o(.text))
<BR>[Address Reference Count : 1]<UL><LI> startup_stm32l053xx.o(RESET)
</UL>
<P><STRONG><a name="[9]"></a>RTC_IRQHandler</STRONG> (Thumb, 0 bytes, Stack size 0 bytes, startup_stm32l053xx.o(.text))
<BR>[Address Reference Count : 1]<UL><LI> startup_stm32l053xx.o(RESET)
</UL>
<P><STRONG><a name="[1b]"></a>SPI1_IRQHandler</STRONG> (Thumb, 0 bytes, Stack size 0 bytes, startup_stm32l053xx.o(.text))
<BR>[Address Reference Count : 1]<UL><LI> startup_stm32l053xx.o(RESET)
</UL>
<P><STRONG><a name="[1c]"></a>SPI2_IRQHandler</STRONG> (Thumb, 0 bytes, Stack size 0 bytes, startup_stm32l053xx.o(.text))
<BR>[Address Reference Count : 1]<UL><LI> startup_stm32l053xx.o(RESET)
</UL>
<P><STRONG><a name="[17]"></a>TIM21_IRQHandler</STRONG> (Thumb, 0 bytes, Stack size 0 bytes, startup_stm32l053xx.o(.text))
<BR>[Address Reference Count : 1]<UL><LI> startup_stm32l053xx.o(RESET)
</UL>
<P><STRONG><a name="[18]"></a>TIM22_IRQHandler</STRONG> (Thumb, 0 bytes, Stack size 0 bytes, startup_stm32l053xx.o(.text))
<BR>[Address Reference Count : 1]<UL><LI> startup_stm32l053xx.o(RESET)
</UL>
<P><STRONG><a name="[15]"></a>TIM2_IRQHandler</STRONG> (Thumb, 0 bytes, Stack size 0 bytes, startup_stm32l053xx.o(.text))
<BR>[Address Reference Count : 1]<UL><LI> startup_stm32l053xx.o(RESET)
</UL>
<P><STRONG><a name="[16]"></a>TIM6_DAC_IRQHandler</STRONG> (Thumb, 0 bytes, Stack size 0 bytes, startup_stm32l053xx.o(.text))
<BR>[Address Reference Count : 1]<UL><LI> startup_stm32l053xx.o(RESET)
</UL>
<P><STRONG><a name="[f]"></a>TSC_IRQHandler</STRONG> (Thumb, 0 bytes, Stack size 0 bytes, startup_stm32l053xx.o(.text))
<BR>[Address Reference Count : 1]<UL><LI> startup_stm32l053xx.o(RESET)
</UL>
<P><STRONG><a name="[1d]"></a>USART1_IRQHandler</STRONG> (Thumb, 0 bytes, Stack size 0 bytes, startup_stm32l053xx.o(.text))
<BR>[Address Reference Count : 1]<UL><LI> startup_stm32l053xx.o(RESET)
</UL>
<P><STRONG><a name="[1e]"></a>USART2_IRQHandler</STRONG> (Thumb, 0 bytes, Stack size 0 bytes, startup_stm32l053xx.o(.text))
<BR>[Address Reference Count : 1]<UL><LI> startup_stm32l053xx.o(RESET)
</UL>
<P><STRONG><a name="[21]"></a>USB_IRQHandler</STRONG> (Thumb, 0 bytes, Stack size 0 bytes, startup_stm32l053xx.o(.text))
<BR>[Address Reference Count : 1]<UL><LI> startup_stm32l053xx.o(RESET)
</UL>
<P><STRONG><a name="[7]"></a>WWDG_IRQHandler</STRONG> (Thumb, 0 bytes, Stack size 0 bytes, startup_stm32l053xx.o(.text))
<BR>[Address Reference Count : 1]<UL><LI> startup_stm32l053xx.o(RESET)
</UL>
<P><STRONG><a name="[7e]"></a>__aeabi_uidiv</STRONG> (Thumb, 0 bytes, Stack size 12 bytes, uidiv.o(.text), UNUSED)

<P><STRONG><a name="[47]"></a>__aeabi_uidivmod</STRONG> (Thumb, 44 bytes, Stack size 12 bytes, uidiv.o(.text))
<BR><BR>[Stack]<UL><LI>Max Depth = 12<LI>Call Chain = __aeabi_uidivmod
</UL>
<BR>[Called By]<UL><LI><a href="#[4d]">&gt;&gt;</a>&nbsp;&nbsp;&nbsp;HAL_RCC_GetSysClockFreq
<LI><a href="#[44]">&gt;&gt;</a>&nbsp;&nbsp;&nbsp;HAL_InitTick
<LI><a href="#[38]">&gt;&gt;</a>&nbsp;&nbsp;&nbsp;TSL_linrot_CalcPos
<LI><a href="#[56]">&gt;&gt;</a>&nbsp;&nbsp;&nbsp;TSL_Init
<LI><a href="#[55]">&gt;&gt;</a>&nbsp;&nbsp;&nbsp;User_Tick_Management
</UL>

<P><STRONG><a name="[3a]"></a>__scatterload</STRONG> (Thumb, 28 bytes, Stack size 0 bytes, init.o(.text))
<BR><BR>[Calls]<UL><LI><a href="#[3b]">&gt;&gt;</a>&nbsp;&nbsp;&nbsp;__main_after_scatterload
</UL>
<BR>[Called By]<UL><LI><a href="#[39]">&gt;&gt;</a>&nbsp;&nbsp;&nbsp;_main_scatterload
</UL>

<P><STRONG><a name="[7f]"></a>__scatterload_rt2</STRONG> (Thumb, 0 bytes, Stack size 0 bytes, init.o(.text), UNUSED)

<P><STRONG><a name="[3c]"></a>BSP_LED_Init</STRONG> (Thumb, 64 bytes, Stack size 40 bytes, stm32l0538_discovery.o(i.BSP_LED_Init))
<BR><BR>[Stack]<UL><LI>Max Depth = 64<LI>Call Chain = BSP_LED_Init &rArr; HAL_GPIO_Init
</UL>
<BR>[Calls]<UL><LI><a href="#[3e]">&gt;&gt;</a>&nbsp;&nbsp;&nbsp;HAL_GPIO_WritePin
<LI><a href="#[3d]">&gt;&gt;</a>&nbsp;&nbsp;&nbsp;HAL_GPIO_Init
</UL>
<BR>[Called By]<UL><LI><a href="#[22]">&gt;&gt;</a>&nbsp;&nbsp;&nbsp;main
</UL>

<P><STRONG><a name="[3f]"></a>BSP_LED_Off</STRONG> (Thumb, 22 bytes, Stack size 8 bytes, stm32l0538_discovery.o(i.BSP_LED_Off))
<BR><BR>[Stack]<UL><LI>Max Depth = 8<LI>Call Chain = BSP_LED_Off
</UL>
<BR>[Calls]<UL><LI><a href="#[3e]">&gt;&gt;</a>&nbsp;&nbsp;&nbsp;HAL_GPIO_WritePin
</UL>
<BR>[Called By]<UL><LI><a href="#[52]">&gt;&gt;</a>&nbsp;&nbsp;&nbsp;Process_Sensors
</UL>

<P><STRONG><a name="[40]"></a>BSP_LED_On</STRONG> (Thumb, 22 bytes, Stack size 8 bytes, stm32l0538_discovery.o(i.BSP_LED_On))
<BR><BR>[Stack]<UL><LI>Max Depth = 8<LI>Call Chain = BSP_LED_On
</UL>
<BR>[Calls]<UL><LI><a href="#[3e]">&gt;&gt;</a>&nbsp;&nbsp;&nbsp;HAL_GPIO_WritePin
</UL>
<BR>[Called By]<UL><LI><a href="#[52]">&gt;&gt;</a>&nbsp;&nbsp;&nbsp;Process_Sensors
</UL>

<P><STRONG><a name="[41]"></a>BSP_LED_Toggle</STRONG> (Thumb, 20 bytes, Stack size 8 bytes, stm32l0538_discovery.o(i.BSP_LED_Toggle))
<BR><BR>[Stack]<UL><LI>Max Depth = 8<LI>Call Chain = BSP_LED_Toggle
</UL>
<BR>[Calls]<UL><LI><a href="#[42]">&gt;&gt;</a>&nbsp;&nbsp;&nbsp;HAL_GPIO_TogglePin
</UL>
<BR>[Called By]<UL><LI><a href="#[55]">&gt;&gt;</a>&nbsp;&nbsp;&nbsp;User_Tick_Management
</UL>

<P><STRONG><a name="[4]"></a>DebugMon_Handler</STRONG> (Thumb, 2 bytes, Stack size 0 bytes, stm32l0xx_it.o(i.DebugMon_Handler))
<BR>[Address Reference Count : 1]<UL><LI> startup_stm32l053xx.o(RESET)
</UL>
<P><STRONG><a name="[3d]"></a>HAL_GPIO_Init</STRONG> (Thumb, 342 bytes, Stack size 24 bytes, stm32l0xx_hal_gpio.o(i.HAL_GPIO_Init))
<BR><BR>[Stack]<UL><LI>Max Depth = 24<LI>Call Chain = HAL_GPIO_Init
</UL>
<BR>[Called By]<UL><LI><a href="#[45]">&gt;&gt;</a>&nbsp;&nbsp;&nbsp;HAL_MspInit
<LI><a href="#[3c]">&gt;&gt;</a>&nbsp;&nbsp;&nbsp;BSP_LED_Init
</UL>

<P><STRONG><a name="[42]"></a>HAL_GPIO_TogglePin</STRONG> (Thumb, 8 bytes, Stack size 0 bytes, stm32l0xx_hal_gpio.o(i.HAL_GPIO_TogglePin))
<BR><BR>[Called By]<UL><LI><a href="#[41]">&gt;&gt;</a>&nbsp;&nbsp;&nbsp;BSP_LED_Toggle
</UL>

<P><STRONG><a name="[3e]"></a>HAL_GPIO_WritePin</STRONG> (Thumb, 12 bytes, Stack size 0 bytes, stm32l0xx_hal_gpio.o(i.HAL_GPIO_WritePin))
<BR><BR>[Called By]<UL><LI><a href="#[40]">&gt;&gt;</a>&nbsp;&nbsp;&nbsp;BSP_LED_On
<LI><a href="#[3f]">&gt;&gt;</a>&nbsp;&nbsp;&nbsp;BSP_LED_Off
<LI><a href="#[3c]">&gt;&gt;</a>&nbsp;&nbsp;&nbsp;BSP_LED_Init
</UL>

<P><STRONG><a name="[4c]"></a>HAL_GetTick</STRONG> (Thumb, 6 bytes, Stack size 0 bytes, stm32l0xx_hal.o(i.HAL_GetTick))
<BR><BR>[Called By]<UL><LI><a href="#[4e]">&gt;&gt;</a>&nbsp;&nbsp;&nbsp;HAL_RCC_OscConfig
<LI><a href="#[4b]">&gt;&gt;</a>&nbsp;&nbsp;&nbsp;HAL_RCC_ClockConfig
</UL>

<P><STRONG><a name="[53]"></a>HAL_IncTick</STRONG> (Thumb, 10 bytes, Stack size 0 bytes, stm32l0xx_hal.o(i.HAL_IncTick))
<BR><BR>[Called By]<UL><LI><a href="#[6]">&gt;&gt;</a>&nbsp;&nbsp;&nbsp;SysTick_Handler
</UL>

<P><STRONG><a name="[43]"></a>HAL_Init</STRONG> (Thumb, 34 bytes, Stack size 8 bytes, stm32l0xx_hal.o(i.HAL_Init))
<BR><BR>[Stack]<UL><LI>Max Depth = 72<LI>Call Chain = HAL_Init &rArr; HAL_MspInit &rArr; HAL_GPIO_Init
</UL>
<BR>[Calls]<UL><LI><a href="#[44]">&gt;&gt;</a>&nbsp;&nbsp;&nbsp;HAL_InitTick
<LI><a href="#[45]">&gt;&gt;</a>&nbsp;&nbsp;&nbsp;HAL_MspInit
</UL>
<BR>[Called By]<UL><LI><a href="#[22]">&gt;&gt;</a>&nbsp;&nbsp;&nbsp;main
</UL>

<P><STRONG><a name="[44]"></a>HAL_InitTick</STRONG> (Thumb, 34 bytes, Stack size 8 bytes, stm32l0xx_hal.o(i.HAL_InitTick))
<BR><BR>[Stack]<UL><LI>Max Depth = 36<LI>Call Chain = HAL_InitTick &rArr; HAL_RCC_GetHCLKFreq &rArr; HAL_RCC_GetSysClockFreq &rArr; __aeabi_uidivmod
</UL>
<BR>[Calls]<UL><LI><a href="#[48]">&gt;&gt;</a>&nbsp;&nbsp;&nbsp;HAL_SYSTICK_Config
<LI><a href="#[46]">&gt;&gt;</a>&nbsp;&nbsp;&nbsp;HAL_RCC_GetHCLKFreq
<LI><a href="#[49]">&gt;&gt;</a>&nbsp;&nbsp;&nbsp;HAL_NVIC_SetPriority
<LI><a href="#[47]">&gt;&gt;</a>&nbsp;&nbsp;&nbsp;__aeabi_uidivmod
</UL>
<BR>[Called By]<UL><LI><a href="#[4b]">&gt;&gt;</a>&nbsp;&nbsp;&nbsp;HAL_RCC_ClockConfig
<LI><a href="#[43]">&gt;&gt;</a>&nbsp;&nbsp;&nbsp;HAL_Init
</UL>

<P><STRONG><a name="[45]"></a>HAL_MspInit</STRONG> (Thumb, 140 bytes, Stack size 40 bytes, stm32l0xx_hal_msp.o(i.HAL_MspInit))
<BR><BR>[Stack]<UL><LI>Max Depth = 64<LI>Call Chain = HAL_MspInit &rArr; HAL_GPIO_Init
</UL>
<BR>[Calls]<UL><LI><a href="#[3d]">&gt;&gt;</a>&nbsp;&nbsp;&nbsp;HAL_GPIO_Init
</UL>
<BR>[Called By]<UL><LI><a href="#[43]">&gt;&gt;</a>&nbsp;&nbsp;&nbsp;HAL_Init
</UL>

<P><STRONG><a name="[49]"></a>HAL_NVIC_SetPriority</STRONG> (Thumb, 8 bytes, Stack size 8 bytes, stm32l0xx_hal_cortex.o(i.HAL_NVIC_SetPriority))
<BR><BR>[Stack]<UL><LI>Max Depth = 8<LI>Call Chain = HAL_NVIC_SetPriority
</UL>
<BR>[Calls]<UL><LI><a href="#[4a]">&gt;&gt;</a>&nbsp;&nbsp;&nbsp;NVIC_SetPriority
</UL>
<BR>[Called By]<UL><LI><a href="#[44]">&gt;&gt;</a>&nbsp;&nbsp;&nbsp;HAL_InitTick
</UL>

<P><STRONG><a name="[4b]"></a>HAL_RCC_ClockConfig</STRONG> (Thumb, 502 bytes, Stack size 24 bytes, stm32l0xx_hal_rcc.o(i.HAL_RCC_ClockConfig))
<BR><BR>[Stack]<UL><LI>Max Depth = 60<LI>Call Chain = HAL_RCC_ClockConfig &rArr; HAL_InitTick &rArr; HAL_RCC_GetHCLKFreq &rArr; HAL_RCC_GetSysClockFreq &rArr; __aeabi_uidivmod
</UL>
<BR>[Calls]<UL><LI><a href="#[44]">&gt;&gt;</a>&nbsp;&nbsp;&nbsp;HAL_InitTick
<LI><a href="#[4c]">&gt;&gt;</a>&nbsp;&nbsp;&nbsp;HAL_GetTick
</UL>
<BR>[Called By]<UL><LI><a href="#[22]">&gt;&gt;</a>&nbsp;&nbsp;&nbsp;main
</UL>

<P><STRONG><a name="[46]"></a>HAL_RCC_GetHCLKFreq</STRONG> (Thumb, 26 bytes, Stack size 8 bytes, stm32l0xx_hal_rcc.o(i.HAL_RCC_GetHCLKFreq))
<BR><BR>[Stack]<UL><LI>Max Depth = 28<LI>Call Chain = HAL_RCC_GetHCLKFreq &rArr; HAL_RCC_GetSysClockFreq &rArr; __aeabi_uidivmod
</UL>
<BR>[Calls]<UL><LI><a href="#[4d]">&gt;&gt;</a>&nbsp;&nbsp;&nbsp;HAL_RCC_GetSysClockFreq
</UL>
<BR>[Called By]<UL><LI><a href="#[44]">&gt;&gt;</a>&nbsp;&nbsp;&nbsp;HAL_InitTick
</UL>

<P><STRONG><a name="[4d]"></a>HAL_RCC_GetSysClockFreq</STRONG> (Thumb, 96 bytes, Stack size 8 bytes, stm32l0xx_hal_rcc.o(i.HAL_RCC_GetSysClockFreq))
<BR><BR>[Stack]<UL><LI>Max Depth = 20<LI>Call Chain = HAL_RCC_GetSysClockFreq &rArr; __aeabi_uidivmod
</UL>
<BR>[Calls]<UL><LI><a href="#[47]">&gt;&gt;</a>&nbsp;&nbsp;&nbsp;__aeabi_uidivmod
</UL>
<BR>[Called By]<UL><LI><a href="#[46]">&gt;&gt;</a>&nbsp;&nbsp;&nbsp;HAL_RCC_GetHCLKFreq
</UL>

<P><STRONG><a name="[4e]"></a>HAL_RCC_OscConfig</STRONG> (Thumb, 936 bytes, Stack size 24 bytes, stm32l0xx_hal_rcc.o(i.HAL_RCC_OscConfig))
<BR><BR>[Stack]<UL><LI>Max Depth = 24<LI>Call Chain = HAL_RCC_OscConfig
</UL>
<BR>[Calls]<UL><LI><a href="#[4c]">&gt;&gt;</a>&nbsp;&nbsp;&nbsp;HAL_GetTick
</UL>
<BR>[Called By]<UL><LI><a href="#[22]">&gt;&gt;</a>&nbsp;&nbsp;&nbsp;main
</UL>

<P><STRONG><a name="[48]"></a>HAL_SYSTICK_Config</STRONG> (Thumb, 38 bytes, Stack size 8 bytes, stm32l0xx_hal_cortex.o(i.HAL_SYSTICK_Config))
<BR><BR>[Stack]<UL><LI>Max Depth = 8<LI>Call Chain = HAL_SYSTICK_Config
</UL>
<BR>[Calls]<UL><LI><a href="#[4a]">&gt;&gt;</a>&nbsp;&nbsp;&nbsp;NVIC_SetPriority
</UL>
<BR>[Called By]<UL><LI><a href="#[44]">&gt;&gt;</a>&nbsp;&nbsp;&nbsp;HAL_InitTick
</UL>

<P><STRONG><a name="[4f]"></a>HAL_TSC_Init</STRONG> (Thumb, 162 bytes, Stack size 16 bytes, stm32l0xx_hal_tsc.o(i.HAL_TSC_Init))
<BR><BR>[Stack]<UL><LI>Max Depth = 32<LI>Call Chain = HAL_TSC_Init &rArr; TSC_extract_groups
</UL>
<BR>[Calls]<UL><LI><a href="#[50]">&gt;&gt;</a>&nbsp;&nbsp;&nbsp;HAL_TSC_MspInit
<LI><a href="#[51]">&gt;&gt;</a>&nbsp;&nbsp;&nbsp;TSC_extract_groups
</UL>
<BR>[Called By]<UL><LI><a href="#[22]">&gt;&gt;</a>&nbsp;&nbsp;&nbsp;main
</UL>

<P><STRONG><a name="[50]"></a>HAL_TSC_MspInit</STRONG> (Thumb, 2 bytes, Stack size 0 bytes, stm32l0xx_hal_tsc.o(i.HAL_TSC_MspInit))
<BR><BR>[Called By]<UL><LI><a href="#[4f]">&gt;&gt;</a>&nbsp;&nbsp;&nbsp;HAL_TSC_Init
</UL>

<P><STRONG><a name="[2]"></a>HardFault_Handler</STRONG> (Thumb, 2 bytes, Stack size 0 bytes, stm32l0xx_it.o(i.HardFault_Handler))
<BR><BR>[Calls]<UL><LI><a href="#[2]">&gt;&gt;</a>&nbsp;&nbsp;&nbsp;HardFault_Handler
</UL>
<BR>[Called By]<UL><LI><a href="#[2]">&gt;&gt;</a>&nbsp;&nbsp;&nbsp;HardFault_Handler
</UL>
<BR>[Address Reference Count : 1]<UL><LI> startup_stm32l053xx.o(RESET)
</UL>
<P><STRONG><a name="[33]"></a>MyLinRots_ErrorStateProcess</STRONG> (Thumb, 2 bytes, Stack size 0 bytes, tsl_user.o(i.MyLinRots_ErrorStateProcess))
<BR>[Address Reference Count : 1]<UL><LI> tsl_user.o(.constdata)
</UL>
<P><STRONG><a name="[35]"></a>MyLinRots_OffStateProcess</STRONG> (Thumb, 2 bytes, Stack size 0 bytes, tsl_user.o(i.MyLinRots_OffStateProcess))
<BR>[Address Reference Count : 1]<UL><LI> tsl_user.o(.constdata)
</UL>
<P><STRONG><a name="[1]"></a>NMI_Handler</STRONG> (Thumb, 2 bytes, Stack size 0 bytes, stm32l0xx_it.o(i.NMI_Handler))
<BR>[Address Reference Count : 1]<UL><LI> startup_stm32l053xx.o(RESET)
</UL>
<P><STRONG><a name="[5]"></a>PendSV_Handler</STRONG> (Thumb, 2 bytes, Stack size 0 bytes, stm32l0xx_it.o(i.PendSV_Handler))
<BR>[Address Reference Count : 1]<UL><LI> startup_stm32l053xx.o(RESET)
</UL>
<P><STRONG><a name="[52]"></a>Process_Sensors</STRONG> (Thumb, 32 bytes, Stack size 8 bytes, main.o(i.Process_Sensors))
<BR><BR>[Stack]<UL><LI>Max Depth = 16<LI>Call Chain = Process_Sensors &rArr; BSP_LED_On
</UL>
<BR>[Calls]<UL><LI><a href="#[40]">&gt;&gt;</a>&nbsp;&nbsp;&nbsp;BSP_LED_On
<LI><a href="#[3f]">&gt;&gt;</a>&nbsp;&nbsp;&nbsp;BSP_LED_Off
</UL>
<BR>[Called By]<UL><LI><a href="#[22]">&gt;&gt;</a>&nbsp;&nbsp;&nbsp;main
</UL>

<P><STRONG><a name="[3]"></a>SVC_Handler</STRONG> (Thumb, 2 bytes, Stack size 0 bytes, stm32l0xx_it.o(i.SVC_Handler))
<BR>[Address Reference Count : 1]<UL><LI> startup_stm32l053xx.o(RESET)
</UL>
<P><STRONG><a name="[6]"></a>SysTick_Handler</STRONG> (Thumb, 16 bytes, Stack size 8 bytes, stm32l0xx_it.o(i.SysTick_Handler))
<BR><BR>[Stack]<UL><LI>Max Depth = 44<LI>Call Chain = SysTick_Handler &rArr; User_Tick_Management &rArr; __aeabi_uidivmod
</UL>
<BR>[Calls]<UL><LI><a href="#[53]">&gt;&gt;</a>&nbsp;&nbsp;&nbsp;HAL_IncTick
<LI><a href="#[54]">&gt;&gt;</a>&nbsp;&nbsp;&nbsp;TSL_tim_ProcessIT
<LI><a href="#[55]">&gt;&gt;</a>&nbsp;&nbsp;&nbsp;User_Tick_Management
</UL>
<BR>[Address Reference Count : 1]<UL><LI> startup_stm32l053xx.o(RESET)
</UL>
<P><STRONG><a name="[23]"></a>SystemInit</STRONG> (Thumb, 66 bytes, Stack size 0 bytes, system_stm32l0xx.o(i.SystemInit))
<BR>[Address Reference Count : 1]<UL><LI> startup_stm32l053xx.o(.text)
</UL>
<P><STRONG><a name="[56]"></a>TSL_Init</STRONG> (Thumb, 34 bytes, Stack size 8 bytes, tsl.o(i.TSL_Init))
<BR><BR>[Stack]<UL><LI>Max Depth = 20<LI>Call Chain = TSL_Init &rArr; __aeabi_uidivmod
</UL>
<BR>[Calls]<UL><LI><a href="#[47]">&gt;&gt;</a>&nbsp;&nbsp;&nbsp;__aeabi_uidivmod
</UL>
<BR>[Called By]<UL><LI><a href="#[73]">&gt;&gt;</a>&nbsp;&nbsp;&nbsp;tsl_user_Init
</UL>

<P><STRONG><a name="[75]"></a>TSL_acq_BankConfig</STRONG> (Thumb, 90 bytes, Stack size 20 bytes, tsl_acq_tsc.o(i.TSL_acq_BankConfig))
<BR><BR>[Stack]<UL><LI>Max Depth = 20<LI>Call Chain = TSL_acq_BankConfig
</UL>
<BR>[Called By]<UL><LI><a href="#[74]">&gt;&gt;</a>&nbsp;&nbsp;&nbsp;tsl_user_Exec
</UL>

<P><STRONG><a name="[57]"></a>TSL_acq_BankGetResult</STRONG> (Thumb, 290 bytes, Stack size 56 bytes, tsl_acq.o(i.TSL_acq_BankGetResult))
<BR><BR>[Stack]<UL><LI>Max Depth = 56<LI>Call Chain = TSL_acq_BankGetResult
</UL>
<BR>[Calls]<UL><LI><a href="#[59]">&gt;&gt;</a>&nbsp;&nbsp;&nbsp;TSL_acq_UseFilter
<LI><a href="#[58]">&gt;&gt;</a>&nbsp;&nbsp;&nbsp;TSL_acq_GetMeas
<LI><a href="#[5a]">&gt;&gt;</a>&nbsp;&nbsp;&nbsp;TSL_acq_ComputeDelta
<LI><a href="#[5b]">&gt;&gt;</a>&nbsp;&nbsp;&nbsp;TSL_acq_CheckNoise
</UL>
<BR>[Called By]<UL><LI><a href="#[74]">&gt;&gt;</a>&nbsp;&nbsp;&nbsp;tsl_user_Exec
</UL>

<P><STRONG><a name="[5c]"></a>TSL_acq_BankStartAcq</STRONG> (Thumb, 38 bytes, Stack size 8 bytes, tsl_acq_tsc.o(i.TSL_acq_BankStartAcq))
<BR><BR>[Stack]<UL><LI>Max Depth = 8<LI>Call Chain = TSL_acq_BankStartAcq
</UL>
<BR>[Calls]<UL><LI><a href="#[5d]">&gt;&gt;</a>&nbsp;&nbsp;&nbsp;SoftDelay
</UL>
<BR>[Called By]<UL><LI><a href="#[74]">&gt;&gt;</a>&nbsp;&nbsp;&nbsp;tsl_user_Exec
</UL>

<P><STRONG><a name="[76]"></a>TSL_acq_BankWaitEOC</STRONG> (Thumb, 32 bytes, Stack size 0 bytes, tsl_acq_tsc.o(i.TSL_acq_BankWaitEOC))
<BR><BR>[Called By]<UL><LI><a href="#[74]">&gt;&gt;</a>&nbsp;&nbsp;&nbsp;tsl_user_Exec
</UL>

<P><STRONG><a name="[5b]"></a>TSL_acq_CheckNoise</STRONG> (Thumb, 4 bytes, Stack size 0 bytes, tsl_acq_tsc.o(i.TSL_acq_CheckNoise))
<BR><BR>[Called By]<UL><LI><a href="#[57]">&gt;&gt;</a>&nbsp;&nbsp;&nbsp;TSL_acq_BankGetResult
</UL>

<P><STRONG><a name="[5a]"></a>TSL_acq_ComputeDelta</STRONG> (Thumb, 6 bytes, Stack size 0 bytes, tsl_acq_tsc.o(i.TSL_acq_ComputeDelta))
<BR><BR>[Called By]<UL><LI><a href="#[57]">&gt;&gt;</a>&nbsp;&nbsp;&nbsp;TSL_acq_BankGetResult
</UL>

<P><STRONG><a name="[63]"></a>TSL_acq_ComputeMeas</STRONG> (Thumb, 6 bytes, Stack size 0 bytes, tsl_acq_tsc.o(i.TSL_acq_ComputeMeas))
<BR><BR>[Called By]<UL><LI><a href="#[62]">&gt;&gt;</a>&nbsp;&nbsp;&nbsp;TSL_ecs_ProcessK
</UL>

<P><STRONG><a name="[58]"></a>TSL_acq_GetMeas</STRONG> (Thumb, 20 bytes, Stack size 0 bytes, tsl_acq_tsc.o(i.TSL_acq_GetMeas))
<BR><BR>[Called By]<UL><LI><a href="#[57]">&gt;&gt;</a>&nbsp;&nbsp;&nbsp;TSL_acq_BankGetResult
</UL>

<P><STRONG><a name="[66]"></a>TSL_acq_TestFirstReferenceIsValid</STRONG> (Thumb, 4 bytes, Stack size 0 bytes, tsl_acq_tsc.o(i.TSL_acq_TestFirstReferenceIsValid))
<BR><BR>[Called By]<UL><LI><a href="#[26]">&gt;&gt;</a>&nbsp;&nbsp;&nbsp;TSL_linrot_CalibrationStateProcess
</UL>

<P><STRONG><a name="[64]"></a>TSL_acq_TestReferenceOutOfRange</STRONG> (Thumb, 4 bytes, Stack size 0 bytes, tsl_acq_tsc.o(i.TSL_acq_TestReferenceOutOfRange))
<BR><BR>[Called By]<UL><LI><a href="#[62]">&gt;&gt;</a>&nbsp;&nbsp;&nbsp;TSL_ecs_ProcessK
</UL>

<P><STRONG><a name="[59]"></a>TSL_acq_UseFilter</STRONG> (Thumb, 4 bytes, Stack size 0 bytes, tsl_acq_tsc.o(i.TSL_acq_UseFilter))
<BR><BR>[Called By]<UL><LI><a href="#[57]">&gt;&gt;</a>&nbsp;&nbsp;&nbsp;TSL_acq_BankGetResult
</UL>

<P><STRONG><a name="[77]"></a>TSL_dxs_FirstObj</STRONG> (Thumb, 2 bytes, Stack size 0 bytes, tsl_dxs.o(i.TSL_dxs_FirstObj))
<BR><BR>[Called By]<UL><LI><a href="#[74]">&gt;&gt;</a>&nbsp;&nbsp;&nbsp;tsl_user_Exec
</UL>

<P><STRONG><a name="[5e]"></a>TSL_ecs_CalcK</STRONG> (Thumb, 168 bytes, Stack size 48 bytes, tsl_ecs.o(i.TSL_ecs_CalcK))
<BR><BR>[Stack]<UL><LI>Max Depth = 48<LI>Call Chain = TSL_ecs_CalcK
</UL>
<BR>[Calls]<UL><LI><a href="#[5f]">&gt;&gt;</a>&nbsp;&nbsp;&nbsp;TSL_obj_SetGlobalObj
</UL>
<BR>[Called By]<UL><LI><a href="#[60]">&gt;&gt;</a>&nbsp;&nbsp;&nbsp;TSL_ecs_Process
</UL>

<P><STRONG><a name="[60]"></a>TSL_ecs_Process</STRONG> (Thumb, 120 bytes, Stack size 16 bytes, tsl_ecs.o(i.TSL_ecs_Process))
<BR><BR>[Stack]<UL><LI>Max Depth = 64<LI>Call Chain = TSL_ecs_Process &rArr; TSL_ecs_ProcessK
</UL>
<BR>[Calls]<UL><LI><a href="#[62]">&gt;&gt;</a>&nbsp;&nbsp;&nbsp;TSL_ecs_ProcessK
<LI><a href="#[5e]">&gt;&gt;</a>&nbsp;&nbsp;&nbsp;TSL_ecs_CalcK
<LI><a href="#[61]">&gt;&gt;</a>&nbsp;&nbsp;&nbsp;TSL_tim_CheckDelay_ms
</UL>
<BR>[Called By]<UL><LI><a href="#[74]">&gt;&gt;</a>&nbsp;&nbsp;&nbsp;tsl_user_Exec
</UL>

<P><STRONG><a name="[62]"></a>TSL_ecs_ProcessK</STRONG> (Thumb, 184 bytes, Stack size 48 bytes, tsl_ecs.o(i.TSL_ecs_ProcessK))
<BR><BR>[Stack]<UL><LI>Max Depth = 48<LI>Call Chain = TSL_ecs_ProcessK
</UL>
<BR>[Calls]<UL><LI><a href="#[5f]">&gt;&gt;</a>&nbsp;&nbsp;&nbsp;TSL_obj_SetGlobalObj
<LI><a href="#[64]">&gt;&gt;</a>&nbsp;&nbsp;&nbsp;TSL_acq_TestReferenceOutOfRange
<LI><a href="#[63]">&gt;&gt;</a>&nbsp;&nbsp;&nbsp;TSL_acq_ComputeMeas
</UL>
<BR>[Called By]<UL><LI><a href="#[60]">&gt;&gt;</a>&nbsp;&nbsp;&nbsp;TSL_ecs_Process
</UL>

<P><STRONG><a name="[38]"></a>TSL_linrot_CalcPos</STRONG> (Thumb, 644 bytes, Stack size 24 bytes, tsl_linrot.o(i.TSL_linrot_CalcPos))
<BR><BR>[Stack]<UL><LI>Max Depth = 36<LI>Call Chain = TSL_linrot_CalcPos &rArr; __aeabi_uidivmod
</UL>
<BR>[Calls]<UL><LI><a href="#[47]">&gt;&gt;</a>&nbsp;&nbsp;&nbsp;__aeabi_uidivmod
</UL>
<BR>[Address Reference Count : 1]<UL><LI> tsl_user.o(.constdata)
</UL>
<P><STRONG><a name="[26]"></a>TSL_linrot_CalibrationStateProcess</STRONG> (Thumb, 186 bytes, Stack size 24 bytes, tsl_linrot.o(i.TSL_linrot_CalibrationStateProcess))
<BR><BR>[Stack]<UL><LI>Max Depth = 24<LI>Call Chain = TSL_linrot_CalibrationStateProcess
</UL>
<BR>[Calls]<UL><LI><a href="#[66]">&gt;&gt;</a>&nbsp;&nbsp;&nbsp;TSL_acq_TestFirstReferenceIsValid
<LI><a href="#[65]">&gt;&gt;</a>&nbsp;&nbsp;&nbsp;TSL_linrot_ProcessCh_One_AcqStatusError
</UL>
<BR>[Address Reference Count : 1]<UL><LI> tsl_user.o(.constdata)
</UL>
<P><STRONG><a name="[69]"></a>TSL_linrot_DTOGetTime</STRONG> (Thumb, 42 bytes, Stack size 8 bytes, tsl_linrot.o(i.TSL_linrot_DTOGetTime))
<BR><BR>[Stack]<UL><LI>Max Depth = 8<LI>Call Chain = TSL_linrot_DTOGetTime
</UL>
<BR>[Called By]<UL><LI><a href="#[32]">&gt;&gt;</a>&nbsp;&nbsp;&nbsp;TSL_linrot_TouchStateProcess
<LI><a href="#[28]">&gt;&gt;</a>&nbsp;&nbsp;&nbsp;TSL_linrot_ReleaseStateProcess
<LI><a href="#[2c]">&gt;&gt;</a>&nbsp;&nbsp;&nbsp;TSL_linrot_ProxStateProcess
<LI><a href="#[30]">&gt;&gt;</a>&nbsp;&nbsp;&nbsp;TSL_linrot_DetectStateProcess
<LI><a href="#[2f]">&gt;&gt;</a>&nbsp;&nbsp;&nbsp;TSL_linrot_DebProxTouchStateProcess
<LI><a href="#[2d]">&gt;&gt;</a>&nbsp;&nbsp;&nbsp;TSL_linrot_DebProxStateProcess
<LI><a href="#[2e]">&gt;&gt;</a>&nbsp;&nbsp;&nbsp;TSL_linrot_DebProxDetectStateProcess
<LI><a href="#[31]">&gt;&gt;</a>&nbsp;&nbsp;&nbsp;TSL_linrot_DebDetectStateProcess
</UL>

<P><STRONG><a name="[27]"></a>TSL_linrot_DebCalibrationStateProcess</STRONG> (Thumb, 66 bytes, Stack size 12 bytes, tsl_linrot.o(i.TSL_linrot_DebCalibrationStateProcess))
<BR><BR>[Stack]<UL><LI>Max Depth = 36<LI>Call Chain = TSL_linrot_DebCalibrationStateProcess &rArr; TSL_linrot_SetStateCalibration &rArr; TSL_linrot_ProcessCh_All_SetStatus
</UL>
<BR>[Calls]<UL><LI><a href="#[25]">&gt;&gt;</a>&nbsp;&nbsp;&nbsp;TSL_linrot_SetStateCalibration
<LI><a href="#[67]">&gt;&gt;</a>&nbsp;&nbsp;&nbsp;TSL_linrot_ProcessCh_One_DeltaBelowEquMinus
<LI><a href="#[65]">&gt;&gt;</a>&nbsp;&nbsp;&nbsp;TSL_linrot_ProcessCh_One_AcqStatusError
</UL>
<BR>[Address Reference Count : 1]<UL><LI> tsl_user.o(.constdata)
</UL>
<P><STRONG><a name="[31]"></a>TSL_linrot_DebDetectStateProcess</STRONG> (Thumb, 116 bytes, Stack size 12 bytes, tsl_linrot.o(i.TSL_linrot_DebDetectStateProcess))
<BR><BR>[Stack]<UL><LI>Max Depth = 20<LI>Call Chain = TSL_linrot_DebDetectStateProcess &rArr; TSL_linrot_ProcessCh_One_DeltaAboveEqu
</UL>
<BR>[Calls]<UL><LI><a href="#[68]">&gt;&gt;</a>&nbsp;&nbsp;&nbsp;TSL_linrot_ProcessCh_One_DeltaAboveEqu
<LI><a href="#[65]">&gt;&gt;</a>&nbsp;&nbsp;&nbsp;TSL_linrot_ProcessCh_One_AcqStatusError
<LI><a href="#[69]">&gt;&gt;</a>&nbsp;&nbsp;&nbsp;TSL_linrot_DTOGetTime
</UL>
<BR>[Address Reference Count : 1]<UL><LI> tsl_user.o(.constdata)
</UL>
<P><STRONG><a name="[34]"></a>TSL_linrot_DebErrorStateProcess</STRONG> (Thumb, 102 bytes, Stack size 8 bytes, tsl_linrot.o(i.TSL_linrot_DebErrorStateProcess))
<BR><BR>[Stack]<UL><LI>Max Depth = 32<LI>Call Chain = TSL_linrot_DebErrorStateProcess &rArr; TSL_linrot_SetStateCalibration &rArr; TSL_linrot_ProcessCh_All_SetStatus
</UL>
<BR>[Calls]<UL><LI><a href="#[25]">&gt;&gt;</a>&nbsp;&nbsp;&nbsp;TSL_linrot_SetStateCalibration
<LI><a href="#[65]">&gt;&gt;</a>&nbsp;&nbsp;&nbsp;TSL_linrot_ProcessCh_One_AcqStatusError
<LI><a href="#[6a]">&gt;&gt;</a>&nbsp;&nbsp;&nbsp;TSL_linrot_GetStateMask
</UL>
<BR>[Address Reference Count : 1]<UL><LI> tsl_user.o(.constdata)
</UL>
<P><STRONG><a name="[2e]"></a>TSL_linrot_DebProxDetectStateProcess</STRONG> (Thumb, 114 bytes, Stack size 12 bytes, tsl_linrot.o(i.TSL_linrot_DebProxDetectStateProcess))
<BR><BR>[Stack]<UL><LI>Max Depth = 20<LI>Call Chain = TSL_linrot_DebProxDetectStateProcess &rArr; TSL_linrot_ProcessCh_One_DeltaAbove
</UL>
<BR>[Calls]<UL><LI><a href="#[6b]">&gt;&gt;</a>&nbsp;&nbsp;&nbsp;TSL_linrot_ProcessCh_One_DeltaAbove
<LI><a href="#[65]">&gt;&gt;</a>&nbsp;&nbsp;&nbsp;TSL_linrot_ProcessCh_One_AcqStatusError
<LI><a href="#[69]">&gt;&gt;</a>&nbsp;&nbsp;&nbsp;TSL_linrot_DTOGetTime
</UL>
<BR>[Address Reference Count : 1]<UL><LI> tsl_user.o(.constdata)
</UL>
<P><STRONG><a name="[2d]"></a>TSL_linrot_DebProxStateProcess</STRONG> (Thumb, 116 bytes, Stack size 12 bytes, tsl_linrot.o(i.TSL_linrot_DebProxStateProcess))
<BR><BR>[Stack]<UL><LI>Max Depth = 20<LI>Call Chain = TSL_linrot_DebProxStateProcess &rArr; TSL_linrot_ProcessCh_One_DeltaAboveEqu
</UL>
<BR>[Calls]<UL><LI><a href="#[68]">&gt;&gt;</a>&nbsp;&nbsp;&nbsp;TSL_linrot_ProcessCh_One_DeltaAboveEqu
<LI><a href="#[65]">&gt;&gt;</a>&nbsp;&nbsp;&nbsp;TSL_linrot_ProcessCh_One_AcqStatusError
<LI><a href="#[69]">&gt;&gt;</a>&nbsp;&nbsp;&nbsp;TSL_linrot_DTOGetTime
</UL>
<BR>[Address Reference Count : 1]<UL><LI> tsl_user.o(.constdata)
</UL>
<P><STRONG><a name="[2f]"></a>TSL_linrot_DebProxTouchStateProcess</STRONG> (Thumb, 114 bytes, Stack size 12 bytes, tsl_linrot.o(i.TSL_linrot_DebProxTouchStateProcess))
<BR><BR>[Stack]<UL><LI>Max Depth = 20<LI>Call Chain = TSL_linrot_DebProxTouchStateProcess &rArr; TSL_linrot_ProcessCh_One_DeltaAbove
</UL>
<BR>[Calls]<UL><LI><a href="#[6b]">&gt;&gt;</a>&nbsp;&nbsp;&nbsp;TSL_linrot_ProcessCh_One_DeltaAbove
<LI><a href="#[65]">&gt;&gt;</a>&nbsp;&nbsp;&nbsp;TSL_linrot_ProcessCh_One_AcqStatusError
<LI><a href="#[69]">&gt;&gt;</a>&nbsp;&nbsp;&nbsp;TSL_linrot_DTOGetTime
</UL>
<BR>[Address Reference Count : 1]<UL><LI> tsl_user.o(.constdata)
</UL>
<P><STRONG><a name="[2a]"></a>TSL_linrot_DebReleaseDetectStateProcess</STRONG> (Thumb, 88 bytes, Stack size 12 bytes, tsl_linrot.o(i.TSL_linrot_DebReleaseDetectStateProcess))
<BR><BR>[Stack]<UL><LI>Max Depth = 20<LI>Call Chain = TSL_linrot_DebReleaseDetectStateProcess &rArr; TSL_linrot_ProcessCh_One_DeltaAbove
</UL>
<BR>[Calls]<UL><LI><a href="#[6b]">&gt;&gt;</a>&nbsp;&nbsp;&nbsp;TSL_linrot_ProcessCh_One_DeltaAbove
<LI><a href="#[65]">&gt;&gt;</a>&nbsp;&nbsp;&nbsp;TSL_linrot_ProcessCh_One_AcqStatusError
</UL>
<BR>[Address Reference Count : 1]<UL><LI> tsl_user.o(.constdata)
</UL>
<P><STRONG><a name="[29]"></a>TSL_linrot_DebReleaseProxStateProcess</STRONG> (Thumb, 68 bytes, Stack size 12 bytes, tsl_linrot.o(i.TSL_linrot_DebReleaseProxStateProcess))
<BR><BR>[Stack]<UL><LI>Max Depth = 20<LI>Call Chain = TSL_linrot_DebReleaseProxStateProcess &rArr; TSL_linrot_ProcessCh_One_DeltaAbove
</UL>
<BR>[Calls]<UL><LI><a href="#[6b]">&gt;&gt;</a>&nbsp;&nbsp;&nbsp;TSL_linrot_ProcessCh_One_DeltaAbove
<LI><a href="#[65]">&gt;&gt;</a>&nbsp;&nbsp;&nbsp;TSL_linrot_ProcessCh_One_AcqStatusError
</UL>
<BR>[Address Reference Count : 1]<UL><LI> tsl_user.o(.constdata)
</UL>
<P><STRONG><a name="[2b]"></a>TSL_linrot_DebReleaseTouchStateProcess</STRONG> (Thumb, 88 bytes, Stack size 12 bytes, tsl_linrot.o(i.TSL_linrot_DebReleaseTouchStateProcess))
<BR><BR>[Stack]<UL><LI>Max Depth = 20<LI>Call Chain = TSL_linrot_DebReleaseTouchStateProcess &rArr; TSL_linrot_ProcessCh_One_DeltaAbove
</UL>
<BR>[Calls]<UL><LI><a href="#[6b]">&gt;&gt;</a>&nbsp;&nbsp;&nbsp;TSL_linrot_ProcessCh_One_DeltaAbove
<LI><a href="#[65]">&gt;&gt;</a>&nbsp;&nbsp;&nbsp;TSL_linrot_ProcessCh_One_AcqStatusError
</UL>
<BR>[Address Reference Count : 1]<UL><LI> tsl_user.o(.constdata)
</UL>
<P><STRONG><a name="[30]"></a>TSL_linrot_DetectStateProcess</STRONG> (Thumb, 200 bytes, Stack size 16 bytes, tsl_linrot.o(i.TSL_linrot_DetectStateProcess))
<BR><BR>[Stack]<UL><LI>Max Depth = 40<LI>Call Chain = TSL_linrot_DetectStateProcess &rArr; TSL_linrot_SetStateCalibration &rArr; TSL_linrot_ProcessCh_All_SetStatus
</UL>
<BR>[Calls]<UL><LI><a href="#[25]">&gt;&gt;</a>&nbsp;&nbsp;&nbsp;TSL_linrot_SetStateCalibration
<LI><a href="#[6c]">&gt;&gt;</a>&nbsp;&nbsp;&nbsp;TSL_tim_CheckDelay_sec
<LI><a href="#[6b]">&gt;&gt;</a>&nbsp;&nbsp;&nbsp;TSL_linrot_ProcessCh_One_DeltaAbove
<LI><a href="#[65]">&gt;&gt;</a>&nbsp;&nbsp;&nbsp;TSL_linrot_ProcessCh_One_AcqStatusError
<LI><a href="#[69]">&gt;&gt;</a>&nbsp;&nbsp;&nbsp;TSL_linrot_DTOGetTime
</UL>
<BR>[Address Reference Count : 1]<UL><LI> tsl_user.o(.constdata)
</UL>
<P><STRONG><a name="[6a]"></a>TSL_linrot_GetStateMask</STRONG> (Thumb, 30 bytes, Stack size 0 bytes, tsl_linrot.o(i.TSL_linrot_GetStateMask))
<BR><BR>[Called By]<UL><LI><a href="#[34]">&gt;&gt;</a>&nbsp;&nbsp;&nbsp;TSL_linrot_DebErrorStateProcess
</UL>

<P><STRONG><a name="[36]"></a>TSL_linrot_Init</STRONG> (Thumb, 106 bytes, Stack size 8 bytes, tsl_linrot.o(i.TSL_linrot_Init))
<BR><BR>[Stack]<UL><LI>Max Depth = 32<LI>Call Chain = TSL_linrot_Init &rArr; TSL_linrot_SetStateCalibration &rArr; TSL_linrot_ProcessCh_All_SetStatus
</UL>
<BR>[Calls]<UL><LI><a href="#[25]">&gt;&gt;</a>&nbsp;&nbsp;&nbsp;TSL_linrot_SetStateCalibration
</UL>
<BR>[Address Reference Count : 1]<UL><LI> tsl_user.o(.constdata)
</UL>
<P><STRONG><a name="[37]"></a>TSL_linrot_Process</STRONG> (Thumb, 74 bytes, Stack size 16 bytes, tsl_linrot.o(i.TSL_linrot_Process))
<BR><BR>[Stack]<UL><LI>Max Depth = 28<LI>Call Chain = TSL_linrot_Process &rArr; TSL_linrot_ProcessCh_One_DataReady
</UL>
<BR>[Calls]<UL><LI><a href="#[6d]">&gt;&gt;</a>&nbsp;&nbsp;&nbsp;TSL_linrot_ProcessCh_One_DataReady
</UL>
<BR>[Address Reference Count : 1]<UL><LI> tsl_user.o(.constdata)
</UL>
<P><STRONG><a name="[70]"></a>TSL_linrot_ProcessCh_All_ClearRef</STRONG> (Thumb, 34 bytes, Stack size 8 bytes, tsl_linrot.o(i.TSL_linrot_ProcessCh_All_ClearRef))
<BR><BR>[Stack]<UL><LI>Max Depth = 8<LI>Call Chain = TSL_linrot_ProcessCh_All_ClearRef
</UL>
<BR>[Called By]<UL><LI><a href="#[25]">&gt;&gt;</a>&nbsp;&nbsp;&nbsp;TSL_linrot_SetStateCalibration
</UL>

<P><STRONG><a name="[6e]"></a>TSL_linrot_ProcessCh_All_DeltaBelowEqu</STRONG> (Thumb, 40 bytes, Stack size 8 bytes, tsl_linrot.o(i.TSL_linrot_ProcessCh_All_DeltaBelowEqu))
<BR><BR>[Stack]<UL><LI>Max Depth = 8<LI>Call Chain = TSL_linrot_ProcessCh_All_DeltaBelowEqu
</UL>
<BR>[Called By]<UL><LI><a href="#[2c]">&gt;&gt;</a>&nbsp;&nbsp;&nbsp;TSL_linrot_ProxStateProcess
</UL>

<P><STRONG><a name="[6f]"></a>TSL_linrot_ProcessCh_All_SetStatus</STRONG> (Thumb, 42 bytes, Stack size 12 bytes, tsl_linrot.o(i.TSL_linrot_ProcessCh_All_SetStatus))
<BR><BR>[Stack]<UL><LI>Max Depth = 12<LI>Call Chain = TSL_linrot_ProcessCh_All_SetStatus
</UL>
<BR>[Called By]<UL><LI><a href="#[25]">&gt;&gt;</a>&nbsp;&nbsp;&nbsp;TSL_linrot_SetStateCalibration
</UL>

<P><STRONG><a name="[65]"></a>TSL_linrot_ProcessCh_One_AcqStatusError</STRONG> (Thumb, 40 bytes, Stack size 0 bytes, tsl_linrot.o(i.TSL_linrot_ProcessCh_One_AcqStatusError))
<BR><BR>[Called By]<UL><LI><a href="#[32]">&gt;&gt;</a>&nbsp;&nbsp;&nbsp;TSL_linrot_TouchStateProcess
<LI><a href="#[28]">&gt;&gt;</a>&nbsp;&nbsp;&nbsp;TSL_linrot_ReleaseStateProcess
<LI><a href="#[2c]">&gt;&gt;</a>&nbsp;&nbsp;&nbsp;TSL_linrot_ProxStateProcess
<LI><a href="#[30]">&gt;&gt;</a>&nbsp;&nbsp;&nbsp;TSL_linrot_DetectStateProcess
<LI><a href="#[2b]">&gt;&gt;</a>&nbsp;&nbsp;&nbsp;TSL_linrot_DebReleaseTouchStateProcess
<LI><a href="#[29]">&gt;&gt;</a>&nbsp;&nbsp;&nbsp;TSL_linrot_DebReleaseProxStateProcess
<LI><a href="#[2a]">&gt;&gt;</a>&nbsp;&nbsp;&nbsp;TSL_linrot_DebReleaseDetectStateProcess
<LI><a href="#[2f]">&gt;&gt;</a>&nbsp;&nbsp;&nbsp;TSL_linrot_DebProxTouchStateProcess
<LI><a href="#[2d]">&gt;&gt;</a>&nbsp;&nbsp;&nbsp;TSL_linrot_DebProxStateProcess
<LI><a href="#[2e]">&gt;&gt;</a>&nbsp;&nbsp;&nbsp;TSL_linrot_DebProxDetectStateProcess
<LI><a href="#[34]">&gt;&gt;</a>&nbsp;&nbsp;&nbsp;TSL_linrot_DebErrorStateProcess
<LI><a href="#[31]">&gt;&gt;</a>&nbsp;&nbsp;&nbsp;TSL_linrot_DebDetectStateProcess
<LI><a href="#[27]">&gt;&gt;</a>&nbsp;&nbsp;&nbsp;TSL_linrot_DebCalibrationStateProcess
<LI><a href="#[26]">&gt;&gt;</a>&nbsp;&nbsp;&nbsp;TSL_linrot_CalibrationStateProcess
</UL>

<P><STRONG><a name="[6d]"></a>TSL_linrot_ProcessCh_One_DataReady</STRONG> (Thumb, 44 bytes, Stack size 12 bytes, tsl_linrot.o(i.TSL_linrot_ProcessCh_One_DataReady))
<BR><BR>[Stack]<UL><LI>Max Depth = 12<LI>Call Chain = TSL_linrot_ProcessCh_One_DataReady
</UL>
<BR>[Called By]<UL><LI><a href="#[37]">&gt;&gt;</a>&nbsp;&nbsp;&nbsp;TSL_linrot_Process
</UL>

<P><STRONG><a name="[6b]"></a>TSL_linrot_ProcessCh_One_DeltaAbove</STRONG> (Thumb, 40 bytes, Stack size 8 bytes, tsl_linrot.o(i.TSL_linrot_ProcessCh_One_DeltaAbove))
<BR><BR>[Stack]<UL><LI>Max Depth = 8<LI>Call Chain = TSL_linrot_ProcessCh_One_DeltaAbove
</UL>
<BR>[Called By]<UL><LI><a href="#[32]">&gt;&gt;</a>&nbsp;&nbsp;&nbsp;TSL_linrot_TouchStateProcess
<LI><a href="#[30]">&gt;&gt;</a>&nbsp;&nbsp;&nbsp;TSL_linrot_DetectStateProcess
<LI><a href="#[2b]">&gt;&gt;</a>&nbsp;&nbsp;&nbsp;TSL_linrot_DebReleaseTouchStateProcess
<LI><a href="#[29]">&gt;&gt;</a>&nbsp;&nbsp;&nbsp;TSL_linrot_DebReleaseProxStateProcess
<LI><a href="#[2a]">&gt;&gt;</a>&nbsp;&nbsp;&nbsp;TSL_linrot_DebReleaseDetectStateProcess
<LI><a href="#[2f]">&gt;&gt;</a>&nbsp;&nbsp;&nbsp;TSL_linrot_DebProxTouchStateProcess
<LI><a href="#[2e]">&gt;&gt;</a>&nbsp;&nbsp;&nbsp;TSL_linrot_DebProxDetectStateProcess
</UL>

<P><STRONG><a name="[68]"></a>TSL_linrot_ProcessCh_One_DeltaAboveEqu</STRONG> (Thumb, 40 bytes, Stack size 8 bytes, tsl_linrot.o(i.TSL_linrot_ProcessCh_One_DeltaAboveEqu))
<BR><BR>[Stack]<UL><LI>Max Depth = 8<LI>Call Chain = TSL_linrot_ProcessCh_One_DeltaAboveEqu
</UL>
<BR>[Called By]<UL><LI><a href="#[28]">&gt;&gt;</a>&nbsp;&nbsp;&nbsp;TSL_linrot_ReleaseStateProcess
<LI><a href="#[2c]">&gt;&gt;</a>&nbsp;&nbsp;&nbsp;TSL_linrot_ProxStateProcess
<LI><a href="#[2d]">&gt;&gt;</a>&nbsp;&nbsp;&nbsp;TSL_linrot_DebProxStateProcess
<LI><a href="#[31]">&gt;&gt;</a>&nbsp;&nbsp;&nbsp;TSL_linrot_DebDetectStateProcess
</UL>

<P><STRONG><a name="[67]"></a>TSL_linrot_ProcessCh_One_DeltaBelowEquMinus</STRONG> (Thumb, 42 bytes, Stack size 8 bytes, tsl_linrot.o(i.TSL_linrot_ProcessCh_One_DeltaBelowEquMinus))
<BR><BR>[Stack]<UL><LI>Max Depth = 8<LI>Call Chain = TSL_linrot_ProcessCh_One_DeltaBelowEquMinus
</UL>
<BR>[Called By]<UL><LI><a href="#[28]">&gt;&gt;</a>&nbsp;&nbsp;&nbsp;TSL_linrot_ReleaseStateProcess
<LI><a href="#[27]">&gt;&gt;</a>&nbsp;&nbsp;&nbsp;TSL_linrot_DebCalibrationStateProcess
</UL>

<P><STRONG><a name="[2c]"></a>TSL_linrot_ProxStateProcess</STRONG> (Thumb, 166 bytes, Stack size 16 bytes, tsl_linrot.o(i.TSL_linrot_ProxStateProcess))
<BR><BR>[Stack]<UL><LI>Max Depth = 40<LI>Call Chain = TSL_linrot_ProxStateProcess &rArr; TSL_linrot_SetStateCalibration &rArr; TSL_linrot_ProcessCh_All_SetStatus
</UL>
<BR>[Calls]<UL><LI><a href="#[25]">&gt;&gt;</a>&nbsp;&nbsp;&nbsp;TSL_linrot_SetStateCalibration
<LI><a href="#[6c]">&gt;&gt;</a>&nbsp;&nbsp;&nbsp;TSL_tim_CheckDelay_sec
<LI><a href="#[68]">&gt;&gt;</a>&nbsp;&nbsp;&nbsp;TSL_linrot_ProcessCh_One_DeltaAboveEqu
<LI><a href="#[65]">&gt;&gt;</a>&nbsp;&nbsp;&nbsp;TSL_linrot_ProcessCh_One_AcqStatusError
<LI><a href="#[6e]">&gt;&gt;</a>&nbsp;&nbsp;&nbsp;TSL_linrot_ProcessCh_All_DeltaBelowEqu
<LI><a href="#[69]">&gt;&gt;</a>&nbsp;&nbsp;&nbsp;TSL_linrot_DTOGetTime
</UL>
<BR>[Address Reference Count : 1]<UL><LI> tsl_user.o(.constdata)
</UL>
<P><STRONG><a name="[28]"></a>TSL_linrot_ReleaseStateProcess</STRONG> (Thumb, 172 bytes, Stack size 8 bytes, tsl_linrot.o(i.TSL_linrot_ReleaseStateProcess))
<BR><BR>[Stack]<UL><LI>Max Depth = 32<LI>Call Chain = TSL_linrot_ReleaseStateProcess &rArr; TSL_linrot_SetStateCalibration &rArr; TSL_linrot_ProcessCh_All_SetStatus
</UL>
<BR>[Calls]<UL><LI><a href="#[25]">&gt;&gt;</a>&nbsp;&nbsp;&nbsp;TSL_linrot_SetStateCalibration
<LI><a href="#[67]">&gt;&gt;</a>&nbsp;&nbsp;&nbsp;TSL_linrot_ProcessCh_One_DeltaBelowEquMinus
<LI><a href="#[68]">&gt;&gt;</a>&nbsp;&nbsp;&nbsp;TSL_linrot_ProcessCh_One_DeltaAboveEqu
<LI><a href="#[65]">&gt;&gt;</a>&nbsp;&nbsp;&nbsp;TSL_linrot_ProcessCh_One_AcqStatusError
<LI><a href="#[69]">&gt;&gt;</a>&nbsp;&nbsp;&nbsp;TSL_linrot_DTOGetTime
</UL>
<BR>[Address Reference Count : 1]<UL><LI> tsl_user.o(.constdata)
</UL>
<P><STRONG><a name="[25]"></a>TSL_linrot_SetStateCalibration</STRONG> (Thumb, 78 bytes, Stack size 12 bytes, tsl_linrot.o(i.TSL_linrot_SetStateCalibration))
<BR><BR>[Stack]<UL><LI>Max Depth = 24<LI>Call Chain = TSL_linrot_SetStateCalibration &rArr; TSL_linrot_ProcessCh_All_SetStatus
</UL>
<BR>[Calls]<UL><LI><a href="#[6f]">&gt;&gt;</a>&nbsp;&nbsp;&nbsp;TSL_linrot_ProcessCh_All_SetStatus
<LI><a href="#[70]">&gt;&gt;</a>&nbsp;&nbsp;&nbsp;TSL_linrot_ProcessCh_All_ClearRef
</UL>
<BR>[Called By]<UL><LI><a href="#[32]">&gt;&gt;</a>&nbsp;&nbsp;&nbsp;TSL_linrot_TouchStateProcess
<LI><a href="#[28]">&gt;&gt;</a>&nbsp;&nbsp;&nbsp;TSL_linrot_ReleaseStateProcess
<LI><a href="#[2c]">&gt;&gt;</a>&nbsp;&nbsp;&nbsp;TSL_linrot_ProxStateProcess
<LI><a href="#[36]">&gt;&gt;</a>&nbsp;&nbsp;&nbsp;TSL_linrot_Init
<LI><a href="#[30]">&gt;&gt;</a>&nbsp;&nbsp;&nbsp;TSL_linrot_DetectStateProcess
<LI><a href="#[34]">&gt;&gt;</a>&nbsp;&nbsp;&nbsp;TSL_linrot_DebErrorStateProcess
<LI><a href="#[27]">&gt;&gt;</a>&nbsp;&nbsp;&nbsp;TSL_linrot_DebCalibrationStateProcess
</UL>
<BR>[Address Reference Count : 1]<UL><LI> tsl_ecs.o(i.TSL_ecs_ProcessK)
</UL>
<P><STRONG><a name="[32]"></a>TSL_linrot_TouchStateProcess</STRONG> (Thumb, 200 bytes, Stack size 16 bytes, tsl_linrot.o(i.TSL_linrot_TouchStateProcess))
<BR><BR>[Stack]<UL><LI>Max Depth = 40<LI>Call Chain = TSL_linrot_TouchStateProcess &rArr; TSL_linrot_SetStateCalibration &rArr; TSL_linrot_ProcessCh_All_SetStatus
</UL>
<BR>[Calls]<UL><LI><a href="#[25]">&gt;&gt;</a>&nbsp;&nbsp;&nbsp;TSL_linrot_SetStateCalibration
<LI><a href="#[6c]">&gt;&gt;</a>&nbsp;&nbsp;&nbsp;TSL_tim_CheckDelay_sec
<LI><a href="#[6b]">&gt;&gt;</a>&nbsp;&nbsp;&nbsp;TSL_linrot_ProcessCh_One_DeltaAbove
<LI><a href="#[65]">&gt;&gt;</a>&nbsp;&nbsp;&nbsp;TSL_linrot_ProcessCh_One_AcqStatusError
<LI><a href="#[69]">&gt;&gt;</a>&nbsp;&nbsp;&nbsp;TSL_linrot_DTOGetTime
</UL>
<BR>[Address Reference Count : 1]<UL><LI> tsl_user.o(.constdata)
</UL>
<P><STRONG><a name="[71]"></a>TSL_obj_GroupInit</STRONG> (Thumb, 88 bytes, Stack size 24 bytes, tsl_object.o(i.TSL_obj_GroupInit))
<BR><BR>[Stack]<UL><LI>Max Depth = 24<LI>Call Chain = TSL_obj_GroupInit
</UL>
<BR>[Calls]<UL><LI><a href="#[5f]">&gt;&gt;</a>&nbsp;&nbsp;&nbsp;TSL_obj_SetGlobalObj
</UL>
<BR>[Called By]<UL><LI><a href="#[73]">&gt;&gt;</a>&nbsp;&nbsp;&nbsp;tsl_user_Init
</UL>

<P><STRONG><a name="[72]"></a>TSL_obj_GroupProcess</STRONG> (Thumb, 88 bytes, Stack size 24 bytes, tsl_object.o(i.TSL_obj_GroupProcess))
<BR><BR>[Stack]<UL><LI>Max Depth = 24<LI>Call Chain = TSL_obj_GroupProcess
</UL>
<BR>[Calls]<UL><LI><a href="#[5f]">&gt;&gt;</a>&nbsp;&nbsp;&nbsp;TSL_obj_SetGlobalObj
</UL>
<BR>[Called By]<UL><LI><a href="#[74]">&gt;&gt;</a>&nbsp;&nbsp;&nbsp;tsl_user_Exec
</UL>

<P><STRONG><a name="[5f]"></a>TSL_obj_SetGlobalObj</STRONG> (Thumb, 28 bytes, Stack size 0 bytes, tsl_object.o(i.TSL_obj_SetGlobalObj))
<BR><BR>[Called By]<UL><LI><a href="#[62]">&gt;&gt;</a>&nbsp;&nbsp;&nbsp;TSL_ecs_ProcessK
<LI><a href="#[5e]">&gt;&gt;</a>&nbsp;&nbsp;&nbsp;TSL_ecs_CalcK
<LI><a href="#[72]">&gt;&gt;</a>&nbsp;&nbsp;&nbsp;TSL_obj_GroupProcess
<LI><a href="#[71]">&gt;&gt;</a>&nbsp;&nbsp;&nbsp;TSL_obj_GroupInit
</UL>

<P><STRONG><a name="[61]"></a>TSL_tim_CheckDelay_ms</STRONG> (Thumb, 80 bytes, Stack size 16 bytes, tsl_time.o(i.TSL_tim_CheckDelay_ms))
<BR><BR>[Stack]<UL><LI>Max Depth = 16<LI>Call Chain = TSL_tim_CheckDelay_ms
</UL>
<BR>[Called By]<UL><LI><a href="#[60]">&gt;&gt;</a>&nbsp;&nbsp;&nbsp;TSL_ecs_Process
<LI><a href="#[74]">&gt;&gt;</a>&nbsp;&nbsp;&nbsp;tsl_user_Exec
</UL>

<P><STRONG><a name="[6c]"></a>TSL_tim_CheckDelay_sec</STRONG> (Thumb, 78 bytes, Stack size 16 bytes, tsl_time.o(i.TSL_tim_CheckDelay_sec))
<BR><BR>[Stack]<UL><LI>Max Depth = 16<LI>Call Chain = TSL_tim_CheckDelay_sec
</UL>
<BR>[Called By]<UL><LI><a href="#[32]">&gt;&gt;</a>&nbsp;&nbsp;&nbsp;TSL_linrot_TouchStateProcess
<LI><a href="#[2c]">&gt;&gt;</a>&nbsp;&nbsp;&nbsp;TSL_linrot_ProxStateProcess
<LI><a href="#[30]">&gt;&gt;</a>&nbsp;&nbsp;&nbsp;TSL_linrot_DetectStateProcess
</UL>

<P><STRONG><a name="[54]"></a>TSL_tim_ProcessIT</STRONG> (Thumb, 44 bytes, Stack size 0 bytes, tsl_time.o(i.TSL_tim_ProcessIT))
<BR><BR>[Called By]<UL><LI><a href="#[6]">&gt;&gt;</a>&nbsp;&nbsp;&nbsp;SysTick_Handler
</UL>

<P><STRONG><a name="[55]"></a>User_Tick_Management</STRONG> (Thumb, 108 bytes, Stack size 24 bytes, main.o(i.User_Tick_Management))
<BR><BR>[Stack]<UL><LI>Max Depth = 36<LI>Call Chain = User_Tick_Management &rArr; __aeabi_uidivmod
</UL>
<BR>[Calls]<UL><LI><a href="#[41]">&gt;&gt;</a>&nbsp;&nbsp;&nbsp;BSP_LED_Toggle
<LI><a href="#[47]">&gt;&gt;</a>&nbsp;&nbsp;&nbsp;__aeabi_uidivmod
</UL>
<BR>[Called By]<UL><LI><a href="#[6]">&gt;&gt;</a>&nbsp;&nbsp;&nbsp;SysTick_Handler
</UL>

<P><STRONG><a name="[80]"></a>__scatterload_copy</STRONG> (Thumb, 14 bytes, Stack size unknown bytes, handlers.o(i.__scatterload_copy), UNUSED)

<P><STRONG><a name="[81]"></a>__scatterload_null</STRONG> (Thumb, 2 bytes, Stack size unknown bytes, handlers.o(i.__scatterload_null), UNUSED)

<P><STRONG><a name="[82]"></a>__scatterload_zeroinit</STRONG> (Thumb, 14 bytes, Stack size unknown bytes, handlers.o(i.__scatterload_zeroinit), UNUSED)

<P><STRONG><a name="[22]"></a>main</STRONG> (Thumb, 178 bytes, Stack size 80 bytes, main.o(i.main))
<BR><BR>[Stack]<UL><LI>Max Depth = 160<LI>Call Chain = main &rArr; tsl_user_Exec &rArr; TSL_ecs_Process &rArr; TSL_ecs_ProcessK
</UL>
<BR>[Calls]<UL><LI><a href="#[4f]">&gt;&gt;</a>&nbsp;&nbsp;&nbsp;HAL_TSC_Init
<LI><a href="#[4e]">&gt;&gt;</a>&nbsp;&nbsp;&nbsp;HAL_RCC_OscConfig
<LI><a href="#[4b]">&gt;&gt;</a>&nbsp;&nbsp;&nbsp;HAL_RCC_ClockConfig
<LI><a href="#[43]">&gt;&gt;</a>&nbsp;&nbsp;&nbsp;HAL_Init
<LI><a href="#[73]">&gt;&gt;</a>&nbsp;&nbsp;&nbsp;tsl_user_Init
<LI><a href="#[74]">&gt;&gt;</a>&nbsp;&nbsp;&nbsp;tsl_user_Exec
<LI><a href="#[3c]">&gt;&gt;</a>&nbsp;&nbsp;&nbsp;BSP_LED_Init
<LI><a href="#[52]">&gt;&gt;</a>&nbsp;&nbsp;&nbsp;Process_Sensors
</UL>
<BR>[Address Reference Count : 1]<UL><LI> entry9a.o(.ARM.Collect$$$$0000000B)
</UL>
<P><STRONG><a name="[74]"></a>tsl_user_Exec</STRONG> (Thumb, 118 bytes, Stack size 16 bytes, tsl_user.o(i.tsl_user_Exec))
<BR><BR>[Stack]<UL><LI>Max Depth = 80<LI>Call Chain = tsl_user_Exec &rArr; TSL_ecs_Process &rArr; TSL_ecs_ProcessK
</UL>
<BR>[Calls]<UL><LI><a href="#[61]">&gt;&gt;</a>&nbsp;&nbsp;&nbsp;TSL_tim_CheckDelay_ms
<LI><a href="#[72]">&gt;&gt;</a>&nbsp;&nbsp;&nbsp;TSL_obj_GroupProcess
<LI><a href="#[60]">&gt;&gt;</a>&nbsp;&nbsp;&nbsp;TSL_ecs_Process
<LI><a href="#[77]">&gt;&gt;</a>&nbsp;&nbsp;&nbsp;TSL_dxs_FirstObj
<LI><a href="#[76]">&gt;&gt;</a>&nbsp;&nbsp;&nbsp;TSL_acq_BankWaitEOC
<LI><a href="#[5c]">&gt;&gt;</a>&nbsp;&nbsp;&nbsp;TSL_acq_BankStartAcq
<LI><a href="#[57]">&gt;&gt;</a>&nbsp;&nbsp;&nbsp;TSL_acq_BankGetResult
<LI><a href="#[75]">&gt;&gt;</a>&nbsp;&nbsp;&nbsp;TSL_acq_BankConfig
</UL>
<BR>[Called By]<UL><LI><a href="#[22]">&gt;&gt;</a>&nbsp;&nbsp;&nbsp;main
</UL>

<P><STRONG><a name="[73]"></a>tsl_user_Init</STRONG> (Thumb, 16 bytes, Stack size 8 bytes, tsl_user.o(i.tsl_user_Init))
<BR><BR>[Stack]<UL><LI>Max Depth = 32<LI>Call Chain = tsl_user_Init &rArr; TSL_obj_GroupInit
</UL>
<BR>[Calls]<UL><LI><a href="#[71]">&gt;&gt;</a>&nbsp;&nbsp;&nbsp;TSL_obj_GroupInit
<LI><a href="#[56]">&gt;&gt;</a>&nbsp;&nbsp;&nbsp;TSL_Init
</UL>
<BR>[Called By]<UL><LI><a href="#[22]">&gt;&gt;</a>&nbsp;&nbsp;&nbsp;main
</UL>
<P>
<H3>
Local Symbols
</H3>
<P><STRONG><a name="[4a]"></a>NVIC_SetPriority</STRONG> (Thumb, 60 bytes, Stack size 0 bytes, stm32l0xx_hal_cortex.o(i.NVIC_SetPriority))
<BR><BR>[Called By]<UL><LI><a href="#[48]">&gt;&gt;</a>&nbsp;&nbsp;&nbsp;HAL_SYSTICK_Config
<LI><a href="#[49]">&gt;&gt;</a>&nbsp;&nbsp;&nbsp;HAL_NVIC_SetPriority
</UL>

<P><STRONG><a name="[51]"></a>TSC_extract_groups</STRONG> (Thumb, 36 bytes, Stack size 16 bytes, stm32l0xx_hal_tsc.o(i.TSC_extract_groups))
<BR><BR>[Stack]<UL><LI>Max Depth = 16<LI>Call Chain = TSC_extract_groups
</UL>
<BR>[Called By]<UL><LI><a href="#[4f]">&gt;&gt;</a>&nbsp;&nbsp;&nbsp;HAL_TSC_Init
</UL>

<P><STRONG><a name="[5d]"></a>SoftDelay</STRONG> (Thumb, 10 bytes, Stack size 0 bytes, tsl_acq_tsc.o(i.SoftDelay))
<BR><BR>[Called By]<UL><LI><a href="#[5c]">&gt;&gt;</a>&nbsp;&nbsp;&nbsp;TSL_acq_BankStartAcq
</UL>
<P>
<H3>
Undefined Global Symbols
</H3><HR></body></html>
