Component: ARM Compiler 5.06 (build 20) Tool: armlink [4d35a3]

==============================================================================

Section Cross References

    system_stm32l0xx.o(i.SystemCoreClockUpdate) refers to uidiv.o(.text) for __aeabi_uidivmod
    system_stm32l0xx.o(i.SystemCoreClockUpdate) refers to system_stm32l0xx.o(.data) for .data
    stm32l0xx_hal.o(i.HAL_DeInit) refers to stm32l0xx_hal_msp.o(i.HAL_MspDeInit) for HAL_MspDeInit
    stm32l0xx_hal.o(i.HAL_Delay) refers to stm32l0xx_hal.o(i.HAL_GetTick) for HAL_GetTick
    stm32l0xx_hal.o(i.HAL_GetTick) refers to stm32l0xx_hal.o(.data) for .data
    stm32l0xx_hal.o(i.HAL_IncTick) refers to stm32l0xx_hal.o(.data) for .data
    stm32l0xx_hal.o(i.HAL_Init) refers to stm32l0xx_hal.o(i.HAL_InitTick) for HAL_InitTick
    stm32l0xx_hal.o(i.HAL_Init) refers to stm32l0xx_hal_msp.o(i.HAL_MspInit) for HAL_MspInit
    stm32l0xx_hal.o(i.HAL_InitTick) refers to stm32l0xx_hal_rcc.o(i.HAL_RCC_GetHCLKFreq) for HAL_RCC_GetHCLKFreq
    stm32l0xx_hal.o(i.HAL_InitTick) refers to uidiv.o(.text) for __aeabi_uidivmod
    stm32l0xx_hal.o(i.HAL_InitTick) refers to stm32l0xx_hal_cortex.o(i.HAL_SYSTICK_Config) for HAL_SYSTICK_Config
    stm32l0xx_hal.o(i.HAL_InitTick) refers to stm32l0xx_hal_cortex.o(i.HAL_NVIC_SetPriority) for HAL_NVIC_SetPriority
    stm32l0xx_hal_cortex.o(i.HAL_NVIC_SetPriority) refers to stm32l0xx_hal_cortex.o(i.NVIC_SetPriority) for NVIC_SetPriority
    stm32l0xx_hal_cortex.o(i.HAL_SYSTICK_Config) refers to stm32l0xx_hal_cortex.o(i.NVIC_SetPriority) for NVIC_SetPriority
    stm32l0xx_hal_cortex.o(i.HAL_SYSTICK_IRQHandler) refers to stm32l0xx_hal_cortex.o(i.HAL_SYSTICK_Callback) for HAL_SYSTICK_Callback
    stm32l0xx_hal_gpio.o(i.HAL_GPIO_EXTI_IRQHandler) refers to stm32l0xx_hal_gpio.o(i.HAL_GPIO_EXTI_Callback) for HAL_GPIO_EXTI_Callback
    stm32l0xx_hal_rcc.o(i.HAL_RCC_ClockConfig) refers to stm32l0xx_hal.o(i.HAL_GetTick) for HAL_GetTick
    stm32l0xx_hal_rcc.o(i.HAL_RCC_ClockConfig) refers to stm32l0xx_hal.o(i.HAL_InitTick) for HAL_InitTick
    stm32l0xx_hal_rcc.o(i.HAL_RCC_GetHCLKFreq) refers to stm32l0xx_hal_rcc.o(i.HAL_RCC_GetSysClockFreq) for HAL_RCC_GetSysClockFreq
    stm32l0xx_hal_rcc.o(i.HAL_RCC_GetHCLKFreq) refers to stm32l0xx_hal_rcc.o(.data) for .data
    stm32l0xx_hal_rcc.o(i.HAL_RCC_GetHCLKFreq) refers to system_stm32l0xx.o(.data) for SystemCoreClock
    stm32l0xx_hal_rcc.o(i.HAL_RCC_GetPCLK1Freq) refers to stm32l0xx_hal_rcc.o(i.HAL_RCC_GetHCLKFreq) for HAL_RCC_GetHCLKFreq
    stm32l0xx_hal_rcc.o(i.HAL_RCC_GetPCLK1Freq) refers to stm32l0xx_hal_rcc.o(.data) for .data
    stm32l0xx_hal_rcc.o(i.HAL_RCC_GetPCLK2Freq) refers to stm32l0xx_hal_rcc.o(i.HAL_RCC_GetHCLKFreq) for HAL_RCC_GetHCLKFreq
    stm32l0xx_hal_rcc.o(i.HAL_RCC_GetPCLK2Freq) refers to stm32l0xx_hal_rcc.o(.data) for .data
    stm32l0xx_hal_rcc.o(i.HAL_RCC_GetSysClockFreq) refers to uidiv.o(.text) for __aeabi_uidivmod
    stm32l0xx_hal_rcc.o(i.HAL_RCC_GetSysClockFreq) refers to stm32l0xx_hal_rcc.o(.constdata) for .constdata
    stm32l0xx_hal_rcc.o(i.HAL_RCC_GetSysClockFreq) refers to stm32l0xx_hal_rcc.o(.data) for .data
    stm32l0xx_hal_rcc.o(i.HAL_RCC_MCOConfig) refers to stm32l0xx_hal_gpio.o(i.HAL_GPIO_Init) for HAL_GPIO_Init
    stm32l0xx_hal_rcc.o(i.HAL_RCC_NMI_IRQHandler) refers to stm32l0xx_hal_rcc.o(i.HAL_RCC_CCSCallback) for HAL_RCC_CCSCallback
    stm32l0xx_hal_rcc.o(i.HAL_RCC_OscConfig) refers to stm32l0xx_hal.o(i.HAL_GetTick) for HAL_GetTick
    stm32l0xx_hal_rcc_ex.o(i.HAL_RCCEx_CRSWaitSynchronization) refers to stm32l0xx_hal.o(i.HAL_GetTick) for HAL_GetTick
    stm32l0xx_hal_rcc_ex.o(i.HAL_RCCEx_PeriphCLKConfig) refers to stm32l0xx_hal.o(i.HAL_GetTick) for HAL_GetTick
    stm32l0xx_hal_tsc.o(i.HAL_TSC_DeInit) refers to stm32l0xx_hal_tsc.o(i.HAL_TSC_MspDeInit) for HAL_TSC_MspDeInit
    stm32l0xx_hal_tsc.o(i.HAL_TSC_IOConfig) refers to stm32l0xx_hal_tsc.o(i.TSC_extract_groups) for TSC_extract_groups
    stm32l0xx_hal_tsc.o(i.HAL_TSC_IRQHandler) refers to stm32l0xx_hal_tsc.o(i.HAL_TSC_ErrorCallback) for HAL_TSC_ErrorCallback
    stm32l0xx_hal_tsc.o(i.HAL_TSC_IRQHandler) refers to stm32l0xx_hal_tsc.o(i.HAL_TSC_ConvCpltCallback) for HAL_TSC_ConvCpltCallback
    stm32l0xx_hal_tsc.o(i.HAL_TSC_Init) refers to stm32l0xx_hal_tsc.o(i.HAL_TSC_MspInit) for HAL_TSC_MspInit
    stm32l0xx_hal_tsc.o(i.HAL_TSC_Init) refers to stm32l0xx_hal_tsc.o(i.TSC_extract_groups) for TSC_extract_groups
    stm32l0xx_hal_tsc.o(i.HAL_TSC_PollForAcquisition) refers to stm32l0xx_hal_tsc.o(i.HAL_TSC_GetState) for HAL_TSC_GetState
    stm32l0xx_hal_dma.o(i.HAL_DMA_Abort) refers to stm32l0xx_hal.o(i.HAL_GetTick) for HAL_GetTick
    stm32l0xx_hal_dma.o(i.HAL_DMA_PollForTransfer) refers to stm32l0xx_hal.o(i.HAL_GetTick) for HAL_GetTick
    stm32l0xx_hal_dma.o(i.HAL_DMA_Start) refers to stm32l0xx_hal_dma.o(i.DMA_SetConfig) for DMA_SetConfig
    stm32l0xx_hal_dma.o(i.HAL_DMA_Start_IT) refers to stm32l0xx_hal_dma.o(i.DMA_SetConfig) for DMA_SetConfig
[...]
    tsl_acq.o(i.TSL_acq_BankGetResult) refers to tsl_globals.o(.bss) for TSL_Globals
    tsl_acq.o(i.TSL_acq_BankGetResult) refers to tsl_user.o(.data) for TSL_Params
    tsl_acq_tsc.o(i.TSL_acq_BankConfig) refers to tsl_globals.o(.bss) for TSL_Globals
    tsl_acq_tsc.o(i.TSL_acq_BankStartAcq) refers to tsl_acq_tsc.o(i.SoftDelay) for SoftDelay
    tsl_acq_tsc.o(i.TSL_acq_BankStartAcq) refers to tsl_globals.o(.bss) for TSL_Globals
    tsl_ecs.o(i.TSL_ecs_CalcK) refers to tsl_object.o(i.TSL_obj_SetGlobalObj) for TSL_obj_SetGlobalObj
    tsl_ecs.o(i.TSL_ecs_CalcK) refers to tsl_globals.o(.bss) for TSL_Globals
    tsl_ecs.o(i.TSL_ecs_Process) refers to tsl_time.o(i.TSL_tim_CheckDelay_ms) for TSL_tim_CheckDelay_ms
    tsl_ecs.o(i.TSL_ecs_Process) refers to tsl_ecs.o(i.TSL_ecs_CalcK) for TSL_ecs_CalcK
    tsl_ecs.o(i.TSL_ecs_Process) refers to tsl_ecs.o(i.TSL_ecs_ProcessK) for TSL_ecs_ProcessK
    tsl_ecs.o(i.TSL_ecs_Process) refers to tsl_globals.o(.bss) for TSL_Globals
    tsl_ecs.o(i.TSL_ecs_ProcessK) refers to tsl_object.o(i.TSL_obj_SetGlobalObj) for TSL_obj_SetGlobalObj
    tsl_ecs.o(i.TSL_ecs_ProcessK) refers to tsl_acq_tsc.o(i.TSL_acq_ComputeMeas) for TSL_acq_ComputeMeas
    tsl_ecs.o(i.TSL_ecs_ProcessK) refers to tsl_acq_tsc.o(i.TSL_acq_TestReferenceOutOfRange) for TSL_acq_TestReferenceOutOfRange
    tsl_ecs.o(i.TSL_ecs_ProcessK) refers to tsl_globals.o(.bss) for TSL_Globals
    tsl_ecs.o(i.TSL_ecs_ProcessK) refers to tsl_linrot.o(i.TSL_linrot_SetStateCalibration) for TSL_linrot_SetStateCalibration
    tsl_linrot.o(i.TSL_linrot_CalcPos) refers to uidiv.o(.text) for __aeabi_uidivmod
    tsl_linrot.o(i.TSL_linrot_CalcPos) refers to tsl_globals.o(.bss) for TSL_Globals
    tsl_linrot.o(i.TSL_linrot_CalcPos) refers to tsl_linrot.o(.data) for .data
    tsl_linrot.o(i.TSL_linrot_CalibrationStateProcess) refers to tsl_linrot.o(i.TSL_linrot_ProcessCh_One_AcqStatusError) for TSL_linrot_ProcessCh_One_AcqStatusError
    tsl_linrot.o(i.TSL_linrot_CalibrationStateProcess) refers to tsl_acq_tsc.o(i.TSL_acq_TestFirstReferenceIsValid) for TSL_acq_TestFirstReferenceIsValid
    tsl_linrot.o(i.TSL_linrot_CalibrationStateProcess) refers to tsl_globals.o(.bss) for TSL_Globals
    tsl_linrot.o(i.TSL_linrot_CalibrationStateProcess) refers to tsl_user.o(.data) for TSL_Params
    tsl_linrot.o(i.TSL_linrot_CalibrationStateProcess) refers to tsl_linrot.o(.data) for .data
    tsl_linrot.o(i.TSL_linrot_DTOGetTime) refers to tsl_globals.o(.bss) for TSL_Globals
    tsl_linrot.o(i.TSL_linrot_DebCalibrationStateProcess) refers to tsl_linrot.o(i.TSL_linrot_ProcessCh_One_AcqStatusError) for TSL_linrot_ProcessCh_One_AcqStatusError
    tsl_linrot.o(i.TSL_linrot_DebCalibrationStateProcess) refers to tsl_linrot.o(i.TSL_linrot_ProcessCh_One_DeltaBelowEquMinus) for TSL_linrot_ProcessCh_One_DeltaBelowEquMinus
    tsl_linrot.o(i.TSL_linrot_DebCalibrationStateProcess) refers to tsl_linrot.o(i.TSL_linrot_SetStateCalibration) for TSL_linrot_SetStateCalibration
    tsl_linrot.o(i.TSL_linrot_DebCalibrationStateProcess) refers to tsl_globals.o(.bss) for TSL_Globals
    tsl_linrot.o(i.TSL_linrot_DebDetectStateProcess) refers to tsl_linrot.o(i.TSL_linrot_ProcessCh_One_AcqStatusError) for TSL_linrot_ProcessCh_One_AcqStatusError
    tsl_linrot.o(i.TSL_linrot_DebDetectStateProcess) refers to tsl_linrot.o(i.TSL_linrot_ProcessCh_One_DeltaAboveEqu) for TSL_linrot_ProcessCh_One_DeltaAboveEqu
    tsl_linrot.o(i.TSL_linrot_DebDetectStateProcess) refers to tsl_linrot.o(i.TSL_linrot_DTOGetTime) for TSL_linrot_DTOGetTime
    tsl_linrot.o(i.TSL_linrot_DebDetectStateProcess) refers to tsl_globals.o(.bss) for TSL_Globals
    tsl_linrot.o(i.TSL_linrot_DebErrorStateProcess) refers to tsl_linrot.o(i.TSL_linrot_ProcessCh_One_AcqStatusError) for TSL_linrot_ProcessCh_One_AcqStatusError
    tsl_linrot.o(i.TSL_linrot_DebErrorStateProcess) refers to tsl_linrot.o(i.TSL_linrot_GetStateMask) for TSL_linrot_GetStateMask
    tsl_linrot.o(i.TSL_linrot_DebErrorStateProcess) refers to tsl_linrot.o(i.TSL_linrot_SetStateCalibration) for TSL_linrot_SetStateCalibration
    tsl_linrot.o(i.TSL_linrot_DebErrorStateProcess) refers to tsl_globals.o(.bss) for TSL_Globals
    tsl_linrot.o(i.TSL_linrot_DebProxDetectStateProcess) refers to tsl_linrot.o(i.TSL_linrot_ProcessCh_One_AcqStatusError) for TSL_linrot_ProcessCh_One_AcqStatusError
    tsl_linrot.o(i.TSL_linrot_DebProxDetectStateProcess) refers to tsl_linrot.o(i.TSL_linrot_ProcessCh_One_DeltaAbove) for TSL_linrot_ProcessCh_One_DeltaAbove
    tsl_linrot.o(i.TSL_linrot_DebProxDetectStateProcess) refers to tsl_linrot.o(i.TSL_linrot_DTOGetTime) for TSL_linrot_DTOGetTime
    tsl_linrot.o(i.TSL_linrot_DebProxDetectStateProcess) refers to tsl_globals.o(.bss) for TSL_Globals
    tsl_linrot.o(i.TSL_linrot_DebProxStateProcess) refers to tsl_linrot.o(i.TSL_linrot_ProcessCh_One_AcqStatusError) for TSL_linrot_ProcessCh_One_AcqStatusError
    tsl_linrot.o(i.TSL_linrot_DebProxStateProcess) refers to tsl_linrot.o(i.TSL_linrot_ProcessCh_One_DeltaAboveEqu) for TSL_linrot_ProcessCh_One_DeltaAboveEqu
    tsl_linrot.o(i.TSL_linrot_DebProxStateProcess) refers to tsl_linrot.o(i.TSL_linrot_DTOGetTime) for TSL_linrot_DTOGetTime
    tsl_linrot.o(i.TSL_linrot_DebProxStateProcess) refers to tsl_globals.o(.bss) for TSL_Globals
    tsl_linrot.o(i.TSL_linrot_DebProxTouchStateProcess) refers to tsl_linrot.o(i.TSL_linrot_ProcessCh_One_AcqStatusError) for TSL_linrot_ProcessCh_One_AcqStatusError
    tsl_linrot.o(i.TSL_linrot_DebProxTouchStateProcess) refers to tsl_linrot.o(i.TSL_linrot_ProcessCh_One_DeltaAbove) for TSL_linrot_ProcessCh_One_DeltaAbove
    tsl_linrot.o(i.TSL_linrot_DebProxTouchStateProcess) refers to tsl_linrot.o(i.TSL_linrot_DTOGetTime) for TSL_linrot_DTOGetTime
    tsl_linrot.o(i.TSL_linrot_DebProxTouchStateProcess) refers to tsl_globals.o(.bss) for TSL_Globals
    tsl_linrot.o(i.TSL_linrot_DebReleaseDetectStateProcess) refers to tsl_linrot.o(i.TSL_linrot_ProcessCh_One_AcqStatusError) for TSL_linrot_ProcessCh_One_AcqStatusError
    tsl_linrot.o(i.TSL_linrot_DebReleaseDetectStateProcess) refers to tsl_linrot.o(i.TSL_linrot_ProcessCh_One_DeltaAbove) for TSL_linrot_ProcessCh_One_DeltaAbove
    tsl_linrot.o(i.TSL_linrot_DebReleaseDetectStateProcess) refers to tsl_globals.o(.bss) for TSL_Globals
    tsl_linrot.o(i.TSL_linrot_DebReleaseProxStateProcess) refers to tsl_linrot.o(i.TSL_linrot_ProcessCh_One_AcqStatusError) for TSL_linrot_ProcessCh_One_AcqStatusError
    tsl_linrot.o(i.TSL_linrot_DebReleaseProxStateProcess) refers to tsl_linrot.o(i.TSL_linrot_ProcessCh_One_DeltaAbove) for TSL_linrot_ProcessCh_One_DeltaAbove
    tsl_linrot.o(i.TSL_linrot_DebReleaseProxStateProcess) refers to tsl_globals.o(.bss) for TSL_Globals
    tsl_linrot.o(i.TSL_linrot_DebReleaseTouchStateProcess) refers to tsl_linrot.o(i.TSL_linrot_ProcessCh_One_AcqStatusError) for TSL_linrot_ProcessCh_One_AcqStatusError
    tsl_linrot.o(i.TSL_linrot_DebReleaseTouchStateProcess) refers to tsl_linrot.o(i.TSL_linrot_ProcessCh_One_DeltaAbove) for TSL_linrot_ProcessCh_One_DeltaAbove
    tsl_linrot.o(i.TSL_linrot_DebReleaseTouchStateProcess) refers to tsl_globals.o(.bss) for TSL_Globals
    tsl_linrot.o(i.TSL_linrot_DetectStateProcess) refers to tsl_linrot.o(i.TSL_linrot_ProcessCh_One_AcqStatusError) for TSL_linrot_ProcessCh_One_AcqStatusError
    tsl_linrot.o(i.TSL_linrot_DetectStateProcess) refers to tsl_linrot.o(i.TSL_linrot_ProcessCh_One_DeltaAbove) for TSL_linrot_ProcessCh_One_DeltaAbove
    tsl_linrot.o(i.TSL_linrot_DetectStateProcess) refers to tsl_time.o(i.TSL_tim_CheckDelay_sec) for TSL_tim_CheckDelay_sec
    tsl_linrot.o(i.TSL_linrot_DetectStateProcess) refers to tsl_linrot.o(i.TSL_linrot_SetStateCalibration) for TSL_linrot_SetStateCalibration
    tsl_linrot.o(i.TSL_linrot_DetectStateProcess) refers to tsl_linrot.o(i.TSL_linrot_DTOGetTime) for TSL_linrot_DTOGetTime
    tsl_linrot.o(i.TSL_linrot_DetectStateProcess) refers to tsl_globals.o(.bss) for TSL_Globals
    tsl_linrot.o(i.TSL_linrot_DetectStateProcess) refers to tsl_user.o(.data) for TSL_Params
    tsl_linrot.o(i.TSL_linrot_GetStateId) refers to tsl_globals.o(.bss) for TSL_Globals
    tsl_linrot.o(i.TSL_linrot_GetStateMask) refers to tsl_globals.o(.bss) for TSL_Globals
    tsl_linrot.o(i.TSL_linrot_Init) refers to tsl_linrot.o(i.TSL_linrot_SetStateCalibration) for TSL_linrot_SetStateCalibration
    tsl_linrot.o(i.TSL_linrot_Init) refers to tsl_globals.o(.bss) for TSL_Globals
    tsl_linrot.o(i.TSL_linrot_IsChanged) refers to tsl_globals.o(.bss) for TSL_Globals
    tsl_linrot.o(i.TSL_linrot_NormDelta) refers to tsl_globals.o(.bss) for TSL_Globals
    tsl_linrot.o(i.TSL_linrot_Process) refers to tsl_linrot.o(i.TSL_linrot_ProcessCh_One_DataReady) for TSL_linrot_ProcessCh_One_DataReady
    tsl_linrot.o(i.TSL_linrot_Process) refers to tsl_globals.o(.bss) for TSL_Globals
    tsl_linrot.o(i.TSL_linrot_ProcessCh_All_AcqStatus) refers to tsl_globals.o(.bss) for TSL_Globals
    tsl_linrot.o(i.TSL_linrot_ProcessCh_All_ClearRef) refers to tsl_globals.o(.bss) for TSL_Globals
    tsl_linrot.o(i.TSL_linrot_ProcessCh_All_DeltaBelowEqu) refers to tsl_globals.o(.bss) for TSL_Globals
    tsl_linrot.o(i.TSL_linrot_ProcessCh_All_SetStatus) refers to tsl_globals.o(.bss) for TSL_Globals
    tsl_linrot.o(i.TSL_linrot_ProcessCh_One_AcqStatusError) refers to tsl_globals.o(.bss) for TSL_Globals
    tsl_linrot.o(i.TSL_linrot_ProcessCh_One_DataReady) refers to tsl_globals.o(.bss) for TSL_Globals
    tsl_linrot.o(i.TSL_linrot_ProcessCh_One_DeltaAbove) refers to tsl_globals.o(.bss) for TSL_Globals
    tsl_linrot.o(i.TSL_linrot_ProcessCh_One_DeltaAboveEqu) refers to tsl_globals.o(.bss) for TSL_Globals
    tsl_linrot.o(i.TSL_linrot_ProcessCh_One_DeltaBelowEquMinus) refers to tsl_globals.o(.bss) for TSL_Globals
    tsl_linrot.o(i.TSL_linrot_ProxStateProcess) refers to tsl_linrot.o(i.TSL_linrot_ProcessCh_One_AcqStatusError) for TSL_linrot_ProcessCh_One_AcqStatusError
    tsl_linrot.o(i.TSL_linrot_ProxStateProcess) refers to tsl_linrot.o(i.TSL_linrot_ProcessCh_One_DeltaAboveEqu) for TSL_linrot_ProcessCh_One_DeltaAboveEqu
    tsl_linrot.o(i.TSL_linrot_ProxStateProcess) refers to tsl_linrot.o(i.TSL_linrot_ProcessCh_All_DeltaBelowEqu) for TSL_linrot_ProcessCh_All_DeltaBelowEqu
    tsl_linrot.o(i.TSL_linrot_ProxStateProcess) refers to tsl_time.o(i.TSL_tim_CheckDelay_sec) for TSL_tim_CheckDelay_sec
    tsl_linrot.o(i.TSL_linrot_ProxStateProcess) refers to tsl_linrot.o(i.TSL_linrot_SetStateCalibration) for TSL_linrot_SetStateCalibration
    tsl_linrot.o(i.TSL_linrot_ProxStateProcess) refers to tsl_linrot.o(i.TSL_linrot_DTOGetTime) for TSL_linrot_DTOGetTime
    tsl_linrot.o(i.TSL_linrot_ProxStateProcess) refers to tsl_globals.o(.bss) for TSL_Globals
    tsl_linrot.o(i.TSL_linrot_ProxStateProcess) refers to tsl_user.o(.data) for TSL_Params
    tsl_linrot.o(i.TSL_linrot_ReleaseStateProcess) refers to tsl_linrot.o(i.TSL_linrot_ProcessCh_One_AcqStatusError) for TSL_linrot_ProcessCh_One_AcqStatusError
    tsl_linrot.o(i.TSL_linrot_ReleaseStateProcess) refers to tsl_linrot.o(i.TSL_linrot_ProcessCh_One_DeltaAboveEqu) for TSL_linrot_ProcessCh_One_DeltaAboveEqu
    tsl_linrot.o(i.TSL_linrot_ReleaseStateProcess) refers to tsl_linrot.o(i.TSL_linrot_ProcessCh_One_DeltaBelowEquMinus) for TSL_linrot_ProcessCh_One_DeltaBelowEquMinus
    tsl_linrot.o(i.TSL_linrot_ReleaseStateProcess) refers to tsl_linrot.o(i.TSL_linrot_DTOGetTime) for TSL_linrot_DTOGetTime
    tsl_linrot.o(i.TSL_linrot_ReleaseStateProcess) refers to tsl_linrot.o(i.TSL_linrot_SetStateCalibration) for TSL_linrot_SetStateCalibration
    tsl_linrot.o(i.TSL_linrot_ReleaseStateProcess) refers to tsl_globals.o(.bss) for TSL_Globals
    tsl_linrot.o(i.TSL_linrot_SetStateBurstOnly) refers to tsl_linrot.o(i.TSL_linrot_ProcessCh_All_SetStatus) for TSL_linrot_ProcessCh_All_SetStatus
    tsl_linrot.o(i.TSL_linrot_SetStateBurstOnly) refers to tsl_globals.o(.bss) for TSL_Globals
    tsl_linrot.o(i.TSL_linrot_SetStateCalibration) refers to tsl_linrot.o(i.TSL_linrot_ProcessCh_All_SetStatus) for TSL_linrot_ProcessCh_All_SetStatus
    tsl_linrot.o(i.TSL_linrot_SetStateCalibration) refers to tsl_linrot.o(i.TSL_linrot_ProcessCh_All_ClearRef) for TSL_linrot_ProcessCh_All_ClearRef
    tsl_linrot.o(i.TSL_linrot_SetStateCalibration) refers to tsl_globals.o(.bss) for TSL_Globals
    tsl_linrot.o(i.TSL_linrot_SetStateCalibration) refers to tsl_user.o(.data) for TSL_Params
    tsl_linrot.o(i.TSL_linrot_SetStateCalibration) refers to tsl_linrot.o(.data) for .data
    tsl_linrot.o(i.TSL_linrot_SetStateOff) refers to tsl_linrot.o(i.TSL_linrot_ProcessCh_All_SetStatus) for TSL_linrot_ProcessCh_All_SetStatus
    tsl_linrot.o(i.TSL_linrot_SetStateOff) refers to tsl_globals.o(.bss) for TSL_Globals
    tsl_linrot.o(i.TSL_linrot_TouchStateProcess) refers to tsl_linrot.o(i.TSL_linrot_ProcessCh_One_AcqStatusError) for TSL_linrot_ProcessCh_One_AcqStatusError
    tsl_linrot.o(i.TSL_linrot_TouchStateProcess) refers to tsl_linrot.o(i.TSL_linrot_ProcessCh_One_DeltaAbove) for TSL_linrot_ProcessCh_One_DeltaAbove
    tsl_linrot.o(i.TSL_linrot_TouchStateProcess) refers to tsl_time.o(i.TSL_tim_CheckDelay_sec) for TSL_tim_CheckDelay_sec
    tsl_linrot.o(i.TSL_linrot_TouchStateProcess) refers to tsl_linrot.o(i.TSL_linrot_SetStateCalibration) for TSL_linrot_SetStateCalibration
    tsl_linrot.o(i.TSL_linrot_TouchStateProcess) refers to tsl_linrot.o(i.TSL_linrot_DTOGetTime) for TSL_linrot_DTOGetTime
    tsl_linrot.o(i.TSL_linrot_TouchStateProcess) refers to tsl_globals.o(.bss) for TSL_Globals
    tsl_linrot.o(i.TSL_linrot_TouchStateProcess) refers to tsl_user.o(.data) for TSL_Params
    tsl_object.o(i.TSL_obj_GroupInit) refers to tsl_object.o(i.TSL_obj_SetGlobalObj) for TSL_obj_SetGlobalObj
    tsl_object.o(i.TSL_obj_GroupInit) refers to tsl_globals.o(.bss) for TSL_Globals
    tsl_object.o(i.TSL_obj_GroupProcess) refers to tsl_object.o(i.TSL_obj_SetGlobalObj) for TSL_obj_SetGlobalObj
    tsl_object.o(i.TSL_obj_GroupProcess) refers to tsl_globals.o(.bss) for TSL_Globals
    tsl_object.o(i.TSL_obj_SetGlobalObj) refers to tsl_globals.o(.bss) for TSL_Globals
    tsl_time.o(i.TSL_tim_CheckDelay_ms) refers to tsl_globals.o(.bss) for TSL_Globals
    tsl_time.o(i.TSL_tim_CheckDelay_sec) refers to tsl_globals.o(.bss) for TSL_Globals
    tsl_time.o(i.TSL_tim_ProcessIT) refers to tsl_globals.o(.bss) for TSL_Globals
    tsl_time.o(i.TSL_tim_ProcessIT) refers to tsl_time.o(.data) for .data
    stm32l0538_discovery.o(i.BSP_LED_Init) refers to stm32l0xx_hal_gpio.o(i.HAL_GPIO_Init) for HAL_GPIO_Init
    stm32l0538_discovery.o(i.BSP_LED_Init) refers to stm32l0xx_hal_gpio.o(i.HAL_GPIO_WritePin) for HAL_GPIO_WritePin
    stm32l0538_discovery.o(i.BSP_LED_Init) refers to stm32l0538_discovery.o(.constdata) for .constdata
    stm32l0538_discovery.o(i.BSP_LED_Init) refers to stm32l0538_discovery.o(.data) for .data
    stm32l0538_discovery.o(i.BSP_LED_Off) refers to stm32l0xx_hal_gpio.o(i.HAL_GPIO_WritePin) for HAL_GPIO_WritePin
    stm32l0538_discovery.o(i.BSP_LED_Off) refers to stm32l0538_discovery.o(.constdata) for .constdata
    stm32l0538_discovery.o(i.BSP_LED_Off) refers to stm32l0538_discovery.o(.data) for .data
    stm32l0538_discovery.o(i.BSP_LED_On) refers to stm32l0xx_hal_gpio.o(i.HAL_GPIO_WritePin) for HAL_GPIO_WritePin
    stm32l0538_discovery.o(i.BSP_LED_On) refers to stm32l0538_discovery.o(.constdata) for .constdata
    stm32l0538_discovery.o(i.BSP_LED_On) refers to stm32l0538_discovery.o(.data) for .data
    stm32l0538_discovery.o(i.BSP_LED_Toggle) refers to stm32l0xx_hal_gpio.o(i.HAL_GPIO_TogglePin) for HAL_GPIO_TogglePin
    stm32l0538_discovery.o(i.BSP_LED_Toggle) refers to stm32l0538_discovery.o(.constdata) for .constdata
    stm32l0538_discovery.o(i.BSP_LED_Toggle) refers to stm32l0538_discovery.o(.data) for .data
    stm32l0538_discovery.o(i.BSP_PB_GetState) refers to stm32l0xx_hal_gpio.o(i.HAL_GPIO_ReadPin) for HAL_GPIO_ReadPin
    stm32l0538_discovery.o(i.BSP_PB_GetState) refers to stm32l0538_discovery.o(.constdata) for .constdata
    stm32l0538_discovery.o(i.BSP_PB_GetState) refers to stm32l0538_discovery.o(.data) for .data
    stm32l0538_discovery.o(i.BSP_PB_Init) refers to stm32l0xx_hal_gpio.o(i.HAL_GPIO_Init) for HAL_GPIO_Init
    stm32l0538_discovery.o(i.BSP_PB_Init) refers to stm32l0xx_hal_cortex.o(i.HAL_NVIC_SetPriority) for HAL_NVIC_SetPriority
    stm32l0538_discovery.o(i.BSP_PB_Init) refers to stm32l0xx_hal_cortex.o(i.HAL_NVIC_EnableIRQ) for HAL_NVIC_EnableIRQ
    stm32l0538_discovery.o(i.BSP_PB_Init) refers to stm32l0538_discovery.o(.constdata) for .constdata
    stm32l0538_discovery.o(i.BSP_PB_Init) refers to stm32l0538_discovery.o(.data) for .data
    stm32l0538_discovery.o(i.EPD_Delay) refers to stm32l0xx_hal.o(i.HAL_Delay) for HAL_Delay
    stm32l0538_discovery.o(i.EPD_IO_Init) refers to stm32l0xx_hal_gpio.o(i.HAL_GPIO_Init) for HAL_GPIO_Init
    stm32l0538_discovery.o(i.EPD_IO_Init) refers to stm32l0xx_hal_gpio.o(i.HAL_GPIO_WritePin) for HAL_GPIO_WritePin
    stm32l0538_discovery.o(i.EPD_IO_Init) refers to stm32l0xx_hal.o(i.HAL_Delay) for HAL_Delay
    stm32l0538_discovery.o(i.EPD_IO_Init) refers to stm32l0538_discovery.o(i.SPIx_Init) for SPIx_Init
    stm32l0538_discovery.o(i.EPD_IO_ReadData) refers to stm32l0xx_hal_gpio.o(i.HAL_GPIO_WritePin) for HAL_GPIO_WritePin
    stm32l0538_discovery.o(i.EPD_IO_ReadData) refers to stm32l0xx_hal_spi.o(i.HAL_SPI_TransmitReceive) for HAL_SPI_TransmitReceive
    stm32l0538_discovery.o(i.EPD_IO_ReadData) refers to stm32l0538_discovery.o(i.SPIx_Error) for SPIx_Error
    stm32l0538_discovery.o(i.EPD_IO_ReadData) refers to stm32l0538_discovery.o(.bss) for .bss
    stm32l0538_discovery.o(i.EPD_IO_WriteData) refers to stm32l0xx_hal_gpio.o(i.HAL_GPIO_WritePin) for HAL_GPIO_WritePin
    stm32l0538_discovery.o(i.EPD_IO_WriteData) refers to stm32l0538_discovery.o(i.SPIx_Write) for SPIx_Write
    stm32l0538_discovery.o(i.EPD_IO_WriteReg) refers to stm32l0xx_hal_gpio.o(i.HAL_GPIO_WritePin) for HAL_GPIO_WritePin
    stm32l0538_discovery.o(i.EPD_IO_WriteReg) refers to stm32l0538_discovery.o(i.SPIx_Write) for SPIx_Write
    stm32l0538_discovery.o(i.SPIx_Error) refers to stm32l0xx_hal_spi.o(i.HAL_SPI_DeInit) for HAL_SPI_DeInit
    stm32l0538_discovery.o(i.SPIx_Error) refers to stm32l0538_discovery.o(i.SPIx_Init) for SPIx_Init
    stm32l0538_discovery.o(i.SPIx_Error) refers to stm32l0538_discovery.o(.bss) for .bss
    stm32l0538_discovery.o(i.SPIx_Init) refers to stm32l0xx_hal_spi.o(i.HAL_SPI_GetState) for HAL_SPI_GetState
    stm32l0538_discovery.o(i.SPIx_Init) refers to stm32l0xx_hal_gpio.o(i.HAL_GPIO_Init) for HAL_GPIO_Init
    stm32l0538_discovery.o(i.SPIx_Init) refers to stm32l0xx_hal_spi.o(i.HAL_SPI_Init) for HAL_SPI_Init
    stm32l0538_discovery.o(i.SPIx_Init) refers to stm32l0538_discovery.o(.bss) for .bss
    stm32l0538_discovery.o(i.SPIx_Write) refers to stm32l0xx_hal_spi.o(i.HAL_SPI_Transmit) for HAL_SPI_Transmit
    stm32l0538_discovery.o(i.SPIx_Write) refers to stm32l0538_discovery.o(i.SPIx_Error) for SPIx_Error
    stm32l0538_discovery.o(i.SPIx_Write) refers to stm32l0538_discovery.o(.bss) for .bss
    entry.o(.ARM.Collect$$$$00000000) refers (Special) to entry10a.o(.ARM.Collect$$$$0000000D) for __rt_final_cpp
    entry.o(.ARM.Collect$$$$00000000) refers (Special) to entry11a.o(.ARM.Collect$$$$0000000F) for __rt_final_exit
    entry.o(.ARM.Collect$$$$00000000) refers (Special) to entry7b.o(.ARM.Collect$$$$00000008) for _main_clock
    entry.o(.ARM.Collect$$$$00000000) refers (Special) to entry8b.o(.ARM.Collect$$$$0000000A) for _main_cpp_init
    entry.o(.ARM.Collect$$$$00000000) refers (Special) to entry9a.o(.ARM.Collect$$$$0000000B) for _main_init
    entry.o(.ARM.Collect$$$$00000000) refers (Special) to entry5.o(.ARM.Collect$$$$00000004) for _main_scatterload
    entry.o(.ARM.Collect$$$$00000000) refers (Special) to entry2.o(.ARM.Collect$$$$00000001) for _main_stk
    entry2.o(.ARM.Collect$$$$00000001) refers to entry2.o(.ARM.Collect$$$$00002712) for __lit__00000000
    entry2.o(.ARM.Collect$$$$00002712) refers to startup_stm32l053xx.o(STACK) for __initial_sp
    entry2.o(__vectab_stack_and_reset_area) refers to startup_stm32l053xx.o(STACK) for __initial_sp
    entry2.o(__vectab_stack_and_reset_area) refers to entry.o(.ARM.Collect$$$$00000000) for __main
    entry5.o(.ARM.Collect$$$$00000004) refers to init.o(.text) for __scatterload
    entry9a.o(.ARM.Collect$$$$0000000B) refers to main.o(i.main) for main
    entry9b.o(.ARM.Collect$$$$0000000C) refers to main.o(i.main) for main
    init.o(.text) refers to entry5.o(.ARM.Collect$$$$00000004) for __main_after_scatterload


==============================================================================

Removing Unused input sections from the image.

    Removing system_stm32l0xx.o(.rev16_text), (4 bytes).
    Removing system_stm32l0xx.o(.revsh_text), (4 bytes).
    Removing system_stm32l0xx.o(i.SystemCoreClockUpdate), (148 bytes).
    Removing stm32l0xx_hal.o(.rev16_text), (4 bytes).
    Removing stm32l0xx_hal.o(.revsh_text), (4 bytes).
    Removing stm32l0xx_hal.o(i.HAL_ADC_EnableBufferSensor_Cmd), (32 bytes).
    Removing stm32l0xx_hal.o(i.HAL_ADC_EnableBuffer_Cmd), (28 bytes).
    Removing stm32l0xx_hal.o(i.HAL_COMP_EnableBuffer_Cmd), (32 bytes).
    Removing stm32l0xx_hal.o(i.HAL_DBG_LowPowerConfig), (24 bytes).
    Removing stm32l0xx_hal.o(i.HAL_DeInit), (40 bytes).
    Removing stm32l0xx_hal.o(i.HAL_Delay), (22 bytes).
    Removing stm32l0xx_hal.o(i.HAL_DisableDBGSleepMode), (16 bytes).
    Removing stm32l0xx_hal.o(i.HAL_DisableDBGStandbyMode), (16 bytes).
    Removing stm32l0xx_hal.o(i.HAL_DisableDBGStopMode), (16 bytes).
    Removing stm32l0xx_hal.o(i.HAL_EnableDBGSleepMode), (16 bytes).
    Removing stm32l0xx_hal.o(i.HAL_EnableDBGStandbyMode), (16 bytes).
    Removing stm32l0xx_hal.o(i.HAL_EnableDBGStopMode), (16 bytes).
    Removing stm32l0xx_hal.o(i.HAL_GetBootMode), (16 bytes).
    Removing stm32l0xx_hal.o(i.HAL_GetDEVID), (16 bytes).
    Removing stm32l0xx_hal.o(i.HAL_GetHalVersion), (8 bytes).
    Removing stm32l0xx_hal.o(i.HAL_GetREVID), (12 bytes).
    Removing stm32l0xx_hal.o(i.HAL_I2CFastModePlusConfig), (24 bytes).
    Removing stm32l0xx_hal.o(i.HAL_Lock_Cmd), (28 bytes).
    Removing stm32l0xx_hal.o(i.HAL_MspDeInit), (2 bytes).
    Removing stm32l0xx_hal.o(i.HAL_MspInit), (2 bytes).
    Removing stm32l0xx_hal.o(i.HAL_RC48_EnableBuffer_Cmd), (32 bytes).
    Removing stm32l0xx_hal.o(i.HAL_ResumeTick), (16 bytes).
    Removing stm32l0xx_hal.o(i.HAL_SuspendTick), (16 bytes).
    Removing stm32l0xx_hal.o(i.HAL_VREFINT_Cmd), (28 bytes).
    Removing stm32l0xx_hal.o(i.HAL_VREFINT_OutputSelect), (24 bytes).
    Removing stm32l0xx_hal_cortex.o(.rev16_text), (4 bytes).
    Removing stm32l0xx_hal_cortex.o(.revsh_text), (4 bytes).
    Removing stm32l0xx_hal_cortex.o(i.HAL_NVIC_ClearPendingIRQ), (20 bytes).
    Removing stm32l0xx_hal_cortex.o(i.HAL_NVIC_DisableIRQ), (20 bytes).
    Removing stm32l0xx_hal_cortex.o(i.HAL_NVIC_EnableIRQ), (20 bytes).
    Removing stm32l0xx_hal_cortex.o(i.HAL_NVIC_GetPendingIRQ), (28 bytes).
    Removing stm32l0xx_hal_cortex.o(i.HAL_NVIC_SetPendingIRQ), (20 bytes).
    Removing stm32l0xx_hal_cortex.o(i.HAL_NVIC_SystemReset), (24 bytes).
    Removing stm32l0xx_hal_cortex.o(i.HAL_SYSTICK_CLKSourceConfig), (24 bytes).
    Removing stm32l0xx_hal_cortex.o(i.HAL_SYSTICK_Callback), (2 bytes).
    Removing stm32l0xx_hal_cortex.o(i.HAL_SYSTICK_IRQHandler), (8 bytes).
    Removing stm32l0xx_hal_gpio.o(.rev16_text), (4 bytes).
    Removing stm32l0xx_hal_gpio.o(.revsh_text), (4 bytes).
    Removing stm32l0xx_hal_gpio.o(i.HAL_GPIO_DeInit), (136 bytes).
    Removing stm32l0xx_hal_gpio.o(i.HAL_GPIO_EXTI_Callback), (2 bytes).
    Removing stm32l0xx_hal_gpio.o(i.HAL_GPIO_EXTI_IRQHandler), (24 bytes).
    Removing stm32l0xx_hal_gpio.o(i.HAL_GPIO_LockPin), (36 bytes).
    Removing stm32l0xx_hal_gpio.o(i.HAL_GPIO_ReadPin), (10 bytes).
    Removing stm32l0xx_hal_rcc.o(.rev16_text), (4 bytes).
    Removing stm32l0xx_hal_rcc.o(.revsh_text), (4 bytes).
    Removing stm32l0xx_hal_rcc.o(i.HAL_RCC_CCSCallback), (2 bytes).
    Removing stm32l0xx_hal_rcc.o(i.HAL_RCC_DeInit), (44 bytes).
    Removing stm32l0xx_hal_rcc.o(i.HAL_RCC_EnableCSS), (20 bytes).
    Removing stm32l0xx_hal_rcc.o(i.HAL_RCC_GetClockConfig), (64 bytes).
    Removing stm32l0xx_hal_rcc.o(i.HAL_RCC_GetOscConfig), (192 bytes).
    Removing stm32l0xx_hal_rcc.o(i.HAL_RCC_GetPCLK1Freq), (32 bytes).
    Removing stm32l0xx_hal_rcc.o(i.HAL_RCC_GetPCLK2Freq), (32 bytes).
    Removing stm32l0xx_hal_rcc.o(i.HAL_RCC_MCOConfig), (80 bytes).
    Removing stm32l0xx_hal_rcc.o(i.HAL_RCC_NMI_IRQHandler), (24 bytes).
    Removing stm32l0xx_hal_rcc_ex.o(.rev16_text), (4 bytes).
    Removing stm32l0xx_hal_rcc_ex.o(.revsh_text), (4 bytes).
    Removing stm32l0xx_hal_rcc_ex.o(i.HAL_RCCEx_CRSConfig), (124 bytes).
    Removing stm32l0xx_hal_rcc_ex.o(i.HAL_RCCEx_CRSGetSynchronizationInfo), (40 bytes).
    Removing stm32l0xx_hal_rcc_ex.o(i.HAL_RCCEx_CRSSoftwareSynchronizationGenerate), (16 bytes).
    Removing stm32l0xx_hal_rcc_ex.o(i.HAL_RCCEx_CRSWaitSynchronization), (136 bytes).
    Removing stm32l0xx_hal_rcc_ex.o(i.HAL_RCCEx_DisableLSECSS), (20 bytes).
    Removing stm32l0xx_hal_rcc_ex.o(i.HAL_RCCEx_EnableLSECSS), (20 bytes).
    Removing stm32l0xx_hal_rcc_ex.o(i.HAL_RCCEx_GetPeriphCLKConfig), (72 bytes).
    Removing stm32l0xx_hal_rcc_ex.o(i.HAL_RCCEx_PeriphCLKConfig), (316 bytes).
    Removing stm32l0xx_hal_tsc.o(.rev16_text), (4 bytes).
    Removing stm32l0xx_hal_tsc.o(.revsh_text), (4 bytes).
    Removing stm32l0xx_hal_tsc.o(i.HAL_TSC_ConvCpltCallback), (2 bytes).
    Removing stm32l0xx_hal_tsc.o(i.HAL_TSC_DeInit), (32 bytes).
    Removing stm32l0xx_hal_tsc.o(i.HAL_TSC_ErrorCallback), (2 bytes).
    Removing stm32l0xx_hal_tsc.o(i.HAL_TSC_GetState), (40 bytes).
    Removing stm32l0xx_hal_tsc.o(i.HAL_TSC_GroupGetStatus), (22 bytes).
    Removing stm32l0xx_hal_tsc.o(i.HAL_TSC_GroupGetValue), (10 bytes).
    Removing stm32l0xx_hal_tsc.o(i.HAL_TSC_IOConfig), (80 bytes).
    Removing stm32l0xx_hal_tsc.o(i.HAL_TSC_IODischarge), (42 bytes).
    Removing stm32l0xx_hal_tsc.o(i.HAL_TSC_IRQHandler), (56 bytes).
    Removing stm32l0xx_hal_tsc.o(i.HAL_TSC_MspDeInit), (2 bytes).
    Removing stm32l0xx_hal_tsc.o(i.HAL_TSC_PollForAcquisition), (38 bytes).
    Removing stm32l0xx_hal_tsc.o(i.HAL_TSC_Start), (64 bytes).
    Removing stm32l0xx_hal_tsc.o(i.HAL_TSC_Start_IT), (80 bytes).
    Removing stm32l0xx_hal_tsc.o(i.HAL_TSC_Stop), (44 bytes).
    Removing stm32l0xx_hal_tsc.o(i.HAL_TSC_Stop_IT), (54 bytes).
    Removing stm32l0xx_hal_dma.o(.rev16_text), (4 bytes).
    Removing stm32l0xx_hal_dma.o(.revsh_text), (4 bytes).
    Removing stm32l0xx_hal_dma.o(i.DMA_SetConfig), (30 bytes).
    Removing stm32l0xx_hal_dma.o(i.HAL_DMA_Abort), (76 bytes).
    Removing stm32l0xx_hal_dma.o(i.HAL_DMA_DeInit), (468 bytes).
    Removing stm32l0xx_hal_dma.o(i.HAL_DMA_GetError), (4 bytes).
    Removing stm32l0xx_hal_dma.o(i.HAL_DMA_GetState), (6 bytes).
    Removing stm32l0xx_hal_dma.o(i.HAL_DMA_IRQHandler), (640 bytes).
    Removing stm32l0xx_hal_dma.o(i.HAL_DMA_Init), (252 bytes).
    Removing stm32l0xx_hal_dma.o(i.HAL_DMA_PollForTransfer), (616 bytes).
    Removing stm32l0xx_hal_dma.o(i.HAL_DMA_Start), (50 bytes).
    Removing stm32l0xx_hal_dma.o(i.HAL_DMA_Start_IT), (78 bytes).
    Removing stm32l0xx_hal_spi.o(.rev16_text), (4 bytes).
    Removing stm32l0xx_hal_spi.o(.revsh_text), (4 bytes).
    Removing stm32l0xx_hal_spi.o(i.HAL_SPI_DMAPause), (46 bytes).
    Removing stm32l0xx_hal_spi.o(i.HAL_SPI_DMAResume), (44 bytes).
    Removing stm32l0xx_hal_spi.o(i.HAL_SPI_DMAStop), (54 bytes).
    Removing stm32l0xx_hal_spi.o(i.HAL_SPI_DeInit), (44 bytes).
    Removing stm32l0xx_hal_spi.o(i.HAL_SPI_ErrorCallback), (2 bytes).
    Removing stm32l0xx_hal_spi.o(i.HAL_SPI_GetError), (6 bytes).
    Removing stm32l0xx_hal_spi.o(i.HAL_SPI_GetState), (6 bytes).
    Removing stm32l0xx_hal_spi.o(i.HAL_SPI_IRQHandler), (192 bytes).
    Removing stm32l0xx_hal_spi.o(i.HAL_SPI_Init), (130 bytes).
    Removing stm32l0xx_hal_spi.o(i.HAL_SPI_MspDeInit), (2 bytes).
    Removing stm32l0xx_hal_spi.o(i.HAL_SPI_MspInit), (2 bytes).
    Removing stm32l0xx_hal_spi.o(i.HAL_SPI_Receive), (462 bytes).
    Removing stm32l0xx_hal_spi.o(i.HAL_SPI_Receive_DMA), (208 bytes).
    Removing stm32l0xx_hal_spi.o(i.HAL_SPI_Receive_IT), (172 bytes).
    Removing stm32l0xx_hal_spi.o(i.HAL_SPI_RxCpltCallback), (2 bytes).
    Removing stm32l0xx_hal_spi.o(i.HAL_SPI_RxHalfCpltCallback), (2 bytes).
    Removing stm32l0xx_hal_spi.o(i.HAL_SPI_Transmit), (332 bytes).
    Removing stm32l0xx_hal_spi.o(i.HAL_SPI_TransmitReceive), (690 bytes).
    Removing stm32l0xx_hal_spi.o(i.HAL_SPI_TransmitReceive_DMA), (252 bytes).
    Removing stm32l0xx_hal_spi.o(i.HAL_SPI_TransmitReceive_IT), (160 bytes).
    Removing stm32l0xx_hal_spi.o(i.HAL_SPI_Transmit_DMA), (188 bytes).
    Removing stm32l0xx_hal_spi.o(i.HAL_SPI_Transmit_IT), (156 bytes).
    Removing stm32l0xx_hal_spi.o(i.HAL_SPI_TxCpltCallback), (2 bytes).
    Removing stm32l0xx_hal_spi.o(i.HAL_SPI_TxHalfCpltCallback), (2 bytes).
    Removing stm32l0xx_hal_spi.o(i.HAL_SPI_TxRxCpltCallback), (2 bytes).
    Removing stm32l0xx_hal_spi.o(i.HAL_SPI_TxRxHalfCpltCallback), (2 bytes).
    Removing stm32l0xx_hal_spi.o(i.SPI_2LinesRxISR), (48 bytes).
    Removing stm32l0xx_hal_spi.o(i.SPI_DMAError), (32 bytes).
    Removing stm32l0xx_hal_spi.o(i.SPI_DMAHalfReceiveCplt), (10 bytes).
    Removing stm32l0xx_hal_spi.o(i.SPI_DMAHalfTransmitCplt), (10 bytes).
    Removing stm32l0xx_hal_spi.o(i.SPI_DMAHalfTransmitReceiveCplt), (10 bytes).
    Removing stm32l0xx_hal_spi.o(i.SPI_DMAReceiveCplt), (186 bytes).
    Removing stm32l0xx_hal_spi.o(i.SPI_DMATransmitCplt), (120 bytes).
    Removing stm32l0xx_hal_spi.o(i.SPI_DMATransmitReceiveCplt), (208 bytes).
    Removing stm32l0xx_hal_spi.o(i.SPI_RxCloseIRQHandler), (200 bytes).
    Removing stm32l0xx_hal_spi.o(i.SPI_RxISR), (78 bytes).
    Removing stm32l0xx_hal_spi.o(i.SPI_TxCloseIRQHandler), (130 bytes).
    Removing stm32l0xx_hal_spi.o(i.SPI_TxISR), (72 bytes).
    Removing stm32l0xx_hal_spi.o(i.SPI_WaitOnFlagUntilTimeout), (178 bytes).
    Removing startup_stm32l053xx.o(HEAP), (512 bytes).
    Removing main.o(.rev16_text), (4 bytes).
    Removing main.o(.revsh_text), (4 bytes).
    Removing stm32l0xx_hal_msp.o(.rev16_text), (4 bytes).
    Removing stm32l0xx_hal_msp.o(.revsh_text), (4 bytes).
    Removing stm32l0xx_hal_msp.o(i.HAL_MspDeInit), (100 bytes).
    Removing stm32l0xx_it.o(.rev16_text), (4 bytes).
    Removing stm32l0xx_it.o(.revsh_text), (4 bytes).
    Removing stmcriticalsection.o(i.enterLock), (28 bytes).
    Removing stmcriticalsection.o(i.exitLock), (12 bytes).
    Removing stmcriticalsection.o(.data), (3 bytes).
    Removing tsl_user.o(.rev16_text), (4 bytes).
    Removing tsl_user.o(.revsh_text), (4 bytes).
    Removing tsl_user.o(i.tsl_user_SetThresholds), (2 bytes).
    Removing tsl.o(.rev16_text), (4 bytes).
    Removing tsl.o(.revsh_text), (4 bytes).
    Removing tsl_acq.o(.rev16_text), (4 bytes).
    Removing tsl_acq.o(.revsh_text), (4 bytes).
    Removing tsl_acq.o(i.TSL_acq_BankCalibrate), (268 bytes).
    Removing tsl_acq.o(i.TSL_acq_BankClearData), (60 bytes).
    Removing tsl_acq.o(.data), (6 bytes).
    Removing tsl_acq_tsc.o(.rev16_text), (4 bytes).
    Removing tsl_acq_tsc.o(.revsh_text), (4 bytes).
    Removing tsl_dxs.o(.rev16_text), (4 bytes).
    Removing tsl_dxs.o(.revsh_text), (4 bytes).
    Removing tsl_ecs.o(.rev16_text), (4 bytes).
    Removing tsl_ecs.o(.revsh_text), (4 bytes).
    Removing tsl_filter.o(.rev16_text), (4 bytes).
    Removing tsl_filter.o(.revsh_text), (4 bytes).
    Removing tsl_filter.o(i.TSL_filt_DeltaFilter), (2 bytes).
    Removing tsl_filter.o(i.TSL_filt_MeasFilter), (32 bytes).
    Removing tsl_globals.o(.rev16_text), (4 bytes).
    Removing tsl_globals.o(.revsh_text), (4 bytes).
    Removing tsl_linrot.o(.rev16_text), (4 bytes).
    Removing tsl_linrot.o(.revsh_text), (4 bytes).
    Removing tsl_linrot.o(i.TSL_linrot_GetStateId), (16 bytes).
    Removing tsl_linrot.o(i.TSL_linrot_IsChanged), (20 bytes).
    Removing tsl_linrot.o(i.TSL_linrot_NormDelta), (32 bytes).
    Removing tsl_linrot.o(i.TSL_linrot_ProcessCh_All_AcqStatus), (48 bytes).
    Removing tsl_linrot.o(i.TSL_linrot_SetStateBurstOnly), (36 bytes).
    Removing tsl_linrot.o(i.TSL_linrot_SetStateOff), (36 bytes).
    Removing tsl_object.o(.rev16_text), (4 bytes).
    Removing tsl_object.o(.revsh_text), (4 bytes).
    Removing tsl_time.o(.rev16_text), (4 bytes).
    Removing tsl_time.o(.revsh_text), (4 bytes).
    Removing tsl_touchkey.o(.rev16_text), (4 bytes).
    Removing tsl_touchkey.o(.revsh_text), (4 bytes).
    Removing stm32l0538_discovery.o(.rev16_text), (4 bytes).
    Removing stm32l0538_discovery.o(.revsh_text), (4 bytes).
    Removing stm32l0538_discovery.o(i.BSP_GetVersion), (6 bytes).
    Removing stm32l0538_discovery.o(i.BSP_PB_GetState), (28 bytes).
    Removing stm32l0538_discovery.o(i.BSP_PB_Init), (112 bytes).
    Removing stm32l0538_discovery.o(i.EPD_Delay), (8 bytes).
    Removing stm32l0538_discovery.o(i.EPD_IO_Init), (184 bytes).
    Removing stm32l0538_discovery.o(i.EPD_IO_ReadData), (72 bytes).
    Removing stm32l0538_discovery.o(i.EPD_IO_WriteData), (56 bytes).
    Removing stm32l0538_discovery.o(i.EPD_IO_WriteReg), (56 bytes).
    Removing stm32l0538_discovery.o(i.SPIx_Error), (20 bytes).
    Removing stm32l0538_discovery.o(i.SPIx_Init), (140 bytes).
    Removing stm32l0538_discovery.o(i.SPIx_Write), (32 bytes).
    Removing stm32l0538_discovery.o(.bss), (84 bytes).

200 unused section(s) (total 11695 bytes) removed from the image.

==============================================================================

Image Symbol Table

    Local Symbols

    Symbol Name                              Value     Ov Type        Size  Object(Section)

    ../clib/microlib/division.c              0x00000000   Number         0  uidiv.o ABSOLUTE
    ../clib/microlib/init/entry.s            0x00000000   Number         0  entry10a.o ABSOLUTE
    ../clib/microlib/init/entry.s            0x00000000   Number         0  entry9b.o ABSOLUTE
    ../clib/microlib/init/entry.s            0x00000000   Number         0  entry9a.o ABSOLUTE
    ../clib/microlib/init/entry.s            0x00000000   Number         0  entry8b.o ABSOLUTE
    ../clib/microlib/init/entry.s            0x00000000   Number         0  entry7b.o ABSOLUTE
    ../clib/microlib/init/entry.s            0x00000000   Number         0  entry8a.o ABSOLUTE
    ../clib/microlib/init/entry.s            0x00000000   Number         0  entry7a.o ABSOLUTE
    ../clib/microlib/init/entry.s            0x00000000   Number         0  entry.o ABSOLUTE
    ../clib/microlib/init/entry.s            0x00000000   Number         0  entry5.o ABSOLUTE
    ../clib/microlib/init/entry.s            0x00000000   Number         0  entry11b.o ABSOLUTE
    ../clib/microlib/init/entry.s            0x00000000   Number         0  entry11a.o ABSOLUTE
    ../clib/microlib/init/entry.s            0x00000000   Number         0  entry10b.o ABSOLUTE
    ../clib/microlib/init/entry.s            0x00000000   Number         0  entry2.o ABSOLUTE
    ..\..\..\..\..\..\Drivers\BSP\STM32L0538-Discovery\stm32l0538_discovery.c 0x00000000   Number         0  stm32l0538_discovery.o ABSOLUTE
    ..\..\..\..\..\..\Drivers\STM32L0xx_HAL_Driver\Src\stm32l0xx_hal.c 0x00000000   Number         0  stm32l0xx_hal.o ABSOLUTE
    ..\..\..\..\..\..\Drivers\STM32L0xx_HAL_Driver\Src\stm32l0xx_hal_cortex.c 0x00000000   Number         0  stm32l0xx_hal_cortex.o ABSOLUTE
    ..\..\..\..\..\..\Drivers\STM32L0xx_HAL_Driver\Src\stm32l0xx_hal_dma.c 0x00000000   Number         0  stm32l0xx_hal_dma.o ABSOLUTE
    ..\..\..\..\..\..\Drivers\STM32L0xx_HAL_Driver\Src\stm32l0xx_hal_gpio.c 0x00000000   Number         0  stm32l0xx_hal_gpio.o ABSOLUTE
    ..\..\..\..\..\..\Drivers\STM32L0xx_HAL_Driver\Src\stm32l0xx_hal_rcc.c 0x00000000   Number         0  stm32l0xx_hal_rcc.o ABSOLUTE
    ..\..\..\..\..\..\Drivers\STM32L0xx_HAL_Driver\Src\stm32l0xx_hal_rcc_ex.c 0x00000000   Number         0  stm32l0xx_hal_rcc_ex.o ABSOLUTE
    ..\..\..\..\..\..\Drivers\STM32L0xx_HAL_Driver\Src\stm32l0xx_hal_spi.c 0x00000000   Number         0  stm32l0xx_hal_spi.o ABSOLUTE
    ..\..\..\..\..\..\Drivers\STM32L0xx_HAL_Driver\Src\stm32l0xx_hal_tsc.c 0x00000000   Number         0  stm32l0xx_hal_tsc.o ABSOLUTE
    ..\..\..\..\..\..\Middlewares\ST\STM32_TouchSensing_Library\src\tsl.c 0x00000000   Number         0  tsl.o ABSOLUTE
    ..\..\..\..\..\..\Middlewares\ST\STM32_TouchSensing_Library\src\tsl_acq.c 0x00000000   Number         0  tsl_acq.o ABSOLUTE
    ..\..\..\..\..\..\Middlewares\ST\STM32_TouchSensing_Library\src\tsl_acq_tsc.c 0x00000000   Number         0  tsl_acq_tsc.o ABSOLUTE
    ..\..\..\..\..\..\Middlewares\ST\STM32_TouchSensing_Library\src\tsl_dxs.c 0x00000000   Number         0  tsl_dxs.o ABSOLUTE
    ..\..\..\..\..\..\Middlewares\ST\STM32_TouchSensing_Library\src\tsl_ecs.c 0x00000000   Number         0  tsl_ecs.o ABSOLUTE
    ..\..\..\..\..\..\Middlewares\ST\STM32_TouchSensing_Library\src\tsl_filter.c 0x00000000   Number         0  tsl_filter.o ABSOLUTE
    ..\..\..\..\..\..\Middlewares\ST\STM32_TouchSensing_Library\src\tsl_globals.c 0x00000000   Number         0  tsl_globals.o ABSOLUTE
    ..\..\..\..\..\..\Middlewares\ST\STM32_TouchSensing_Library\src\tsl_linrot.c 0x00000000   Number         0  tsl_linrot.o ABSOLUTE
    ..\..\..\..\..\..\Middlewares\ST\STM32_TouchSensing_Library\src\tsl_object.c 0x00000000   Number         0  tsl_object.o ABSOLUTE
    ..\..\..\..\..\..\Middlewares\ST\STM32_TouchSensing_Library\src\tsl_time.c 0x00000000   Number         0  tsl_time.o ABSOLUTE
    ..\..\..\..\..\..\Middlewares\ST\STM32_TouchSensing_Library\src\tsl_touchkey.c 0x00000000   Number         0  tsl_touchkey.o ABSOLUTE
    ..\Src\main.c                            0x00000000   Number         0  main.o ABSOLUTE
    ..\Src\stm32l0xx_hal_msp.c               0x00000000   Number         0  stm32l0xx_hal_msp.o ABSOLUTE
    ..\Src\stm32l0xx_it.c                    0x00000000   Number         0  stm32l0xx_it.o ABSOLUTE
    ..\Src\stmCriticalSection.c              0x00000000   Number         0  stmcriticalsection.o ABSOLUTE
    ..\Src\system_stm32l0xx.c                0x00000000   Number         0  system_stm32l0xx.o ABSOLUTE
    ..\Src\tsl_user.c                        0x00000000   Number         0  tsl_user.o ABSOLUTE
    ..\\..\\..\\..\\..\\..\\Drivers\\BSP\\STM32L0538-Discovery\\stm32l0538_discovery.c 0x00000000   Number         0  stm32l0538_discovery.o ABSOLUTE
    ..\\..\\..\\..\\..\\..\\Drivers\\STM32L0xx_HAL_Driver\\Src\\stm32l0xx_hal.c 0x00000000   Number         0  stm32l0xx_hal.o ABSOLUTE
    ..\\..\\..\\..\\..\\..\\Drivers\\STM32L0xx_HAL_Driver\\Src\\stm32l0xx_hal_cortex.c 0x00000000   Number         0  stm32l0xx_hal_cortex.o ABSOLUTE
    ..\\..\\..\\..\\..\\..\\Drivers\\STM32L0xx_HAL_Driver\\Src\\stm32l0xx_hal_dma.c 0x00000000   Number         0  stm32l0xx_hal_dma.o ABSOLUTE
    ..\\..\\..\\..\\..\\..\\Drivers\\STM32L0xx_HAL_Driver\\Src\\stm32l0xx_hal_gpio.c 0x00000000   Number         0  stm32l0xx_hal_gpio.o ABSOLUTE
    ..\\..\\..\\..\\..\\..\\Drivers\\STM32L0xx_HAL_Driver\\Src\\stm32l0xx_hal_rcc.c 0x00000000   Number         0  stm32l0xx_hal_rcc.o ABSOLUTE
    ..\\..\\..\\..\\..\\..\\Drivers\\STM32L0xx_HAL_Driver\\Src\\stm32l0xx_hal_rcc_ex.c 0x00000000   Number         0  stm32l0xx_hal_rcc_ex.o ABSOLUTE
    ..\\..\\..\\..\\..\\..\\Drivers\\STM32L0xx_HAL_Driver\\Src\\stm32l0xx_hal_spi.c 0x00000000   Number         0  stm32l0xx_hal_spi.o ABSOLUTE
    ..\\..\\..\\..\\..\\..\\Drivers\\STM32L0xx_HAL_Driver\\Src\\stm32l0xx_hal_tsc.c 0x00000000   Number         0  stm32l0xx_hal_tsc.o ABSOLUTE
    ..\\..\\..\\..\\..\\..\\Middlewares\\ST\\STM32_TouchSensing_Library\\src\\tsl.c 0x00000000   Number         0  tsl.o ABSOLUTE
    ..\\..\\..\\..\\..\\..\\Middlewares\\ST\\STM32_TouchSensing_Library\\src\\tsl_acq.c 0x00000000   Number         0  tsl_acq.o ABSOLUTE
    ..\\..\\..\\..\\..\\..\\Middlewares\\ST\\STM32_TouchSensing_Library\\src\\tsl_acq_tsc.c 0x00000000   Number         0  tsl_acq_tsc.o ABSOLUTE
    ..\\..\\..\\..\\..\\..\\Middlewares\\ST\\STM32_TouchSensing_Library\\src\\tsl_dxs.c 0x00000000   Number         0  tsl_dxs.o ABSOLUTE
    ..\\..\\..\\..\\..\\..\\Middlewares\\ST\\STM32_TouchSensing_Library\\src\\tsl_ecs.c 0x00000000   Number         0  tsl_ecs.o ABSOLUTE
    ..\\..\\..\\..\\..\\..\\Middlewares\\ST\\STM32_TouchSensing_Library\\src\\tsl_filter.c 0x00000000   Number         0  tsl_filter.o ABSOLUTE
    ..\\..\\..\\..\\..\\..\\Middlewares\\ST\\STM32_TouchSensing_Library\\src\\tsl_globals.c 0x00000000   Number         0  tsl_globals.o ABSOLUTE
    ..\\..\\..\\..\\..\\..\\Middlewares\\ST\\STM32_TouchSensing_Library\\src\\tsl_linrot.c 0x00000000   Number         0  tsl_linrot.o ABSOLUTE
    ..\\..\\..\\..\\..\\..\\Middlewares\\ST\\STM32_TouchSensing_Library\\src\\tsl_object.c 0x00000000   Number         0  tsl_object.o ABSOLUTE
    ..\\..\\..\\..\\..\\..\\Middlewares\\ST\\STM32_TouchSensing_Library\\src\\tsl_time.c 0x00000000   Number         0  tsl_time.o ABSOLUTE
    ..\\..\\..\\..\\..\\..\\Middlewares\\ST\\STM32_TouchSensing_Library\\src\\tsl_touchkey.c 0x00000000   Number         0  tsl_touchkey.o ABSOLUTE
    ..\\Src\\main.c                          0x00000000   Number         0  main.o ABSOLUTE
    ..\\Src\\stm32l0xx_hal_msp.c             0x00000000   Number         0  stm32l0xx_hal_msp.o ABSOLUTE
    ..\\Src\\stm32l0xx_it.c                  0x00000000   Number         0  stm32l0xx_it.o ABSOLUTE
    ..\\Src\\system_stm32l0xx.c              0x00000000   Number         0  system_stm32l0xx.o ABSOLUTE
    ..\\Src\\tsl_user.c                      0x00000000   Number         0  tsl_user.o ABSOLUTE
    dc.s                                     0x00000000   Number         0  dc.o ABSOLUTE
    handlers.s                               0x00000000   Number         0  handlers.o ABSOLUTE
    init.s                                   0x00000000   Number         0  init.o ABSOLUTE
    startup_stm32l053xx.s                    0x00000000   Number         0  startup_stm32l053xx.o ABSOLUTE
    RESET                                    0x08000000   Section      192  startup_stm32l053xx.o(RESET)
    .ARM.Collect$$$$00000000                 0x080000c0   Section        0  entry.o(.ARM.Collect$$$$00000000)
    .ARM.Collect$$$$00000001                 0x080000c0   Section        4  entry2.o(.ARM.Collect$$$$00000001)
    .ARM.Collect$$$$00000004                 0x080000c4   Section        4  entry5.o(.ARM.Collect$$$$00000004)
    .ARM.Collect$$$$00000008                 0x080000c8   Section        0  entry7b.o(.ARM.Collect$$$$00000008)
    .ARM.Collect$$$$0000000A                 0x080000c8   Section        0  entry8b.o(.ARM.Collect$$$$0000000A)
    .ARM.Collect$$$$0000000B                 0x080000c8   Section        8  entry9a.o(.ARM.Collect$$$$0000000B)
    .ARM.Collect$$$$0000000D                 0x080000d0   Section        0  entry10a.o(.ARM.Collect$$$$0000000D)
    .ARM.Collect$$$$0000000F                 0x080000d0   Section        0  entry11a.o(.ARM.Collect$$$$0000000F)
    .ARM.Collect$$$$00002712                 0x080000d0   Section        4  entry2.o(.ARM.Collect$$$$00002712)
    __lit__00000000                          0x080000d0   Data           4  entry2.o(.ARM.Collect$$$$00002712)
    .text                                    0x080000d4   Section       32  startup_stm32l053xx.o(.text)
    .text                                    0x080000f4   Section        0  uidiv.o(.text)
    .text                                    0x08000120   Section       36  init.o(.text)
    i.BSP_LED_Init                           0x08000144   Section        0  stm32l0538_discovery.o(i.BSP_LED_Init)
    i.BSP_LED_Off                            0x08000190   Section        0  stm32l0538_discovery.o(i.BSP_LED_Off)
    i.BSP_LED_On                             0x080001b0   Section        0  stm32l0538_discovery.o(i.BSP_LED_On)
    i.BSP_LED_Toggle                         0x080001d0   Section        0  stm32l0538_discovery.o(i.BSP_LED_Toggle)
    i.DebugMon_Handler                       0x080001ec   Section        0  stm32l0xx_it.o(i.DebugMon_Handler)
    i.HAL_GPIO_Init                          0x080001f0   Section        0  stm32l0xx_hal_gpio.o(i.HAL_GPIO_Init)
    i.HAL_GPIO_TogglePin                     0x08000364   Section        0  stm32l0xx_hal_gpio.o(i.HAL_GPIO_TogglePin)
    i.HAL_GPIO_WritePin                      0x0800036c   Section        0  stm32l0xx_hal_gpio.o(i.HAL_GPIO_WritePin)
    i.HAL_GetTick                            0x08000378   Section        0  stm32l0xx_hal.o(i.HAL_GetTick)
    i.HAL_IncTick                            0x08000384   Section        0  stm32l0xx_hal.o(i.HAL_IncTick)
    i.HAL_Init                               0x08000394   Section        0  stm32l0xx_hal.o(i.HAL_Init)
    i.HAL_InitTick                           0x080003bc   Section        0  stm32l0xx_hal.o(i.HAL_InitTick)
    i.HAL_MspInit                            0x080003e0   Section        0  stm32l0xx_hal_msp.o(i.HAL_MspInit)
    i.HAL_NVIC_SetPriority                   0x08000474   Section        0  stm32l0xx_hal_cortex.o(i.HAL_NVIC_SetPriority)
    i.HAL_RCC_ClockConfig                    0x0800047c   Section        0  stm32l0xx_hal_rcc.o(i.HAL_RCC_ClockConfig)
    i.HAL_RCC_GetHCLKFreq                    0x08000680   Section        0  stm32l0xx_hal_rcc.o(i.HAL_RCC_GetHCLKFreq)
    i.HAL_RCC_GetSysClockFreq                0x080006a8   Section        0  stm32l0xx_hal_rcc.o(i.HAL_RCC_GetSysClockFreq)
    i.HAL_RCC_OscConfig                      0x08000720   Section        0  stm32l0xx_hal_rcc.o(i.HAL_RCC_OscConfig)
    i.HAL_SYSTICK_Config                     0x08000ae4   Section        0  stm32l0xx_hal_cortex.o(i.HAL_SYSTICK_Config)
    i.HAL_TSC_Init                           0x08000b14   Section        0  stm32l0xx_hal_tsc.o(i.HAL_TSC_Init)
    i.HAL_TSC_MspInit                        0x08000bb6   Section        0  stm32l0xx_hal_tsc.o(i.HAL_TSC_MspInit)
    i.HardFault_Handler                      0x08000bb8   Section        0  stm32l0xx_it.o(i.HardFault_Handler)
    i.MyLinRots_ErrorStateProcess            0x08000bba   Section        0  tsl_user.o(i.MyLinRots_ErrorStateProcess)
    i.MyLinRots_OffStateProcess              0x08000bbc   Section        0  tsl_user.o(i.MyLinRots_OffStateProcess)
    i.NMI_Handler                            0x08000bbe   Section        0  stm32l0xx_it.o(i.NMI_Handler)
    i.NVIC_SetPriority                       0x08000bc0   Section        0  stm32l0xx_hal_cortex.o(i.NVIC_SetPriority)
    NVIC_SetPriority                         0x08000bc1   Thumb Code    60  stm32l0xx_hal_cortex.o(i.NVIC_SetPriority)
    i.PendSV_Handler                         0x08000c04   Section        0  stm32l0xx_it.o(i.PendSV_Handler)
    i.Process_Sensors                        0x08000c08   Section        0  main.o(i.Process_Sensors)
    i.SVC_Handler                            0x08000c2c   Section        0  stm32l0xx_it.o(i.SVC_Handler)
    i.SoftDelay                              0x08000c2e   Section        0  tsl_acq_tsc.o(i.SoftDelay)
    SoftDelay                                0x08000c2f   Thumb Code    10  tsl_acq_tsc.o(i.SoftDelay)
    i.SysTick_Handler                        0x08000c38   Section        0  stm32l0xx_it.o(i.SysTick_Handler)
    i.SystemInit                             0x08000c48   Section        0  system_stm32l0xx.o(i.SystemInit)
    i.TSC_extract_groups                     0x08000c9c   Section        0  stm32l0xx_hal_tsc.o(i.TSC_extract_groups)
    TSC_extract_groups                       0x08000c9d   Thumb Code    36  stm32l0xx_hal_tsc.o(i.TSC_extract_groups)
    i.TSL_Init                               0x08000cc0   Section        0  tsl.o(i.TSL_Init)
    i.TSL_acq_BankConfig                     0x08000cf0   Section        0  tsl_acq_tsc.o(i.TSL_acq_BankConfig)
    i.TSL_acq_BankGetResult                  0x08000d54   Section        0  tsl_acq.o(i.TSL_acq_BankGetResult)
    i.TSL_acq_BankStartAcq                   0x08000e80   Section        0  tsl_acq_tsc.o(i.TSL_acq_BankStartAcq)
    i.TSL_acq_BankWaitEOC                    0x08000eb0   Section        0  tsl_acq_tsc.o(i.TSL_acq_BankWaitEOC)
    i.TSL_acq_CheckNoise                     0x08000ed4   Section        0  tsl_acq_tsc.o(i.TSL_acq_CheckNoise)
    i.TSL_acq_ComputeDelta                   0x08000ed8   Section        0  tsl_acq_tsc.o(i.TSL_acq_ComputeDelta)
    i.TSL_acq_ComputeMeas                    0x08000ede   Section        0  tsl_acq_tsc.o(i.TSL_acq_ComputeMeas)
    i.TSL_acq_GetMeas                        0x08000ee4   Section        0  tsl_acq_tsc.o(i.TSL_acq_GetMeas)
    i.TSL_acq_TestFirstReferenceIsValid      0x08000efc   Section        0  tsl_acq_tsc.o(i.TSL_acq_TestFirstReferenceIsValid)
    i.TSL_acq_TestReferenceOutOfRange        0x08000f00   Section        0  tsl_acq_tsc.o(i.TSL_acq_TestReferenceOutOfRange)
    i.TSL_acq_UseFilter                      0x08000f04   Section        0  tsl_acq_tsc.o(i.TSL_acq_UseFilter)
    i.TSL_dxs_FirstObj                       0x08000f08   Section        0  tsl_dxs.o(i.TSL_dxs_FirstObj)
    i.TSL_ecs_CalcK                          0x08000f0c   Section        0  tsl_ecs.o(i.TSL_ecs_CalcK)
    i.TSL_ecs_Process                        0x08000fb8   Section        0  tsl_ecs.o(i.TSL_ecs_Process)
    i.TSL_ecs_ProcessK                       0x08001038   Section        0  tsl_ecs.o(i.TSL_ecs_ProcessK)
    i.TSL_linrot_CalcPos                     0x080010f8   Section        0  tsl_linrot.o(i.TSL_linrot_CalcPos)
    i.TSL_linrot_CalibrationStateProcess     0x0800138c   Section        0  tsl_linrot.o(i.TSL_linrot_CalibrationStateProcess)
    i.TSL_linrot_DTOGetTime                  0x08001454   Section        0  tsl_linrot.o(i.TSL_linrot_DTOGetTime)
    i.TSL_linrot_DebCalibrationStateProcess  0x08001488   Section        0  tsl_linrot.o(i.TSL_linrot_DebCalibrationStateProcess)
    i.TSL_linrot_DebDetectStateProcess       0x080014d0   Section        0  tsl_linrot.o(i.TSL_linrot_DebDetectStateProcess)
    i.TSL_linrot_DebErrorStateProcess        0x08001548   Section        0  tsl_linrot.o(i.TSL_linrot_DebErrorStateProcess)
    i.TSL_linrot_DebProxDetectStateProcess   0x080015b4   Section        0  tsl_linrot.o(i.TSL_linrot_DebProxDetectStateProcess)
    i.TSL_linrot_DebProxStateProcess         0x0800162c   Section        0  tsl_linrot.o(i.TSL_linrot_DebProxStateProcess)
    i.TSL_linrot_DebProxTouchStateProcess    0x080016a4   Section        0  tsl_linrot.o(i.TSL_linrot_DebProxTouchStateProcess)
    i.TSL_linrot_DebReleaseDetectStateProcess 0x0800171c   Section        0  tsl_linrot.o(i.TSL_linrot_DebReleaseDetectStateProcess)
    i.TSL_linrot_DebReleaseProxStateProcess  0x08001778   Section        0  tsl_linrot.o(i.TSL_linrot_DebReleaseProxStateProcess)
    i.TSL_linrot_DebReleaseTouchStateProcess 0x080017c0   Section        0  tsl_linrot.o(i.TSL_linrot_DebReleaseTouchStateProcess)
    i.TSL_linrot_DetectStateProcess          0x0800181c   Section        0  tsl_linrot.o(i.TSL_linrot_DetectStateProcess)
    i.TSL_linrot_GetStateMask                0x080018ec   Section        0  tsl_linrot.o(i.TSL_linrot_GetStateMask)
    i.TSL_linrot_Init                        0x08001910   Section        0  tsl_linrot.o(i.TSL_linrot_Init)
    i.TSL_linrot_Process                     0x08001980   Section        0  tsl_linrot.o(i.TSL_linrot_Process)
    i.TSL_linrot_ProcessCh_All_ClearRef      0x080019d0   Section        0  tsl_linrot.o(i.TSL_linrot_ProcessCh_All_ClearRef)
    i.TSL_linrot_ProcessCh_All_DeltaBelowEqu 0x080019f8   Section        0  tsl_linrot.o(i.TSL_linrot_ProcessCh_All_DeltaBelowEqu)
    i.TSL_linrot_ProcessCh_All_SetStatus     0x08001a24   Section        0  tsl_linrot.o(i.TSL_linrot_ProcessCh_All_SetStatus)
    i.TSL_linrot_ProcessCh_One_AcqStatusError 0x08001a54   Section        0  tsl_linrot.o(i.TSL_linrot_ProcessCh_One_AcqStatusError)
    i.TSL_linrot_ProcessCh_One_DataReady     0x08001a80   Section        0  tsl_linrot.o(i.TSL_linrot_ProcessCh_One_DataReady)
    i.TSL_linrot_ProcessCh_One_DeltaAbove    0x08001ab0   Section        0  tsl_linrot.o(i.TSL_linrot_ProcessCh_One_DeltaAbove)
    i.TSL_linrot_ProcessCh_One_DeltaAboveEqu 0x08001adc   Section        0  tsl_linrot.o(i.TSL_linrot_ProcessCh_One_DeltaAboveEqu)
    i.TSL_linrot_ProcessCh_One_DeltaBelowEquMinus 0x08001b08   Section        0  tsl_linrot.o(i.TSL_linrot_ProcessCh_One_DeltaBelowEquMinus)
    i.TSL_linrot_ProxStateProcess            0x08001b38   Section        0  tsl_linrot.o(i.TSL_linrot_ProxStateProcess)
    i.TSL_linrot_ReleaseStateProcess         0x08001be8   Section        0  tsl_linrot.o(i.TSL_linrot_ReleaseStateProcess)
    i.TSL_linrot_SetStateCalibration         0x08001c98   Section        0  tsl_linrot.o(i.TSL_linrot_SetStateCalibration)
    i.TSL_linrot_TouchStateProcess           0x08001cf4   Section        0  tsl_linrot.o(i.TSL_linrot_TouchStateProcess)
    i.TSL_obj_GroupInit                      0x08001dc4   Section        0  tsl_object.o(i.TSL_obj_GroupInit)
    i.TSL_obj_GroupProcess                   0x08001e20   Section        0  tsl_object.o(i.TSL_obj_GroupProcess)
    i.TSL_obj_SetGlobalObj                   0x08001e7c   Section        0  tsl_object.o(i.TSL_obj_SetGlobalObj)
    i.TSL_tim_CheckDelay_ms                  0x08001e9c   Section        0  tsl_time.o(i.TSL_tim_CheckDelay_ms)
    i.TSL_tim_CheckDelay_sec                 0x08001ef4   Section        0  tsl_time.o(i.TSL_tim_CheckDelay_sec)
    i.TSL_tim_ProcessIT                      0x08001f4c   Section        0  tsl_time.o(i.TSL_tim_ProcessIT)
    i.User_Tick_Management                   0x08001f84   Section        0  main.o(i.User_Tick_Management)
    i.__scatterload_copy                     0x08001ff8   Section       14  handlers.o(i.__scatterload_copy)
    i.__scatterload_null                     0x08002006   Section        2  handlers.o(i.__scatterload_null)
    i.__scatterload_zeroinit                 0x08002008   Section       14  handlers.o(i.__scatterload_zeroinit)
    i.main                                   0x08002018   Section        0  main.o(i.main)
    i.tsl_user_Exec                          0x080020dc   Section        0  tsl_user.o(i.tsl_user_Exec)
    i.tsl_user_Init                          0x08002158   Section        0  tsl_user.o(i.tsl_user_Init)
    .constdata                               0x08002170   Section       28  stm32l0xx_hal_rcc.o(.constdata)
    .constdata                               0x0800218c   Section       36  tsl_user.o(.constdata)
    .constdata                               0x080021b0   Section        6  tsl_user.o(.constdata)
    .constdata                               0x080021b8   Section       24  tsl_user.o(.constdata)
    .constdata                               0x080021d0   Section      160  tsl_user.o(.constdata)
    .constdata                               0x08002270   Section       12  tsl_user.o(.constdata)
    .constdata                               0x0800227c   Section        6  tsl_user.o(.constdata)
    .constdata                               0x08002284   Section       36  tsl_user.o(.constdata)
    .constdata                               0x080022a8   Section        8  tsl_user.o(.constdata)
    .constdata                               0x080022b0   Section       18  tsl_linrot.o(.constdata)
    .constdata                               0x080022c2   Section        8  stm32l0538_discovery.o(.constdata)
    .data                                    0x20000000   Section       29  system_stm32l0xx.o(.data)
    .data                                    0x20000020   Section        4  stm32l0xx_hal.o(.data)
    uwTick                                   0x20000020   Data           4  stm32l0xx_hal.o(.data)
    .data                                    0x20000024   Section       25  stm32l0xx_hal_rcc.o(.data)
    PLLMulTable                              0x20000024   Data           9  stm32l0xx_hal_rcc.o(.data)
    APBAHBPrescTable                         0x2000002d   Data          16  stm32l0xx_hal_rcc.o(.data)
    .data                                    0x20000040   Section       16  main.o(.data)
    tempo_50ms                               0x20000040   Data           4  main.o(.data)
    tempo_100ms                              0x20000044   Data           4  main.o(.data)
    tempo_200ms                              0x20000048   Data           4  main.o(.data)
    tempo_500ms                              0x2000004c   Data           4  main.o(.data)
    .data                                    0x20000050   Section       28  tsl_user.o(.data)
    idx_bank                                 0x20000054   Data           4  tsl_user.o(.data)
    config_done                              0x20000058   Data           4  tsl_user.o(.data)
    .data                                    0x2000006c   Section       16  tsl_user.o(.data)
    .data                                    0x2000007c   Section        8  tsl_user.o(.data)
    .data                                    0x20000084   Section       10  tsl_linrot.o(.data)
    index1                                   0x20000084   Data           1  tsl_linrot.o(.data)
    index2                                   0x20000085   Data           1  tsl_linrot.o(.data)
    delta1                                   0x20000086   Data           2  tsl_linrot.o(.data)
    delta2                                   0x20000088   Data           2  tsl_linrot.o(.data)
    delta3                                   0x2000008a   Data           2  tsl_linrot.o(.data)
    CalibDiv                                 0x2000008c   Data           2  tsl_linrot.o(.data)
    .data                                    0x2000008e   Section        2  tsl_time.o(.data)
    count_1s                                 0x2000008e   Data           2  tsl_time.o(.data)
    .data                                    0x20000090   Section       12  stm32l0538_discovery.o(.data)
    .bss                                     0x2000009c   Section       64  main.o(.bss)
    .bss                                     0x200000dc   Section       36  tsl_user.o(.bss)
    .bss                                     0x20000100   Section       13  tsl_user.o(.bss)
    .bss                                     0x20000110   Section       24  tsl_globals.o(.bss)
    STACK                                    0x20000128   Section     1024  startup_stm32l053xx.o(STACK)

    Global Symbols

    Symbol Name                              Value     Ov Type        Size  Object(Section)

    BuildAttributes$$THM_ISAv3M$S$PE$A:L22$X:L11$S22$IEEE1$IW$USESV6$~STKCKD$USESV7$~SHL$OSPACE$EBA8$MICROLIB$REQ8$PRES8$EABIv2 0x00000000   Number         0  anon$$obj.o ABSOLUTE
    __ARM_use_no_argv                        0x00000000   Number         0  main.o ABSOLUTE
    __cpp_initialize__aeabi_                  - Undefined Weak Reference
    __cxa_finalize                            - Undefined Weak Reference
    __decompress                              - Undefined Weak Reference
    _clock_init                               - Undefined Weak Reference
    _microlib_exit                            - Undefined Weak Reference
    __Vectors_Size                           0x000000c0   Number         0  startup_stm32l053xx.o ABSOLUTE
    __Vectors                                0x08000000   Data           4  startup_stm32l053xx.o(RESET)
    __Vectors_End                            0x080000c0   Data           0  startup_stm32l053xx.o(RESET)
    __main                                   0x080000c1   Thumb Code     0  entry.o(.ARM.Collect$$$$00000000)
    _main_stk                                0x080000c1   Thumb Code     0  entry2.o(.ARM.Collect$$$$00000001)
    _main_scatterload                        0x080000c5   Thumb Code     0  entry5.o(.ARM.Collect$$$$00000004)
    __main_after_scatterload                 0x080000c9   Thumb Code     0  entry5.o(.ARM.Collect$$$$00000004)
    _main_clock                              0x080000c9   Thumb Code     0  entry7b.o(.ARM.Collect$$$$00000008)
    _main_cpp_init                           0x080000c9   Thumb Code     0  entry8b.o(.ARM.Collect$$$$0000000A)
    _main_init                               0x080000c9   Thumb Code     0  entry9a.o(.ARM.Collect$$$$0000000B)
    __rt_final_cpp                           0x080000d1   Thumb Code     0  entry10a.o(.ARM.Collect$$$$0000000D)
    __rt_final_exit                          0x080000d1   Thumb Code     0  entry11a.o(.ARM.Collect$$$$0000000F)
    Reset_Handler                            0x080000d5   Thumb Code     8  startup_stm32l053xx.o(.text)
    ADC1_COMP_IRQHandler                     0x080000e9   Thumb Code     0  startup_stm32l053xx.o(.text)
    DMA1_Channel1_IRQHandler                 0x080000e9   Thumb Code     0  startup_stm32l053xx.o(.text)
    DMA1_Channel2_3_IRQHandler               0x080000e9   Thumb Code     0  startup_stm32l053xx.o(.text)
    DMA1_Channel4_5_6_7_IRQHandler           0x080000e9   Thumb Code     0  startup_stm32l053xx.o(.text)
    EXTI0_1_IRQHandler                       0x080000e9   Thumb Code     0  startup_stm32l053xx.o(.text)
    EXTI2_3_IRQHandler                       0x080000e9   Thumb Code     0  startup_stm32l053xx.o(.text)
    EXTI4_15_IRQHandler                      0x080000e9   Thumb Code     0  startup_stm32l053xx.o(.text)
    FLASH_IRQHandler                         0x080000e9   Thumb Code     0  startup_stm32l053xx.o(.text)
    I2C1_IRQHandler                          0x080000e9   Thumb Code     0  startup_stm32l053xx.o(.text)
    I2C2_IRQHandler                          0x080000e9   Thumb Code     0  startup_stm32l053xx.o(.text)
    LCD_IRQHandler                           0x080000e9   Thumb Code     0  startup_stm32l053xx.o(.text)
    LPTIM1_IRQHandler                        0x080000e9   Thumb Code     0  startup_stm32l053xx.o(.text)
    PVD_IRQHandler                           0x080000e9   Thumb Code     0  startup_stm32l053xx.o(.text)
    RCC_CRS_IRQHandler                       0x080000e9   Thumb Code     0  startup_stm32l053xx.o(.text)
    RNG_LPUART1_IRQHandler                   0x080000e9   Thumb Code     0  startup_stm32l053xx.o(.text)
    RTC_IRQHandler                           0x080000e9   Thumb Code     0  startup_stm32l053xx.o(.text)
    SPI1_IRQHandler                          0x080000e9   Thumb Code     0  startup_stm32l053xx.o(.text)
    SPI2_IRQHandler                          0x080000e9   Thumb Code     0  startup_stm32l053xx.o(.text)
    TIM21_IRQHandler                         0x080000e9   Thumb Code     0  startup_stm32l053xx.o(.text)
    TIM22_IRQHandler                         0x080000e9   Thumb Code     0  startup_stm32l053xx.o(.text)
    TIM2_IRQHandler                          0x080000e9   Thumb Code     0  startup_stm32l053xx.o(.text)
    TIM6_DAC_IRQHandler                      0x080000e9   Thumb Code     0  startup_stm32l053xx.o(.text)
    TSC_IRQHandler                           0x080000e9   Thumb Code     0  startup_stm32l053xx.o(.text)
    USART1_IRQHandler                        0x080000e9   Thumb Code     0  startup_stm32l053xx.o(.text)
    USART2_IRQHandler                        0x080000e9   Thumb Code     0  startup_stm32l053xx.o(.text)
    USB_IRQHandler                           0x080000e9   Thumb Code     0  startup_stm32l053xx.o(.text)
    WWDG_IRQHandler                          0x080000e9   Thumb Code     0  startup_stm32l053xx.o(.text)
    __aeabi_uidiv                            0x080000f5   Thumb Code     0  uidiv.o(.text)
    __aeabi_uidivmod                         0x080000f5   Thumb Code    44  uidiv.o(.text)
    __scatterload                            0x08000121   Thumb Code    28  init.o(.text)
    __scatterload_rt2                        0x08000121   Thumb Code     0  init.o(.text)
    BSP_LED_Init                             0x08000145   Thumb Code    64  stm32l0538_discovery.o(i.BSP_LED_Init)
    BSP_LED_Off                              0x08000191   Thumb Code    22  stm32l0538_discovery.o(i.BSP_LED_Off)
    BSP_LED_On                               0x080001b1   Thumb Code    22  stm32l0538_discovery.o(i.BSP_LED_On)
    BSP_LED_Toggle                           0x080001d1   Thumb Code    20  stm32l0538_discovery.o(i.BSP_LED_Toggle)
    DebugMon_Handler                         0x080001ed   Thumb Code     2  stm32l0xx_it.o(i.DebugMon_Handler)
    HAL_GPIO_Init                            0x080001f1   Thumb Code   342  stm32l0xx_hal_gpio.o(i.HAL_GPIO_Init)
    HAL_GPIO_TogglePin                       0x08000365   Thumb Code     8  stm32l0xx_hal_gpio.o(i.HAL_GPIO_TogglePin)
    HAL_GPIO_WritePin                        0x0800036d   Thumb Code    12  stm32l0xx_hal_gpio.o(i.HAL_GPIO_WritePin)
    HAL_GetTick                              0x08000379   Thumb Code     6  stm32l0xx_hal.o(i.HAL_GetTick)
    HAL_IncTick                              0x08000385   Thumb Code    10  stm32l0xx_hal.o(i.HAL_IncTick)
    HAL_Init                                 0x08000395   Thumb Code    34  stm32l0xx_hal.o(i.HAL_Init)
    HAL_InitTick                             0x080003bd   Thumb Code    34  stm32l0xx_hal.o(i.HAL_InitTick)
    HAL_MspInit                              0x080003e1   Thumb Code   140  stm32l0xx_hal_msp.o(i.HAL_MspInit)
    HAL_NVIC_SetPriority                     0x08000475   Thumb Code     8  stm32l0xx_hal_cortex.o(i.HAL_NVIC_SetPriority)
    HAL_RCC_ClockConfig                      0x0800047d   Thumb Code   502  stm32l0xx_hal_rcc.o(i.HAL_RCC_ClockConfig)
    HAL_RCC_GetHCLKFreq                      0x08000681   Thumb Code    26  stm32l0xx_hal_rcc.o(i.HAL_RCC_GetHCLKFreq)
    HAL_RCC_GetSysClockFreq                  0x080006a9   Thumb Code    96  stm32l0xx_hal_rcc.o(i.HAL_RCC_GetSysClockFreq)
    HAL_RCC_OscConfig                        0x08000721   Thumb Code   936  stm32l0xx_hal_rcc.o(i.HAL_RCC_OscConfig)
    HAL_SYSTICK_Config                       0x08000ae5   Thumb Code    38  stm32l0xx_hal_cortex.o(i.HAL_SYSTICK_Config)
    HAL_TSC_Init                             0x08000b15   Thumb Code   162  stm32l0xx_hal_tsc.o(i.HAL_TSC_Init)
    HAL_TSC_MspInit                          0x08000bb7   Thumb Code     2  stm32l0xx_hal_tsc.o(i.HAL_TSC_MspInit)
    HardFault_Handler                        0x08000bb9   Thumb Code     2  stm32l0xx_it.o(i.HardFault_Handler)
    MyLinRots_ErrorStateProcess              0x08000bbb   Thumb Code     2  tsl_user.o(i.MyLinRots_ErrorStateProcess)
    MyLinRots_OffStateProcess                0x08000bbd   Thumb Code     2  tsl_user.o(i.MyLinRots_OffStateProcess)
    NMI_Handler                              0x08000bbf   Thumb Code     2  stm32l0xx_it.o(i.NMI_Handler)
    PendSV_Handler                           0x08000c05   Thumb Code     2  stm32l0xx_it.o(i.PendSV_Handler)
    Process_Sensors                          0x08000c09   Thumb Code    32  main.o(i.Process_Sensors)
    SVC_Handler                              0x08000c2d   Thumb Code     2  stm32l0xx_it.o(i.SVC_Handler)
    SysTick_Handler                          0x08000c39   Thumb Code    16  stm32l0xx_it.o(i.SysTick_Handler)
    SystemInit                               0x08000c49   Thumb Code    66  system_stm32l0xx.o(i.SystemInit)
    TSL_Init                                 0x08000cc1   Thumb Code    34  tsl.o(i.TSL_Init)
    TSL_acq_BankConfig                       0x08000cf1   Thumb Code    90  tsl_acq_tsc.o(i.TSL_acq_BankConfig)
    TSL_acq_BankGetResult                    0x08000d55   Thumb Code   290  tsl_acq.o(i.TSL_acq_BankGetResult)
    TSL_acq_BankStartAcq                     0x08000e81   Thumb Code    38  tsl_acq_tsc.o(i.TSL_acq_BankStartAcq)
    TSL_acq_BankWaitEOC                      0x08000eb1   Thumb Code    32  tsl_acq_tsc.o(i.TSL_acq_BankWaitEOC)
    TSL_acq_CheckNoise                       0x08000ed5   Thumb Code     4  tsl_acq_tsc.o(i.TSL_acq_CheckNoise)
    TSL_acq_ComputeDelta                     0x08000ed9   Thumb Code     6  tsl_acq_tsc.o(i.TSL_acq_ComputeDelta)
    TSL_acq_ComputeMeas                      0x08000edf   Thumb Code     6  tsl_acq_tsc.o(i.TSL_acq_ComputeMeas)
    TSL_acq_GetMeas                          0x08000ee5   Thumb Code    20  tsl_acq_tsc.o(i.TSL_acq_GetMeas)
    TSL_acq_TestFirstReferenceIsValid        0x08000efd   Thumb Code     4  tsl_acq_tsc.o(i.TSL_acq_TestFirstReferenceIsValid)
    TSL_acq_TestReferenceOutOfRange          0x08000f01   Thumb Code     4  tsl_acq_tsc.o(i.TSL_acq_TestReferenceOutOfRange)
    TSL_acq_UseFilter                        0x08000f05   Thumb Code     4  tsl_acq_tsc.o(i.TSL_acq_UseFilter)
    TSL_dxs_FirstObj                         0x08000f09   Thumb Code     2  tsl_dxs.o(i.TSL_dxs_FirstObj)
    TSL_ecs_CalcK                            0x08000f0d   Thumb Code   168  tsl_ecs.o(i.TSL_ecs_CalcK)
    TSL_ecs_Process                          0x08000fb9   Thumb Code   120  tsl_ecs.o(i.TSL_ecs_Process)
    TSL_ecs_ProcessK                         0x08001039   Thumb Code   184  tsl_ecs.o(i.TSL_ecs_ProcessK)
    TSL_linrot_CalcPos                       0x080010f9   Thumb Code   644  tsl_linrot.o(i.TSL_linrot_CalcPos)
    TSL_linrot_CalibrationStateProcess       0x0800138d   Thumb Code   186  tsl_linrot.o(i.TSL_linrot_CalibrationStateProcess)
    TSL_linrot_DTOGetTime                    0x08001455   Thumb Code    42  tsl_linrot.o(i.TSL_linrot_DTOGetTime)
    TSL_linrot_DebCalibrationStateProcess    0x08001489   Thumb Code    66  tsl_linrot.o(i.TSL_linrot_DebCalibrationStateProcess)
    TSL_linrot_DebDetectStateProcess         0x080014d1   Thumb Code   116  tsl_linrot.o(i.TSL_linrot_DebDetectStateProcess)
    TSL_linrot_DebErrorStateProcess          0x08001549   Thumb Code   102  tsl_linrot.o(i.TSL_linrot_DebErrorStateProcess)
    TSL_linrot_DebProxDetectStateProcess     0x080015b5   Thumb Code   114  tsl_linrot.o(i.TSL_linrot_DebProxDetectStateProcess)
    TSL_linrot_DebProxStateProcess           0x0800162d   Thumb Code   116  tsl_linrot.o(i.TSL_linrot_DebProxStateProcess)
    TSL_linrot_DebProxTouchStateProcess      0x080016a5   Thumb Code   114  tsl_linrot.o(i.TSL_linrot_DebProxTouchStateProcess)
    TSL_linrot_DebReleaseDetectStateProcess  0x0800171d   Thumb Code    88  tsl_linrot.o(i.TSL_linrot_DebReleaseDetectStateProcess)
    TSL_linrot_DebReleaseProxStateProcess    0x08001779   Thumb Code    68  tsl_linrot.o(i.TSL_linrot_DebReleaseProxStateProcess)
    TSL_linrot_DebReleaseTouchStateProcess   0x080017c1   Thumb Code    88  tsl_linrot.o(i.TSL_linrot_DebReleaseTouchStateProcess)
    TSL_linrot_DetectStateProcess            0x0800181d   Thumb Code   200  tsl_linrot.o(i.TSL_linrot_DetectStateProcess)
    TSL_linrot_GetStateMask                  0x080018ed   Thumb Code    30  tsl_linrot.o(i.TSL_linrot_GetStateMask)
    TSL_linrot_Init                          0x08001911   Thumb Code   106  tsl_linrot.o(i.TSL_linrot_Init)
    TSL_linrot_Process                       0x08001981   Thumb Code    74  tsl_linrot.o(i.TSL_linrot_Process)
    TSL_linrot_ProcessCh_All_ClearRef        0x080019d1   Thumb Code    34  tsl_linrot.o(i.TSL_linrot_ProcessCh_All_ClearRef)
    TSL_linrot_ProcessCh_All_DeltaBelowEqu   0x080019f9   Thumb Code    40  tsl_linrot.o(i.TSL_linrot_ProcessCh_All_DeltaBelowEqu)
    TSL_linrot_ProcessCh_All_SetStatus       0x08001a25   Thumb Code    42  tsl_linrot.o(i.TSL_linrot_ProcessCh_All_SetStatus)
    TSL_linrot_ProcessCh_One_AcqStatusError  0x08001a55   Thumb Code    40  tsl_linrot.o(i.TSL_linrot_ProcessCh_One_AcqStatusError)
    TSL_linrot_ProcessCh_One_DataReady       0x08001a81   Thumb Code    44  tsl_linrot.o(i.TSL_linrot_ProcessCh_One_DataReady)
    TSL_linrot_ProcessCh_One_DeltaAbove      0x08001ab1   Thumb Code    40  tsl_linrot.o(i.TSL_linrot_ProcessCh_One_DeltaAbove)
    TSL_linrot_ProcessCh_One_DeltaAboveEqu   0x08001add   Thumb Code    40  tsl_linrot.o(i.TSL_linrot_ProcessCh_One_DeltaAboveEqu)
    TSL_linrot_ProcessCh_One_DeltaBelowEquMinus 0x08001b09   Thumb Code    42  tsl_linrot.o(i.TSL_linrot_ProcessCh_One_DeltaBelowEquMinus)
    TSL_linrot_ProxStateProcess              0x08001b39   Thumb Code   166  tsl_linrot.o(i.TSL_linrot_ProxStateProcess)
    TSL_linrot_ReleaseStateProcess           0x08001be9   Thumb Code   172  tsl_linrot.o(i.TSL_linrot_ReleaseStateProcess)
    TSL_linrot_SetStateCalibration           0x08001c99   Thumb Code    78  tsl_linrot.o(i.TSL_linrot_SetStateCalibration)
    TSL_linrot_TouchStateProcess             0x08001cf5   Thumb Code   200  tsl_linrot.o(i.TSL_linrot_TouchStateProcess)
    TSL_obj_GroupInit                        0x08001dc5   Thumb Code    88  tsl_object.o(i.TSL_obj_GroupInit)
    TSL_obj_GroupProcess                     0x08001e21   Thumb Code    88  tsl_object.o(i.TSL_obj_GroupProcess)
    TSL_obj_SetGlobalObj                     0x08001e7d   Thumb Code    28  tsl_object.o(i.TSL_obj_SetGlobalObj)
    TSL_tim_CheckDelay_ms                    0x08001e9d   Thumb Code    80  tsl_time.o(i.TSL_tim_CheckDelay_ms)
    TSL_tim_CheckDelay_sec                   0x08001ef5   Thumb Code    78  tsl_time.o(i.TSL_tim_CheckDelay_sec)
    TSL_tim_ProcessIT                        0x08001f4d   Thumb Code    44  tsl_time.o(i.TSL_tim_ProcessIT)
    User_Tick_Management                     0x08001f85   Thumb Code   108  main.o(i.User_Tick_Management)
    __scatterload_copy                       0x08001ff9   Thumb Code    14  handlers.o(i.__scatterload_copy)
    __scatterload_null                       0x08002007   Thumb Code     2  handlers.o(i.__scatterload_null)
    __scatterload_zeroinit                   0x08002009   Thumb Code    14  handlers.o(i.__scatterload_zeroinit)
    main                                     0x08002019   Thumb Code   178  main.o(i.main)
    tsl_user_Exec                            0x080020dd   Thumb Code   118  tsl_user.o(i.tsl_user_Exec)
    tsl_user_Init                            0x08002159   Thumb Code    16  tsl_user.o(i.tsl_user_Init)
    MSIRangeTable                            0x08002170   Data          28  stm32l0xx_hal_rcc.o(.constdata)
    MyChannels_Src                           0x0800218c   Data          36  tsl_user.o(.constdata)
    MyChannels_Dest                          0x080021b0   Data           6  tsl_user.o(.constdata)
    MyBanks                                  0x080021b8   Data          24  tsl_user.o(.constdata)
    MyLinRots_StateMachine                   0x080021d0   Data         160  tsl_user.o(.constdata)
    MyLinRots_Methods                        0x08002270   Data          12  tsl_user.o(.constdata)
    MyLinRot0_DeltaCoeff                     0x0800227c   Data           6  tsl_user.o(.constdata)
    MyLinRots                                0x08002284   Data          36  tsl_user.o(.constdata)
    MyObjects                                0x080022a8   Data           8  tsl_user.o(.constdata)
    TSL_POSOFF_3CH_LIN_H                     0x080022b0   Data          18  tsl_linrot.o(.constdata)
    BUTTON_IRQn                              0x080022c2   Data           1  stm32l0538_discovery.o(.constdata)
    BUTTON_PIN                               0x080022c4   Data           2  stm32l0538_discovery.o(.constdata)
    GPIO_PIN                                 0x080022c6   Data           4  stm32l0538_discovery.o(.constdata)
    Region$$Table$$Base                      0x080022cc   Number         0  anon$$obj.o(Region$$Table)
    Region$$Table$$Limit                     0x080022ec   Number         0  anon$$obj.o(Region$$Table)
    SystemCoreClock                          0x20000000   Data           4  system_stm32l0xx.o(.data)
    AHBPrescTable                            0x20000004   Data          16  system_stm32l0xx.o(.data)
    PLLMulTable                              0x20000014   Data           9  system_stm32l0xx.o(.data)
    ECSLastTick                              0x20000050   Data           2  tsl_user.o(.data)
    MyObjGroup                               0x2000005c   Data          16  tsl_user.o(.data)
    TSL_Params                               0x2000006c   Data          16  tsl_user.o(.data)
    MyLinRots_Data                           0x2000007c   Data           8  tsl_user.o(.data)
    BUTTON_PORT                              0x20000090   Data           4  stm32l0538_discovery.o(.data)
    GPIO_PORT                                0x20000094   Data           8  stm32l0538_discovery.o(.data)
    TscHandle                                0x2000009c   Data          64  main.o(.bss)
    MyChannels_Data                          0x200000dc   Data          36  tsl_user.o(.bss)
    MyLinRots_Param                          0x20000100   Data          13  tsl_user.o(.bss)
    TSL_Globals                              0x20000110   Data          24  tsl_globals.o(.bss)
    __initial_sp                             0x20000528   Data           0  startup_stm32l053xx.o(STACK)



==============================================================================

Memory Map of the image

  Image Entry point : 0x080000c1

  Load Region LR_IROM1 (Base: 0x08000000, Size: 0x00002388, Max: 0x00010000, ABSOLUTE)

    Execution Region ER_IROM1 (Base: 0x08000000, Size: 0x000022ec, Max: 0x00010000, ABSOLUTE)

    Base Addr    Size         Type   Attr      Idx    E Section Name        Object

    0x08000000   0x000000c0   Data   RO         1036    RESET               startup_stm32l053xx.o
    0x080000c0   0x00000000   Code   RO         1947  * .ARM.Collect$$$$00000000  mc_p.l(entry.o)
    0x080000c0   0x00000004   Code   RO         1952    .ARM.Collect$$$$00000001  mc_p.l(entry2.o)
    0x080000c4   0x00000004   Code   RO         1955    .ARM.Collect$$$$00000004  mc_p.l(entry5.o)
    0x080000c8   0x00000000   Code   RO         1957    .ARM.Collect$$$$00000008  mc_p.l(entry7b.o)
    0x080000c8   0x00000000   Code   RO         1959    .ARM.Collect$$$$0000000A  mc_p.l(entry8b.o)
    0x080000c8   0x00000008   Code   RO         1960    .ARM.Collect$$$$0000000B  mc_p.l(entry9a.o)
    0x080000d0   0x00000000   Code   RO         1962    .ARM.Collect$$$$0000000D  mc_p.l(entry10a.o)
    0x080000d0   0x00000000   Code   RO         1964    .ARM.Collect$$$$0000000F  mc_p.l(entry11a.o)
    0x080000d0   0x00000004   Code   RO         1953    .ARM.Collect$$$$00002712  mc_p.l(entry2.o)
    0x080000d4   0x00000020   Code   RO         1037    .text               startup_stm32l053xx.o
    0x080000f4   0x0000002c   Code   RO         1950    .text               mc_p.l(uidiv.o)
    0x08000120   0x00000024   Code   RO         1966    .text               mc_p.l(init.o)
    0x08000144   0x0000004c   Code   RO         1844    i.BSP_LED_Init      stm32l0538_discovery.o
    0x08000190   0x00000020   Code   RO         1845    i.BSP_LED_Off       stm32l0538_discovery.o
    0x080001b0   0x00000020   Code   RO         1846    i.BSP_LED_On        stm32l0538_discovery.o
    0x080001d0   0x0000001c   Code   RO         1847    i.BSP_LED_Toggle    stm32l0538_discovery.o
    0x080001ec   0x00000002   Code   RO         1162    i.DebugMon_Handler  stm32l0xx_it.o
    0x080001ee   0x00000002   PAD
    0x080001f0   0x00000174   Code   RO          390    i.HAL_GPIO_Init     stm32l0xx_hal_gpio.o
    0x08000364   0x00000008   Code   RO          393    i.HAL_GPIO_TogglePin  stm32l0xx_hal_gpio.o
    0x0800036c   0x0000000c   Code   RO          394    i.HAL_GPIO_WritePin  stm32l0xx_hal_gpio.o
    0x08000378   0x0000000c   Code   RO          121    i.HAL_GetTick       stm32l0xx_hal.o
    0x08000384   0x00000010   Code   RO          123    i.HAL_IncTick       stm32l0xx_hal.o
    0x08000394   0x00000028   Code   RO          124    i.HAL_Init          stm32l0xx_hal.o
    0x080003bc   0x00000022   Code   RO          125    i.HAL_InitTick      stm32l0xx_hal.o
    0x080003de   0x00000002   PAD
    0x080003e0   0x00000094   Code   RO         1137    i.HAL_MspInit       stm32l0xx_hal_msp.o
    0x08000474   0x00000008   Code   RO          304    i.HAL_NVIC_SetPriority  stm32l0xx_hal_cortex.o
    0x0800047c   0x00000204   Code   RO          450    i.HAL_RCC_ClockConfig  stm32l0xx_hal_rcc.o
    0x08000680   0x00000028   Code   RO          454    i.HAL_RCC_GetHCLKFreq  stm32l0xx_hal_rcc.o
    0x080006a8   0x00000078   Code   RO          458    i.HAL_RCC_GetSysClockFreq  stm32l0xx_hal_rcc.o
    0x08000720   0x000003c4   Code   RO          461    i.HAL_RCC_OscConfig  stm32l0xx_hal_rcc.o
    0x08000ae4   0x00000030   Code   RO          308    i.HAL_SYSTICK_Config  stm32l0xx_hal_cortex.o
    0x08000b14   0x000000a2   Code   RO          616    i.HAL_TSC_Init      stm32l0xx_hal_tsc.o
    0x08000bb6   0x00000002   Code   RO          618    i.HAL_TSC_MspInit   stm32l0xx_hal_tsc.o
    0x08000bb8   0x00000002   Code   RO         1163    i.HardFault_Handler  stm32l0xx_it.o
    0x08000bba   0x00000002   Code   RO         1239    i.MyLinRots_ErrorStateProcess  tsl_user.o
    0x08000bbc   0x00000002   Code   RO         1240    i.MyLinRots_OffStateProcess  tsl_user.o
    0x08000bbe   0x00000002   Code   RO         1164    i.NMI_Handler       stm32l0xx_it.o
    0x08000bc0   0x00000044   Code   RO          310    i.NVIC_SetPriority  stm32l0xx_hal_cortex.o
    0x08000c04   0x00000002   Code   RO         1165    i.PendSV_Handler    stm32l0xx_it.o
    0x08000c06   0x00000002   PAD
    0x08000c08   0x00000024   Code   RO         1043    i.Process_Sensors   main.o
    0x08000c2c   0x00000002   Code   RO         1166    i.SVC_Handler       stm32l0xx_it.o
    0x08000c2e   0x0000000a   Code   RO         1358    i.SoftDelay         tsl_acq_tsc.o
    0x08000c38   0x00000010   Code   RO         1167    i.SysTick_Handler   stm32l0xx_it.o
    0x08000c48   0x00000054   Code   RO            4    i.SystemInit        system_stm32l0xx.o
    0x08000c9c   0x00000024   Code   RO          624    i.TSC_extract_groups  stm32l0xx_hal_tsc.o
    0x08000cc0   0x00000030   Code   RO         1305    i.TSL_Init          tsl.o
    0x08000cf0   0x00000064   Code   RO         1359    i.TSL_acq_BankConfig  tsl_acq_tsc.o
    0x08000d54   0x0000012c   Code   RO         1327    i.TSL_acq_BankGetResult  tsl_acq.o
    0x08000e80   0x00000030   Code   RO         1360    i.TSL_acq_BankStartAcq  tsl_acq_tsc.o
    0x08000eb0   0x00000024   Code   RO         1361    i.TSL_acq_BankWaitEOC  tsl_acq_tsc.o
    0x08000ed4   0x00000004   Code   RO         1362    i.TSL_acq_CheckNoise  tsl_acq_tsc.o
    0x08000ed8   0x00000006   Code   RO         1363    i.TSL_acq_ComputeDelta  tsl_acq_tsc.o
    0x08000ede   0x00000006   Code   RO         1364    i.TSL_acq_ComputeMeas  tsl_acq_tsc.o
    0x08000ee4   0x00000018   Code   RO         1365    i.TSL_acq_GetMeas   tsl_acq_tsc.o
    0x08000efc   0x00000004   Code   RO         1366    i.TSL_acq_TestFirstReferenceIsValid  tsl_acq_tsc.o
    0x08000f00   0x00000004   Code   RO         1367    i.TSL_acq_TestReferenceOutOfRange  tsl_acq_tsc.o
    0x08000f04   0x00000004   Code   RO         1368    i.TSL_acq_UseFilter  tsl_acq_tsc.o
    0x08000f08   0x00000002   Code   RO         1437    i.TSL_dxs_FirstObj  tsl_dxs.o
    0x08000f0a   0x00000002   PAD
    0x08000f0c   0x000000ac   Code   RO         1457    i.TSL_ecs_CalcK     tsl_ecs.o
    0x08000fb8   0x00000080   Code   RO         1458    i.TSL_ecs_Process   tsl_ecs.o
    0x08001038   0x000000c0   Code   RO         1459    i.TSL_ecs_ProcessK  tsl_ecs.o
    0x080010f8   0x00000294   Code   RO         1536    i.TSL_linrot_CalcPos  tsl_linrot.o
    0x0800138c   0x000000c8   Code   RO         1537    i.TSL_linrot_CalibrationStateProcess  tsl_linrot.o
    0x08001454   0x00000034   Code   RO         1538    i.TSL_linrot_DTOGetTime  tsl_linrot.o
    0x08001488   0x00000048   Code   RO         1539    i.TSL_linrot_DebCalibrationStateProcess  tsl_linrot.o
    0x080014d0   0x00000078   Code   RO         1540    i.TSL_linrot_DebDetectStateProcess  tsl_linrot.o
    0x08001548   0x0000006c   Code   RO         1541    i.TSL_linrot_DebErrorStateProcess  tsl_linrot.o
    0x080015b4   0x00000078   Code   RO         1542    i.TSL_linrot_DebProxDetectStateProcess  tsl_linrot.o
    0x0800162c   0x00000078   Code   RO         1543    i.TSL_linrot_DebProxStateProcess  tsl_linrot.o
    0x080016a4   0x00000078   Code   RO         1544    i.TSL_linrot_DebProxTouchStateProcess  tsl_linrot.o
    0x0800171c   0x0000005c   Code   RO         1545    i.TSL_linrot_DebReleaseDetectStateProcess  tsl_linrot.o
    0x08001778   0x00000048   Code   RO         1546    i.TSL_linrot_DebReleaseProxStateProcess  tsl_linrot.o
    0x080017c0   0x0000005c   Code   RO         1547    i.TSL_linrot_DebReleaseTouchStateProcess  tsl_linrot.o
    0x0800181c   0x000000d0   Code   RO         1548    i.TSL_linrot_DetectStateProcess  tsl_linrot.o
    0x080018ec   0x00000024   Code   RO         1550    i.TSL_linrot_GetStateMask  tsl_linrot.o
    0x08001910   0x00000070   Code   RO         1551    i.TSL_linrot_Init   tsl_linrot.o
    0x08001980   0x00000050   Code   RO         1554    i.TSL_linrot_Process  tsl_linrot.o
    0x080019d0   0x00000028   Code   RO         1556    i.TSL_linrot_ProcessCh_All_ClearRef  tsl_linrot.o
    0x080019f8   0x0000002c   Code   RO         1557    i.TSL_linrot_ProcessCh_All_DeltaBelowEqu  tsl_linrot.o
    0x08001a24   0x00000030   Code   RO         1558    i.TSL_linrot_ProcessCh_All_SetStatus  tsl_linrot.o
    0x08001a54   0x0000002c   Code   RO         1559    i.TSL_linrot_ProcessCh_One_AcqStatusError  tsl_linrot.o
    0x08001a80   0x00000030   Code   RO         1560    i.TSL_linrot_ProcessCh_One_DataReady  tsl_linrot.o
    0x08001ab0   0x0000002c   Code   RO         1561    i.TSL_linrot_ProcessCh_One_DeltaAbove  tsl_linrot.o
    0x08001adc   0x0000002c   Code   RO         1562    i.TSL_linrot_ProcessCh_One_DeltaAboveEqu  tsl_linrot.o
    0x08001b08   0x00000030   Code   RO         1563    i.TSL_linrot_ProcessCh_One_DeltaBelowEquMinus  tsl_linrot.o
    0x08001b38   0x000000b0   Code   RO         1564    i.TSL_linrot_ProxStateProcess  tsl_linrot.o
    0x08001be8   0x000000b0   Code   RO         1565    i.TSL_linrot_ReleaseStateProcess  tsl_linrot.o
    0x08001c98   0x0000005c   Code   RO         1567    i.TSL_linrot_SetStateCalibration  tsl_linrot.o
    0x08001cf4   0x000000d0   Code   RO         1569    i.TSL_linrot_TouchStateProcess  tsl_linrot.o
    0x08001dc4   0x0000005c   Code   RO         1764    i.TSL_obj_GroupInit  tsl_object.o
    0x08001e20   0x0000005c   Code   RO         1765    i.TSL_obj_GroupProcess  tsl_object.o
    0x08001e7c   0x00000020   Code   RO         1766    i.TSL_obj_SetGlobalObj  tsl_object.o
    0x08001e9c   0x00000058   Code   RO         1796    i.TSL_tim_CheckDelay_ms  tsl_time.o
    0x08001ef4   0x00000058   Code   RO         1797    i.TSL_tim_CheckDelay_sec  tsl_time.o
    0x08001f4c   0x00000038   Code   RO         1798    i.TSL_tim_ProcessIT  tsl_time.o
    0x08001f84   0x00000074   Code   RO         1044    i.User_Tick_Management  main.o
    0x08001ff8   0x0000000e   Code   RO         1970    i.__scatterload_copy  mc_p.l(handlers.o)
    0x08002006   0x00000002   Code   RO         1971    i.__scatterload_null  mc_p.l(handlers.o)
    0x08002008   0x0000000e   Code   RO         1972    i.__scatterload_zeroinit  mc_p.l(handlers.o)
    0x08002016   0x00000002   PAD
    0x08002018   0x000000c4   Code   RO         1045    i.main              main.o
    0x080020dc   0x0000007c   Code   RO         1241    i.tsl_user_Exec     tsl_user.o
    0x08002158   0x00000018   Code   RO         1242    i.tsl_user_Init     tsl_user.o
    0x08002170   0x0000001c   Data   RO          462    .constdata          stm32l0xx_hal_rcc.o
    0x0800218c   0x00000024   Data   RO         1246    .constdata          tsl_user.o
    0x080021b0   0x00000006   Data   RO         1247    .constdata          tsl_user.o
    0x080021b6   0x00000002   PAD
    0x080021b8   0x00000018   Data   RO         1248    .constdata          tsl_user.o
    0x080021d0   0x000000a0   Data   RO         1249    .constdata          tsl_user.o
    0x08002270   0x0000000c   Data   RO         1250    .constdata          tsl_user.o
    0x0800227c   0x00000006   Data   RO         1251    .constdata          tsl_user.o
    0x08002282   0x00000002   PAD
    0x08002284   0x00000024   Data   RO         1252    .constdata          tsl_user.o
    0x080022a8   0x00000008   Data   RO         1253    .constdata          tsl_user.o
    0x080022b0   0x00000012   Data   RO         1570    .constdata          tsl_linrot.o
    0x080022c2   0x00000008   Data   RO         1859    .constdata          stm32l0538_discovery.o
    0x080022ca   0x00000002   PAD
    0x080022cc   0x00000020   Data   RO         1968    Region$$Table       anon$$obj.o


    Execution Region RW_IRAM1 (Base: 0x20000000, Size: 0x00000528, Max: 0x00002000, ABSOLUTE)

    Base Addr    Size         Type   Attr      Idx    E Section Name        Object

    0x20000000   0x0000001d   Data   RW            5    .data               system_stm32l0xx.o
    0x2000001d   0x00000003   PAD
    0x20000020   0x00000004   Data   RW          134    .data               stm32l0xx_hal.o
    0x20000024   0x00000019   Data   RW          463    .data               stm32l0xx_hal_rcc.o
    0x2000003d   0x00000003   PAD
    0x20000040   0x00000010   Data   RW         1047    .data               main.o
    0x20000050   0x0000001c   Data   RW         1254    .data               tsl_user.o
    0x2000006c   0x00000010   Data   RW         1255    .data               tsl_user.o
    0x2000007c   0x00000008   Data   RW         1256    .data               tsl_user.o
    0x20000084   0x0000000a   Data   RW         1571    .data               tsl_linrot.o
    0x2000008e   0x00000002   Data   RW         1799    .data               tsl_time.o
    0x20000090   0x0000000c   Data   RW         1860    .data               stm32l0538_discovery.o
    0x2000009c   0x00000040   Zero   RW         1046    .bss                main.o
    0x200000dc   0x00000024   Zero   RW         1244    .bss                tsl_user.o
    0x20000100   0x0000000d   Zero   RW         1245    .bss                tsl_user.o
    0x2000010d   0x00000003   PAD
    0x20000110   0x00000018   Zero   RW         1515    .bss                tsl_globals.o
    0x20000128   0x00000400   Zero   RW         1034    STACK               startup_stm32l053xx.o


==============================================================================

Image component sizes


      Code (inc. data)   RO Data    RW Data    ZI Data      Debug   Object Name

       348         30          0         16         64      18132   main.o
        32         10        192          0       1024        728   startup_stm32l053xx.o
       168         40          8         12          0       4611   stm32l0538_discovery.o
       102         18          0          4          0       3738   stm32l0xx_hal.o
       124         18          0          0          0       9612   stm32l0xx_hal_cortex.o
       392         30          0          0          0       3849   stm32l0xx_hal_gpio.o
       148          8          0          0          0        682   stm32l0xx_hal_msp.o
      1640         80         28         25          0       5958   stm32l0xx_hal_rcc.o
       200          0          0          0          0       2733   stm32l0xx_hal_tsc.o
        26          0          0          0          0       3034   stm32l0xx_it.o
        84         18          0         29          0     169409   system_stm32l0xx.o
        48         14          0          0          0       1207   tsl.o
       300         10          0          0          0       2140   tsl_acq.o
       246         28          0          0          0       8600   tsl_acq_tsc.o
         2          0          0          0          0       1643   tsl_dxs.o
       492         20          0          0          0       5201   tsl_ecs.o
         0          0          0          0         24       1251   tsl_globals.o
      3276        184         18         10          0      26601   tsl_linrot.o
       216         12          0          0          0       3230   tsl_object.o
       232         30          0          2          0       3113   tsl_time.o
       152         14        288         52         49       5921   tsl_user.o

    ----------------------------------------------------------------------
      8236        564        572        156       1164     281393   Object Totals
         0          0         32          0          0          0   (incl. Generated)
         8          0          6          6          3          0   (incl. Padding)

    ----------------------------------------------------------------------

      Code (inc. data)   RO Data    RW Data    ZI Data      Debug   Library Member Name

         0          0          0          0          0          0   entry.o
         0          0          0          0          0          0   entry10a.o
         0          0          0          0          0          0   entry11a.o
         8          4          0          0          0          0   entry2.o
         4          0          0          0          0          0   entry5.o
         0          0          0          0          0          0   entry7b.o
         0          0          0          0          0          0   entry8b.o
         8          4          0          0          0          0   entry9a.o
        30          0          0          0          0          0   handlers.o
        36          8          0          0          0         68   init.o
        44          0          0          0          0         72   uidiv.o

    ----------------------------------------------------------------------
       132         16          0          0          0        140   Library Totals
         2          0          0          0          0          0   (incl. Padding)

    ----------------------------------------------------------------------

      Code (inc. data)   RO Data    RW Data    ZI Data      Debug   Library Name

       130         16          0          0          0        140   mc_p.l

    ----------------------------------------------------------------------
       132         16          0          0          0        140   Library Totals

    ----------------------------------------------------------------------

==============================================================================


      Code (inc. data)   RO Data    RW Data    ZI Data      Debug   

      8368        580        572        156       1164     278077   Grand Totals
      8368        580        572        156       1164     278077   ELF Image Totals
      8368        580        572        156          0          0   ROM Totals

==============================================================================

    Total RO  Size (Code + RO Data)                 8940 (   8.73kB)
    Total RW  Size (RW Data + ZI Data)              1320 (   1.29kB)
    Total ROM Size (Code + RO Data + RW Data)       9096 (   8.88kB)

==============================================================================

